85.208.98.194 - - [27/Nov/2025:00:49:41 +0000] "GET /featured-listings/160-e-3rd-ct-chuluota-fl-32766/ HTTP/1.1" 200 147807 "" "Mozilla/5.0 (iPhone; CPU iPhone OS 6_0 like Mac OS X) AppleWebKit/536.26 (KHTML, like Gecko) Version/6.0 Mobile/10A5376e Safari/8536.25 (compatible; SiteAuditBot/0.97; +http://www.semrush.com/bot.html)" www.jeanscotthomes.com MISS
85.208.98.194 - - [27/Nov/2025:00:49:44 +0000] "GET /featured-listings/14514-clarkson-dr-orlando-fl-32828/ HTTP/1.1" 200 163341 "" "Mozilla/5.0 (iPhone; CPU iPhone OS 6_0 like Mac OS X) AppleWebKit/536.26 (KHTML, like Gecko) Version/6.0 Mobile/10A5376e Safari/8536.25 (compatible; SiteAuditBot/0.97; +http://www.semrush.com/bot.html)" www.jeanscotthomes.com MISS
85.208.98.194 - - [27/Nov/2025:00:49:49 +0000] "GET /featured-listings/1220-allendale-dr-oviedo-fl-32765/ HTTP/1.1" 200 135655 "" "Mozilla/5.0 (iPhone; CPU iPhone OS 6_0 like Mac OS X) AppleWebKit/536.26 (KHTML, like Gecko) Version/6.0 Mobile/10A5376e Safari/8536.25 (compatible; SiteAuditBot/0.97; +http://www.semrush.com/bot.html)" www.jeanscotthomes.com MISS
85.208.98.194 - - [27/Nov/2025:00:49:51 +0000] "GET /featured-listings/2837-strand-cir-oviedo-fl-32765/ HTTP/1.1" 200 168747 "" "Mozilla/5.0 (iPhone; CPU iPhone OS 6_0 like Mac OS X) AppleWebKit/536.26 (KHTML, like Gecko) Version/6.0 Mobile/10A5376e Safari/8536.25 (compatible; SiteAuditBot/0.97; +http://www.semrush.com/bot.html)" www.jeanscotthomes.com MISS
85.208.98.194 - - [27/Nov/2025:00:49:54 +0000] "GET /featured-listings/6057-apollos-corner-way-orlando-fl-32829/ HTTP/1.1" 200 96068 "" "Mozilla/5.0 (iPhone; CPU iPhone OS 6_0 like Mac OS X) AppleWebKit/536.26 (KHTML, like Gecko) Version/6.0 Mobile/10A5376e Safari/8536.25 (compatible; SiteAuditBot/0.97; +http://www.semrush.com/bot.html)" www.jeanscotthomes.com MISS
85.208.98.194 - - [27/Nov/2025:00:49:57 +0000] "GET /featured-listings/2328-foliage-oak-ter-oviedo-fl-32766/ HTTP/1.1" 200 178157 "" "Mozilla/5.0 (iPhone; CPU iPhone OS 6_0 like Mac OS X) AppleWebKit/536.26 (KHTML, like Gecko) Version/6.0 Mobile/10A5376e Safari/8536.25 (compatible; SiteAuditBot/0.97; +http://www.semrush.com/bot.html)" www.jeanscotthomes.com MISS
85.208.98.194 - - [27/Nov/2025:00:50:00 +0000] "GET /featured-listings/613-cranebrook-ct-oviedo-fl-32766/ HTTP/1.1" 200 161711 "" "Mozilla/5.0 (iPhone; CPU iPhone OS 6_0 like Mac OS X) AppleWebKit/536.26 (KHTML, like Gecko) Version/6.0 Mobile/10A5376e Safari/8536.25 (compatible; SiteAuditBot/0.97; +http://www.semrush.com/bot.html)" www.jeanscotthomes.com MISS
85.208.98.194 - - [27/Nov/2025:00:50:05 +0000] "GET /featured-listings/441-center-st-chuluota-fl-32766/ HTTP/1.1" 200 151493 "" "Mozilla/5.0 (iPhone; CPU iPhone OS 6_0 like Mac OS X) AppleWebKit/536.26 (KHTML, like Gecko) Version/6.0 Mobile/10A5376e Safari/8536.25 (compatible; SiteAuditBot/0.97; +http://www.semrush.com/bot.html)" www.jeanscotthomes.com MISS
85.208.98.201 - - [27/Nov/2025:00:50:08 +0000] "GET /featured-listings/1028-manigan-ave-oviedo-fl-32765/ HTTP/1.1" 200 148369 "" "Mozilla/5.0 (iPhone; CPU iPhone OS 6_0 like Mac OS X) AppleWebKit/536.26 (KHTML, like Gecko) Version/6.0 Mobile/10A5376e Safari/8536.25 (compatible; SiteAuditBot/0.97; +http://www.semrush.com/bot.html)" www.jeanscotthomes.com MISS
85.208.98.201 - - [27/Nov/2025:00:50:11 +0000] "GET /featured-listings/1883-royal-majesty-ct-oviedo-fl-32765/ HTTP/1.1" 200 151163 "" "Mozilla/5.0 (iPhone; CPU iPhone OS 6_0 like Mac OS X) AppleWebKit/536.26 (KHTML, like Gecko) Version/6.0 Mobile/10A5376e Safari/8536.25 (compatible; SiteAuditBot/0.97; +http://www.semrush.com/bot.html)" www.jeanscotthomes.com MISS
85.208.98.201 - - [27/Nov/2025:00:50:14 +0000] "GET /featured-listings/342-lakepark-trl-oviedo-fl-32765/ HTTP/1.1" 200 23925 "" "Mozilla/5.0 (iPhone; CPU iPhone OS 6_0 like Mac OS X) AppleWebKit/536.26 (KHTML, like Gecko) Version/6.0 Mobile/10A5376e Safari/8536.25 (compatible; SiteAuditBot/0.97; +http://www.semrush.com/bot.html)" www.jeanscotthomes.com MISS
85.208.98.201 - - [27/Nov/2025:00:50:16 +0000] "GET /featured-listings/2522-double-tree-pl-oviedo-fl-32766/ HTTP/1.1" 200 155793 "" "Mozilla/5.0 (iPhone; CPU iPhone OS 6_0 like Mac OS X) AppleWebKit/536.26 (KHTML, like Gecko) Version/6.0 Mobile/10A5376e Safari/8536.25 (compatible; SiteAuditBot/0.97; +http://www.semrush.com/bot.html)" www.jeanscotthomes.com MISS
136.143.179.51 - - [27/Nov/2025:00:50:16 +0000] "GET / HTTP/1.1" 200 31097 "" "Site24x7" www.jeanscotthomes.com HIT
85.208.98.201 - - [27/Nov/2025:00:50:19 +0000] "GET /featured-listings/3366-red-ash-cir-oviedo-fl-32766/ HTTP/1.1" 200 154051 "" "Mozilla/5.0 (iPhone; CPU iPhone OS 6_0 like Mac OS X) AppleWebKit/536.26 (KHTML, like Gecko) Version/6.0 Mobile/10A5376e Safari/8536.25 (compatible; SiteAuditBot/0.97; +http://www.semrush.com/bot.html)" www.jeanscotthomes.com MISS
85.208.98.201 - - [27/Nov/2025:00:50:22 +0000] "GET /featured-listings/2015-kelly-creek-cir-oviedo-fl-32765/ HTTP/1.1" 200 23475 "" "Mozilla/5.0 (iPhone; CPU iPhone OS 6_0 like Mac OS X) AppleWebKit/536.26 (KHTML, like Gecko) Version/6.0 Mobile/10A5376e Safari/8536.25 (compatible; SiteAuditBot/0.97; +http://www.semrush.com/bot.html)" www.jeanscotthomes.com MISS
85.208.98.201 - - [27/Nov/2025:00:50:25 +0000] "GET /featured-listings/3342-gambel-oak-ct-oviedo-fl-32766/ HTTP/1.1" 200 26038 "" "Mozilla/5.0 (iPhone; CPU iPhone OS 6_0 like Mac OS X) AppleWebKit/536.26 (KHTML, like Gecko) Version/6.0 Mobile/10A5376e Safari/8536.25 (compatible; SiteAuditBot/0.97; +http://www.semrush.com/bot.html)" www.jeanscotthomes.com MISS
85.208.98.201 - - [27/Nov/2025:00:50:28 +0000] "GET /featured-listings/1043-willa-lake-cir-oviedo-fl-32765/ HTTP/1.1" 200 152452 "" "Mozilla/5.0 (iPhone; CPU iPhone OS 6_0 like Mac OS X) AppleWebKit/536.26 (KHTML, like Gecko) Version/6.0 Mobile/10A5376e Safari/8536.25 (compatible; SiteAuditBot/0.97; +http://www.semrush.com/bot.html)" www.jeanscotthomes.com MISS
85.208.98.201 - - [27/Nov/2025:00:50:31 +0000] "GET /featured-listings/2290-foliage-oak-ter-oviedo-fl-32766-2/ HTTP/1.1" 200 164390 "" "Mozilla/5.0 (iPhone; CPU iPhone OS 6_0 like Mac OS X) AppleWebKit/536.26 (KHTML, like Gecko) Version/6.0 Mobile/10A5376e Safari/8536.25 (compatible; SiteAuditBot/0.97; +http://www.semrush.com/bot.html)" www.jeanscotthomes.com MISS
85.208.98.201 - - [27/Nov/2025:00:50:34 +0000] "GET /featured-listings/5441-new-haven-ct-orlando-fl-32812/ HTTP/1.1" 200 150182 "" "Mozilla/5.0 (iPhone; CPU iPhone OS 6_0 like Mac OS X) AppleWebKit/536.26 (KHTML, like Gecko) Version/6.0 Mobile/10A5376e Safari/8536.25 (compatible; SiteAuditBot/0.97; +http://www.semrush.com/bot.html)" www.jeanscotthomes.com MISS
85.208.98.201 - - [27/Nov/2025:00:50:37 +0000] "GET /featured-listings/1880-greenbrook-ct-oviedo-fl-32766/ HTTP/1.1" 200 25273 "" "Mozilla/5.0 (iPhone; CPU iPhone OS 6_0 like Mac OS X) AppleWebKit/536.26 (KHTML, like Gecko) Version/6.0 Mobile/10A5376e Safari/8536.25 (compatible; SiteAuditBot/0.97; +http://www.semrush.com/bot.html)" www.jeanscotthomes.com MISS
85.208.98.201 - - [27/Nov/2025:00:50:40 +0000] "GET /featured-listings/2845-strand-cir-oviedo-fl-32765/ HTTP/1.1" 200 149150 "" "Mozilla/5.0 (iPhone; CPU iPhone OS 6_0 like Mac OS X) AppleWebKit/536.26 (KHTML, like Gecko) Version/6.0 Mobile/10A5376e Safari/8536.25 (compatible; SiteAuditBot/0.97; +http://www.semrush.com/bot.html)" www.jeanscotthomes.com MISS
85.208.98.201 - - [27/Nov/2025:00:50:43 +0000] "GET /featured-listings/3414-sterling-lake-cir-oviedo-fl-32765-2/ HTTP/1.1" 200 132767 "" "Mozilla/5.0 (iPhone; CPU iPhone OS 6_0 like Mac OS X) AppleWebKit/536.26 (KHTML, like Gecko) Version/6.0 Mobile/10A5376e Safari/8536.25 (compatible; SiteAuditBot/0.97; +http://www.semrush.com/bot.html)" www.jeanscotthomes.com MISS
85.208.98.201 - - [27/Nov/2025:00:50:46 +0000] "GET /featured-listings/2775-limerick-cir-grand-island-fl-32735/ HTTP/1.1" 200 151952 "" "Mozilla/5.0 (iPhone; CPU iPhone OS 6_0 like Mac OS X) AppleWebKit/536.26 (KHTML, like Gecko) Version/6.0 Mobile/10A5376e Safari/8536.25 (compatible; SiteAuditBot/0.97; +http://www.semrush.com/bot.html)" www.jeanscotthomes.com MISS
85.208.98.201 - - [27/Nov/2025:00:50:48 +0000] "GET /featured-listings/3500-hollow-oak-run-oviedo-fl-32766/ HTTP/1.1" 200 156529 "" "Mozilla/5.0 (iPhone; CPU iPhone OS 6_0 like Mac OS X) AppleWebKit/536.26 (KHTML, like Gecko) Version/6.0 Mobile/10A5376e Safari/8536.25 (compatible; SiteAuditBot/0.97; +http://www.semrush.com/bot.html)" www.jeanscotthomes.com MISS
40.77.167.54 - - [27/Nov/2025:00:50:50 +0000] "GET /featured-listings-c/36201-michigan-dr-eustis-fl-32736/ HTTP/1.1" 301 863 "" "Mozilla/5.0 AppleWebKit/537.36 (KHTML, like Gecko; compatible; bingbot/2.0; +http://www.bing.com/bingbot.htm) Chrome/116.0.1938.76 Safari/537.36" www.jeanscotthomes.com MISS
85.208.98.201 - - [27/Nov/2025:00:50:51 +0000] "GET /featured-listings/2280-backwater-ct-oviedo-fl-32766/ HTTP/1.1" 200 153958 "" "Mozilla/5.0 (iPhone; CPU iPhone OS 6_0 like Mac OS X) AppleWebKit/536.26 (KHTML, like Gecko) Version/6.0 Mobile/10A5376e Safari/8536.25 (compatible; SiteAuditBot/0.97; +http://www.semrush.com/bot.html)" www.jeanscotthomes.com MISS
85.208.98.201 - - [27/Nov/2025:00:50:54 +0000] "GET /featured-listings/1650-ashland-trl-oviedo-fl-32765/ HTTP/1.1" 200 23795 "" "Mozilla/5.0 (iPhone; CPU iPhone OS 6_0 like Mac OS X) AppleWebKit/536.26 (KHTML, like Gecko) Version/6.0 Mobile/10A5376e Safari/8536.25 (compatible; SiteAuditBot/0.97; +http://www.semrush.com/bot.html)" www.jeanscotthomes.com MISS
85.208.98.201 - - [27/Nov/2025:00:50:57 +0000] "GET /featured-listings/1503-sugarwood-cir-winter-park-fl-32792/ HTTP/1.1" 200 153047 "" "Mozilla/5.0 (iPhone; CPU iPhone OS 6_0 like Mac OS X) AppleWebKit/536.26 (KHTML, like Gecko) Version/6.0 Mobile/10A5376e Safari/8536.25 (compatible; SiteAuditBot/0.97; +http://www.semrush.com/bot.html)" www.jeanscotthomes.com MISS
85.208.98.201 - - [27/Nov/2025:00:51:00 +0000] "GET /featured-listings/332-skyview-pl-chuluota-fl-32766/ HTTP/1.1" 200 153297 "" "Mozilla/5.0 (iPhone; CPU iPhone OS 6_0 like Mac OS X) AppleWebKit/536.26 (KHTML, like Gecko) Version/6.0 Mobile/10A5376e Safari/8536.25 (compatible; SiteAuditBot/0.97; +http://www.semrush.com/bot.html)" www.jeanscotthomes.com MISS
85.208.98.201 - - [27/Nov/2025:00:51:03 +0000] "GET /featured-listings/311-hibiscus-st-chuluota-fl-32766/ HTTP/1.1" 200 90146 "" "Mozilla/5.0 (iPhone; CPU iPhone OS 6_0 like Mac OS X) AppleWebKit/536.26 (KHTML, like Gecko) Version/6.0 Mobile/10A5376e Safari/8536.25 (compatible; SiteAuditBot/0.97; +http://www.semrush.com/bot.html)" www.jeanscotthomes.com MISS
85.208.98.201 - - [27/Nov/2025:00:51:10 +0000] "GET /featured-listings/1558-lawndale-cir-winter-park-fl-32792/ HTTP/1.1" 200 152899 "" "Mozilla/5.0 (iPhone; CPU iPhone OS 6_0 like Mac OS X) AppleWebKit/536.26 (KHTML, like Gecko) Version/6.0 Mobile/10A5376e Safari/8536.25 (compatible; SiteAuditBot/0.97; +http://www.semrush.com/bot.html)" www.jeanscotthomes.com MISS
66.249.74.160 - - [27/Nov/2025:00:51:26 +0000] "GET /homes-details/1064-HIGH-POINT-LOOP-LONGWOOD-FL-32750/O6334143/32/ HTTP/1.1" 200 84398 "" "Mozilla/5.0 (Linux; Android 6.0.1; Nexus 5X Build/MMB29P) AppleWebKit/537.36 (KHTML, like Gecko) Chrome/141.0.7390.122 Mobile Safari/537.36 (compatible; Googlebot/2.1; +http://www.google.com/bot.html)" www.jeanscotthomes.com MISS
66.249.74.160 - - [27/Nov/2025:00:52:18 +0000] "GET /homes-details/606-3RD-STREET-POLK-CITY-FL-33868/L4957453/32/ HTTP/1.1" 200 84370 "" "Mozilla/5.0 (Linux; Android 6.0.1; Nexus 5X Build/MMB29P) AppleWebKit/537.36 (KHTML, like Gecko) Chrome/141.0.7390.122 Mobile Safari/537.36 (compatible; Googlebot/2.1; +http://www.google.com/bot.html)" www.jeanscotthomes.com MISS
40.77.167.58 - - [27/Nov/2025:00:52:18 +0000] "GET /real-estate-market-news/central-florida-home-sales/may-2024/page/92/ HTTP/1.1" 301 871 "" "Mozilla/5.0 AppleWebKit/537.36 (KHTML, like Gecko; compatible; bingbot/2.0; +http://www.bing.com/bingbot.htm) Chrome/116.0.1938.76 Safari/537.36" www.jeanscotthomes.com MISS
52.167.144.166 - - [27/Nov/2025:00:53:37 +0000] "GET /homes-details/606-3RD-STREET-POLK-CITY-FL-33868/L4957453/32/ HTTP/1.1" 200 84370 "" "Mozilla/5.0 AppleWebKit/537.36 (KHTML, like Gecko; compatible; bingbot/2.0; +http://www.bing.com/bingbot.htm) Chrome/116.0.1938.76 Safari/537.36" www.jeanscotthomes.com MISS
85.208.98.201 - - [27/Nov/2025:00:54:34 +0000] "GET /homes-market-report/Lake-Mary-Florida/2877196 HTTP/1.1" 301 857 "" "Mozilla/5.0 (iPhone; CPU iPhone OS 6_0 like Mac OS X) AppleWebKit/536.26 (KHTML, like Gecko) Version/6.0 Mobile/10A5376e Safari/8536.25 (compatible; SiteAuditBot/0.97; +http://www.semrush.com/bot.html)" www.jeanscotthomes.com MISS
85.208.98.201 - - [27/Nov/2025:00:54:37 +0000] "GET /homes-market-report/Oviedo-Florida-s-Twin-Rivers/2887245 HTTP/1.1" 301 868 "" "Mozilla/5.0 (iPhone; CPU iPhone OS 6_0 like Mac OS X) AppleWebKit/536.26 (KHTML, like Gecko) Version/6.0 Mobile/10A5376e Safari/8536.25 (compatible; SiteAuditBot/0.97; +http://www.semrush.com/bot.html)" www.jeanscotthomes.com MISS
85.208.98.201 - - [27/Nov/2025:00:54:40 +0000] "GET /homes-market-report/Ocoee-Florida/2900173 HTTP/1.1" 301 854 "" "Mozilla/5.0 (iPhone; CPU iPhone OS 6_0 like Mac OS X) AppleWebKit/536.26 (KHTML, like Gecko) Version/6.0 Mobile/10A5376e Safari/8536.25 (compatible; SiteAuditBot/0.97; +http://www.semrush.com/bot.html)" www.jeanscotthomes.com MISS
85.208.98.201 - - [27/Nov/2025:00:54:43 +0000] "GET /homes-market-report/Heathrow-Florida/2877195 HTTP/1.1" 301 856 "" "Mozilla/5.0 (iPhone; CPU iPhone OS 6_0 like Mac OS X) AppleWebKit/536.26 (KHTML, like Gecko) Version/6.0 Mobile/10A5376e Safari/8536.25 (compatible; SiteAuditBot/0.97; +http://www.semrush.com/bot.html)" www.jeanscotthomes.com MISS
85.208.98.201 - - [27/Nov/2025:00:54:46 +0000] "GET /homes-market-report/Orlando-Florida-s-Waterford-Lakes/2886990 HTTP/1.1" 301 873 "" "Mozilla/5.0 (iPhone; CPU iPhone OS 6_0 like Mac OS X) AppleWebKit/536.26 (KHTML, like Gecko) Version/6.0 Mobile/10A5376e Safari/8536.25 (compatible; SiteAuditBot/0.97; +http://www.semrush.com/bot.html)" www.jeanscotthomes.com MISS
85.208.98.201 - - [27/Nov/2025:00:54:49 +0000] "GET /homes-market-report/Maitland-Florida/2900174 HTTP/1.1" 301 856 "" "Mozilla/5.0 (iPhone; CPU iPhone OS 6_0 like Mac OS X) AppleWebKit/536.26 (KHTML, like Gecko) Version/6.0 Mobile/10A5376e Safari/8536.25 (compatible; SiteAuditBot/0.97; +http://www.semrush.com/bot.html)" www.jeanscotthomes.com MISS
85.208.98.201 - - [27/Nov/2025:00:54:54 +0000] "GET /homes-market-report/Belle-Isle-Florida/2900176 HTTP/1.1" 301 858 "" "Mozilla/5.0 (iPhone; CPU iPhone OS 6_0 like Mac OS X) AppleWebKit/536.26 (KHTML, like Gecko) Version/6.0 Mobile/10A5376e Safari/8536.25 (compatible; SiteAuditBot/0.97; +http://www.semrush.com/bot.html)" www.jeanscotthomes.com MISS
85.208.98.201 - - [27/Nov/2025:00:54:57 +0000] "GET /homes-market-report/Oviedo-Florida-s-Kingsbridge/2887241 HTTP/1.1" 301 868 "" "Mozilla/5.0 (iPhone; CPU iPhone OS 6_0 like Mac OS X) AppleWebKit/536.26 (KHTML, like Gecko) Version/6.0 Mobile/10A5376e Safari/8536.25 (compatible; SiteAuditBot/0.97; +http://www.semrush.com/bot.html)" www.jeanscotthomes.com MISS
85.208.98.201 - - [27/Nov/2025:00:55:00 +0000] "GET /homes-market-report/Sanford-Florida/2877199 HTTP/1.1" 301 855 "" "Mozilla/5.0 (iPhone; CPU iPhone OS 6_0 like Mac OS X) AppleWebKit/536.26 (KHTML, like Gecko) Version/6.0 Mobile/10A5376e Safari/8536.25 (compatible; SiteAuditBot/0.97; +http://www.semrush.com/bot.html)" www.jeanscotthomes.com MISS
85.208.98.201 - - [27/Nov/2025:00:55:02 +0000] "GET /homes-market-report/Oviedo-Florida/2877198 HTTP/1.1" 301 854 "" "Mozilla/5.0 (iPhone; CPU iPhone OS 6_0 like Mac OS X) AppleWebKit/536.26 (KHTML, like Gecko) Version/6.0 Mobile/10A5376e Safari/8536.25 (compatible; SiteAuditBot/0.97; +http://www.semrush.com/bot.html)" www.jeanscotthomes.com MISS
85.208.98.201 - - [27/Nov/2025:00:55:05 +0000] "GET /homes-market-report/Oviedo-Florida-s-Riverside-at-Twin-Rivers/2887243 HTTP/1.1" 301 881 "" "Mozilla/5.0 (iPhone; CPU iPhone OS 6_0 like Mac OS X) AppleWebKit/536.26 (KHTML, like Gecko) Version/6.0 Mobile/10A5376e Safari/8536.25 (compatible; SiteAuditBot/0.97; +http://www.semrush.com/bot.html)" www.jeanscotthomes.com MISS
85.208.98.199 - - [27/Nov/2025:00:55:08 +0000] "GET /homes-market-report/Apopka-Florida/2900171 HTTP/1.1" 301 854 "" "Mozilla/5.0 (iPhone; CPU iPhone OS 6_0 like Mac OS X) AppleWebKit/536.26 (KHTML, like Gecko) Version/6.0 Mobile/10A5376e Safari/8536.25 (compatible; SiteAuditBot/0.97; +http://www.semrush.com/bot.html)" www.jeanscotthomes.com MISS
85.208.98.199 - - [27/Nov/2025:00:55:11 +0000] "GET /homes-market-report/Longwood-Florida/2877197 HTTP/1.1" 301 856 "" "Mozilla/5.0 (iPhone; CPU iPhone OS 6_0 like Mac OS X) AppleWebKit/536.26 (KHTML, like Gecko) Version/6.0 Mobile/10A5376e Safari/8536.25 (compatible; SiteAuditBot/0.97; +http://www.semrush.com/bot.html)" www.jeanscotthomes.com MISS
85.208.98.199 - - [27/Nov/2025:00:55:14 +0000] "GET /homes-market-report/Oviedo-Florida-s-The-Sanctuary/2887244 HTTP/1.1" 301 870 "" "Mozilla/5.0 (iPhone; CPU iPhone OS 6_0 like Mac OS X) AppleWebKit/536.26 (KHTML, like Gecko) Version/6.0 Mobile/10A5376e Safari/8536.25 (compatible; SiteAuditBot/0.97; +http://www.semrush.com/bot.html)" www.jeanscotthomes.com MISS
85.208.98.199 - - [27/Nov/2025:00:55:17 +0000] "GET /homes-market-report/Winter-Garden-Florida/2900172 HTTP/1.1" 301 861 "" "Mozilla/5.0 (iPhone; CPU iPhone OS 6_0 like Mac OS X) AppleWebKit/536.26 (KHTML, like Gecko) Version/6.0 Mobile/10A5376e Safari/8536.25 (compatible; SiteAuditBot/0.97; +http://www.semrush.com/bot.html)" www.jeanscotthomes.com MISS
136.143.179.51 - - [27/Nov/2025:00:55:17 +0000] "GET / HTTP/1.1" 200 31097 "" "Site24x7" www.jeanscotthomes.com HIT
85.208.98.199 - - [27/Nov/2025:00:55:20 +0000] "GET /homes-market-report/Oviedo-Florida-s-Alafaya-Woods/2887239 HTTP/1.1" 301 870 "" "Mozilla/5.0 (iPhone; CPU iPhone OS 6_0 like Mac OS X) AppleWebKit/536.26 (KHTML, like Gecko) Version/6.0 Mobile/10A5376e Safari/8536.25 (compatible; SiteAuditBot/0.97; +http://www.semrush.com/bot.html)" www.jeanscotthomes.com MISS
85.208.98.199 - - [27/Nov/2025:00:55:23 +0000] "GET /homes-market-report/Oviedo-Florida-s-Aloma-Woods/2887240 HTTP/1.1" 301 868 "" "Mozilla/5.0 (iPhone; CPU iPhone OS 6_0 like Mac OS X) AppleWebKit/536.26 (KHTML, like Gecko) Version/6.0 Mobile/10A5376e Safari/8536.25 (compatible; SiteAuditBot/0.97; +http://www.semrush.com/bot.html)" www.jeanscotthomes.com MISS
85.208.98.199 - - [27/Nov/2025:00:55:25 +0000] "GET /homes-market-report/Central-Florida-Luxury-Estate-Homes/2890760 HTTP/1.1" 301 875 "" "Mozilla/5.0 (iPhone; CPU iPhone OS 6_0 like Mac OS X) AppleWebKit/536.26 (KHTML, like Gecko) Version/6.0 Mobile/10A5376e Safari/8536.25 (compatible; SiteAuditBot/0.97; +http://www.semrush.com/bot.html)" www.jeanscotthomes.com MISS
66.249.74.169 - - [27/Nov/2025:00:55:28 +0000] "GET /central-florida/home-search/pool-homes/ HTTP/1.1" 301 847 "" "Mozilla/5.0 (Linux; Android 6.0.1; Nexus 5X Build/MMB29P) AppleWebKit/537.36 (KHTML, like Gecko) Chrome/141.0.7390.122 Mobile Safari/537.36 (compatible; Googlebot/2.1; +http://www.google.com/bot.html)" www.jeanscotthomes.com MISS
85.208.98.199 - - [27/Nov/2025:00:55:28 +0000] "GET /homes-market-report/Altamonte-Springs-Florida/2900168 HTTP/1.1" 301 865 "" "Mozilla/5.0 (iPhone; CPU iPhone OS 6_0 like Mac OS X) AppleWebKit/536.26 (KHTML, like Gecko) Version/6.0 Mobile/10A5376e Safari/8536.25 (compatible; SiteAuditBot/0.97; +http://www.semrush.com/bot.html)" www.jeanscotthomes.com MISS
66.249.74.169 - - [27/Nov/2025:00:55:29 +0000] "GET /central-florida-home-search/pool-homes-for-sale/ HTTP/1.1" 200 19094 "" "Mozilla/5.0 (Linux; Android 6.0.1; Nexus 5X Build/MMB29P) AppleWebKit/537.36 (KHTML, like Gecko) Chrome/141.0.7390.122 Mobile Safari/537.36 (compatible; Googlebot/2.1; +http://www.google.com/bot.html)" www.jeanscotthomes.com MISS
66.249.74.169 - - [27/Nov/2025:00:55:30 +0000] "GET /featured-listings/11112-pinewood-cove-ln-orlando-fl-32817/ HTTP/1.1" 200 18225 "" "Mozilla/5.0 (Linux; Android 6.0.1; Nexus 5X Build/MMB29P) AppleWebKit/537.36 (KHTML, like Gecko) Chrome/141.0.7390.122 Mobile Safari/537.36 (compatible; Googlebot/2.1; +http://www.google.com/bot.html)" www.jeanscotthomes.com MISS
52.167.144.166 - - [27/Nov/2025:00:55:30 +0000] "GET /nextgen-image/1110/1619x1080x85/eb0ccb91e18e3c70046c773578bea9ac HTTP/1.1" 200 261829 "" "Mozilla/5.0 AppleWebKit/537.36 (KHTML, like Gecko; compatible; bingbot/2.0; +http://www.bing.com/bingbot.htm) Chrome/116.0.1938.76 Safari/537.36" www.jeanscotthomes.com MISS
85.208.98.199 - - [27/Nov/2025:00:55:31 +0000] "GET /homes-market-report/Orlando-Florida/2870465 HTTP/1.1" 301 855 "" "Mozilla/5.0 (iPhone; CPU iPhone OS 6_0 like Mac OS X) AppleWebKit/536.26 (KHTML, like Gecko) Version/6.0 Mobile/10A5376e Safari/8536.25 (compatible; SiteAuditBot/0.97; +http://www.semrush.com/bot.html)" www.jeanscotthomes.com MISS
85.208.98.199 - - [27/Nov/2025:00:55:34 +0000] "GET /homes-market-report/Chuluota-Florida/2877191 HTTP/1.1" 301 856 "" "Mozilla/5.0 (iPhone; CPU iPhone OS 6_0 like Mac OS X) AppleWebKit/536.26 (KHTML, like Gecko) Version/6.0 Mobile/10A5376e Safari/8536.25 (compatible; SiteAuditBot/0.97; +http://www.semrush.com/bot.html)" www.jeanscotthomes.com MISS
85.208.98.199 - - [27/Nov/2025:00:55:37 +0000] "GET /homes-market-report/Central-Florida/2877151 HTTP/1.1" 301 855 "" "Mozilla/5.0 (iPhone; CPU iPhone OS 6_0 like Mac OS X) AppleWebKit/536.26 (KHTML, like Gecko) Version/6.0 Mobile/10A5376e Safari/8536.25 (compatible; SiteAuditBot/0.97; +http://www.semrush.com/bot.html)" www.jeanscotthomes.com MISS
85.208.98.199 - - [27/Nov/2025:00:55:39 +0000] "GET /homes-market-report/Tampa-St-Petersburg-Clearwater-MSA/2891929 HTTP/1.1" 301 860 "" "Mozilla/5.0 (iPhone; CPU iPhone OS 6_0 like Mac OS X) AppleWebKit/536.26 (KHTML, like Gecko) Version/6.0 Mobile/10A5376e Safari/8536.25 (compatible; SiteAuditBot/0.97; +http://www.semrush.com/bot.html)" www.jeanscotthomes.com MISS
85.208.98.199 - - [27/Nov/2025:00:55:42 +0000] "GET /homes-market-report/Deltona-Daytona-Beach-Ormond-Beach-MSA/2891932 HTTP/1.1" 301 879 "" "Mozilla/5.0 (iPhone; CPU iPhone OS 6_0 like Mac OS X) AppleWebKit/536.26 (KHTML, like Gecko) Version/6.0 Mobile/10A5376e Safari/8536.25 (compatible; SiteAuditBot/0.97; +http://www.semrush.com/bot.html)" www.jeanscotthomes.com MISS
85.208.98.199 - - [27/Nov/2025:00:55:46 +0000] "GET /homes-market-report/Winter-Park-Florida/2877203 HTTP/1.1" 301 859 "" "Mozilla/5.0 (iPhone; CPU iPhone OS 6_0 like Mac OS X) AppleWebKit/536.26 (KHTML, like Gecko) Version/6.0 Mobile/10A5376e Safari/8536.25 (compatible; SiteAuditBot/0.97; +http://www.semrush.com/bot.html)" www.jeanscotthomes.com MISS
85.208.98.199 - - [27/Nov/2025:00:55:49 +0000] "GET /homes-market-report/Windermere-Florida/2877202 HTTP/1.1" 301 858 "" "Mozilla/5.0 (iPhone; CPU iPhone OS 6_0 like Mac OS X) AppleWebKit/536.26 (KHTML, like Gecko) Version/6.0 Mobile/10A5376e Safari/8536.25 (compatible; SiteAuditBot/0.97; +http://www.semrush.com/bot.html)" www.jeanscotthomes.com MISS
85.208.98.199 - - [27/Nov/2025:00:55:52 +0000] "GET /homes-market-report/Orlando-Florida-s-Avalon-Park/2885976 HTTP/1.1" 301 869 "" "Mozilla/5.0 (iPhone; CPU iPhone OS 6_0 like Mac OS X) AppleWebKit/536.26 (KHTML, like Gecko) Version/6.0 Mobile/10A5376e Safari/8536.25 (compatible; SiteAuditBot/0.97; +http://www.semrush.com/bot.html)" www.jeanscotthomes.com MISS
85.208.98.199 - - [27/Nov/2025:00:55:55 +0000] "GET /homes-market-report/Edgewood-Florida/2900177 HTTP/1.1" 301 856 "" "Mozilla/5.0 (iPhone; CPU iPhone OS 6_0 like Mac OS X) AppleWebKit/536.26 (KHTML, like Gecko) Version/6.0 Mobile/10A5376e Safari/8536.25 (compatible; SiteAuditBot/0.97; +http://www.semrush.com/bot.html)" www.jeanscotthomes.com MISS
85.208.98.199 - - [27/Nov/2025:00:55:58 +0000] "GET /homes-market-report/Winter-Springs-Florida/2877205 HTTP/1.1" 301 862 "" "Mozilla/5.0 (iPhone; CPU iPhone OS 6_0 like Mac OS X) AppleWebKit/536.26 (KHTML, like Gecko) Version/6.0 Mobile/10A5376e Safari/8536.25 (compatible; SiteAuditBot/0.97; +http://www.semrush.com/bot.html)" www.jeanscotthomes.com MISS
85.208.98.199 - - [27/Nov/2025:00:56:01 +0000] "GET /homes-market-report/Oakland-Florida/2900180 HTTP/1.1" 301 855 "" "Mozilla/5.0 (iPhone; CPU iPhone OS 6_0 like Mac OS X) AppleWebKit/536.26 (KHTML, like Gecko) Version/6.0 Mobile/10A5376e Safari/8536.25 (compatible; SiteAuditBot/0.97; +http://www.semrush.com/bot.html)" www.jeanscotthomes.com MISS
85.208.98.199 - - [27/Nov/2025:00:56:03 +0000] "GET /homes-market-report/Eatonville-Florida/2900179 HTTP/1.1" 301 858 "" "Mozilla/5.0 (iPhone; CPU iPhone OS 6_0 like Mac OS X) AppleWebKit/536.26 (KHTML, like Gecko) Version/6.0 Mobile/10A5376e Safari/8536.25 (compatible; SiteAuditBot/0.97; +http://www.semrush.com/bot.html)" www.jeanscotthomes.com MISS
85.208.98.199 - - [27/Nov/2025:00:56:06 +0000] "GET /homes-market-report/Orlando-Kissimmee-Sanford-MSA/2891879 HTTP/1.1" 301 869 "" "Mozilla/5.0 (iPhone; CPU iPhone OS 6_0 like Mac OS X) AppleWebKit/536.26 (KHTML, like Gecko) Version/6.0 Mobile/10A5376e Safari/8536.25 (compatible; SiteAuditBot/0.97; +http://www.semrush.com/bot.html)" www.jeanscotthomes.com MISS
85.208.98.199 - - [27/Nov/2025:00:56:09 +0000] "GET /homes-market-report/Casselberry-Florida/2877180 HTTP/1.1" 301 859 "" "Mozilla/5.0 (iPhone; CPU iPhone OS 6_0 like Mac OS X) AppleWebKit/536.26 (KHTML, like Gecko) Version/6.0 Mobile/10A5376e Safari/8536.25 (compatible; SiteAuditBot/0.97; +http://www.semrush.com/bot.html)" www.jeanscotthomes.com MISS
85.208.98.199 - - [27/Nov/2025:00:56:12 +0000] "GET /homes-market-report/Oviedo-Florida-s-Live-Oak-Reserve/2880251 HTTP/1.1" 301 873 "" "Mozilla/5.0 (iPhone; CPU iPhone OS 6_0 like Mac OS X) AppleWebKit/536.26 (KHTML, like Gecko) Version/6.0 Mobile/10A5376e Safari/8536.25 (compatible; SiteAuditBot/0.97; +http://www.semrush.com/bot.html)" www.jeanscotthomes.com MISS
85.208.98.199 - - [27/Nov/2025:00:56:15 +0000] "GET /homes-market-report/Central-Florida-Lakefront-Homes/2891002 HTTP/1.1" 301 871 "" "Mozilla/5.0 (iPhone; CPU iPhone OS 6_0 like Mac OS X) AppleWebKit/536.26 (KHTML, like Gecko) Version/6.0 Mobile/10A5376e Safari/8536.25 (compatible; SiteAuditBot/0.97; +http://www.semrush.com/bot.html)" www.jeanscotthomes.com MISS
85.208.98.199 - - [27/Nov/2025:00:56:18 +0000] "GET /homes-market-report/Central-Florida-Pool-Homes/2891003 HTTP/1.1" 301 866 "" "Mozilla/5.0 (iPhone; CPU iPhone OS 6_0 like Mac OS X) AppleWebKit/536.26 (KHTML, like Gecko) Version/6.0 Mobile/10A5376e Safari/8536.25 (compatible; SiteAuditBot/0.97; +http://www.semrush.com/bot.html)" www.jeanscotthomes.com MISS
85.208.98.199 - - [27/Nov/2025:00:56:20 +0000] "GET /homes-market-report/Central-Florida-New-Construction-Homes/2891004 HTTP/1.1" 301 878 "" "Mozilla/5.0 (iPhone; CPU iPhone OS 6_0 like Mac OS X) AppleWebKit/536.26 (KHTML, like Gecko) Version/6.0 Mobile/10A5376e Safari/8536.25 (compatible; SiteAuditBot/0.97; +http://www.semrush.com/bot.html)" www.jeanscotthomes.com MISS
85.208.98.199 - - [27/Nov/2025:00:56:23 +0000] "GET /office-detail/Jean-Scott-Homes-at-KW-Advantage/17074 HTTP/1.1" 301 864 "" "Mozilla/5.0 (iPhone; CPU iPhone OS 6_0 like Mac OS X) AppleWebKit/536.26 (KHTML, like Gecko) Version/6.0 Mobile/10A5376e Safari/8536.25 (compatible; SiteAuditBot/0.97; +http://www.semrush.com/bot.html)" www.jeanscotthomes.com MISS
66.249.74.160 - - [27/Nov/2025:00:56:31 +0000] "GET /featured-listings/17792-sterling-pond-ln-orlando-fl-32820/ HTTP/1.1" 200 97326 "" "Mozilla/5.0 (Linux; Android 6.0.1; Nexus 5X Build/MMB29P) AppleWebKit/537.36 (KHTML, like Gecko) Chrome/141.0.7390.122 Mobile Safari/537.36 (compatible; Googlebot/2.1; +http://www.google.com/bot.html)" www.jeanscotthomes.com MISS
66.249.74.160 - - [27/Nov/2025:00:56:32 +0000] "GET /featured-listings/5552-rutherford-pl-oviedo-fl-32765/ HTTP/1.1" 200 89640 "" "Mozilla/5.0 (Linux; Android 6.0.1; Nexus 5X Build/MMB29P) AppleWebKit/537.36 (KHTML, like Gecko) Chrome/141.0.7390.122 Mobile Safari/537.36 (compatible; Googlebot/2.1; +http://www.google.com/bot.html)" www.jeanscotthomes.com MISS
66.249.74.169 - - [27/Nov/2025:00:58:10 +0000] "GET /real-estate-market-news/central-florida-home-sales/may-2024/page/68/ HTTP/1.1" 301 860 "" "Mozilla/5.0 (Linux; Android 6.0.1; Nexus 5X Build/MMB29P) AppleWebKit/537.36 (KHTML, like Gecko) Chrome/141.0.7390.122 Mobile Safari/537.36 (compatible; Googlebot/2.1; +http://www.google.com/bot.html)" www.jeanscotthomes.com MISS
40.77.167.54 - - [27/Nov/2025:00:58:19 +0000] "GET /homes-details/10102-PEARSON-AVE-ORLANDO-FL-32827/G5100350/32/ HTTP/1.1" 200 84389 "" "Mozilla/5.0 AppleWebKit/537.36 (KHTML, like Gecko; compatible; bingbot/2.0; +http://www.bing.com/bingbot.htm) Chrome/116.0.1938.76 Safari/537.36" www.jeanscotthomes.com MISS
66.249.74.160 - - [27/Nov/2025:00:58:49 +0000] "GET /homes-details/1175-CROWNING-RIDGE-WAY-MINNEOLA-FL-34715/O6363107/32/ HTTP/1.1" 200 84415 "" "Mozilla/5.0 (Linux; Android 6.0.1; Nexus 5X Build/MMB29P) AppleWebKit/537.36 (KHTML, like Gecko) Chrome/141.0.7390.122 Mobile Safari/537.36 (compatible; Googlebot/2.1; +http://www.google.com/bot.html)" www.jeanscotthomes.com MISS
66.249.74.169 - - [27/Nov/2025:00:58:50 +0000] "GET /homes-open-houses/Orlando-Florida-s-Avalon-Park/2885976/ HTTP/1.1" 200 15342 "" "Mozilla/5.0 (Linux; Android 6.0.1; Nexus 5X Build/MMB29P) AppleWebKit/537.36 (KHTML, like Gecko) Chrome/141.0.7390.122 Mobile Safari/537.36 (compatible; Googlebot/2.1; +http://www.google.com/bot.html)" www.jeanscotthomes.com MISS
40.77.167.58 - - [27/Nov/2025:00:59:29 +0000] "GET /homes-details/1175-CROWNING-RIDGE-WAY-MINNEOLA-FL-34715/O6363107/32/ HTTP/1.1" 200 84402 "" "Mozilla/5.0 AppleWebKit/537.36 (KHTML, like Gecko; compatible; bingbot/2.0; +http://www.bing.com/bingbot.htm) Chrome/116.0.1938.76 Safari/537.36" www.jeanscotthomes.com MISS
128.140.8.200 - - [27/Nov/2025:01:00:05 +0000] "GET /wp-cron.php?doing_wp_cron HTTP/1.1" 200 845 "" "Mozilla/4.0 (compatible; cron-job.org; http://cron-job.org/abuse/)" www.jeanscotthomes.com PASS
52.255.111.61 - - [27/Nov/2025:01:00:18 +0000] "GET /resources/homebuyers/3-ways-to-buy-a-home-in-foreclosure/ HTTP/1.1" 200 19702 "" "Mozilla/5.0 AppleWebKit/537.36 (KHTML, like Gecko); compatible; ChatGPT-User/1.0; +https://openai.com/bot" www.jeanscotthomes.com MISS
136.143.178.50 - - [27/Nov/2025:01:00:18 +0000] "GET / HTTP/1.1" 200 31097 "" "Site24x7" www.jeanscotthomes.com HIT
66.249.74.169 - - [27/Nov/2025:01:01:04 +0000] "GET /homes-details/5242-ANDRUS-AVENUE-ORLANDO-FL-32810/O6361654/32/ HTTP/1.1" 200 84378 "" "Mozilla/5.0 (Linux; Android 6.0.1; Nexus 5X Build/MMB29P) AppleWebKit/537.36 (KHTML, like Gecko) Chrome/141.0.7390.122 Mobile Safari/537.36 (compatible; Googlebot/2.1; +http://www.google.com/bot.html)" www.jeanscotthomes.com MISS
66.249.74.160 - - [27/Nov/2025:01:01:06 +0000] "GET /homes-details/5936-GALLOPING-DRIVE-APOPKA-FL-32712/O6363290/32/ HTTP/1.1" 200 84381 "" "Mozilla/5.0 (Linux; Android 6.0.1; Nexus 5X Build/MMB29P) AppleWebKit/537.36 (KHTML, like Gecko) Chrome/141.0.7390.122 Mobile Safari/537.36 (compatible; Googlebot/2.1; +http://www.google.com/bot.html)" www.jeanscotthomes.com MISS
40.77.167.9 - - [27/Nov/2025:01:01:17 +0000] "GET /properties/308953-28078-POPPY-COURT-LEESBURG-Florida-34748-Residential/ HTTP/1.1" 404 85753 "" "Mozilla/5.0 AppleWebKit/537.36 (KHTML, like Gecko; compatible; bingbot/2.0; +http://www.bing.com/bingbot.htm) Chrome/116.0.1938.76 Safari/537.36" www.jeanscotthomes.com PASS
40.77.167.9 - - [27/Nov/2025:01:01:58 +0000] "GET /homes-details/5242-ANDRUS-AVENUE-ORLANDO-FL-32810/O6361654/32/ HTTP/1.1" 200 84377 "" "Mozilla/5.0 AppleWebKit/537.36 (KHTML, like Gecko; compatible; bingbot/2.0; +http://www.bing.com/bingbot.htm) Chrome/116.0.1938.76 Safari/537.36" www.jeanscotthomes.com MISS
40.77.167.53 - - [27/Nov/2025:01:02:20 +0000] "GET /homes-details/5936-GALLOPING-DRIVE-APOPKA-FL-32712/O6363290/32/ HTTP/1.1" 200 84382 "" "Mozilla/5.0 AppleWebKit/537.36 (KHTML, like Gecko; compatible; bingbot/2.0; +http://www.bing.com/bingbot.htm) Chrome/116.0.1938.76 Safari/537.36" www.jeanscotthomes.com MISS
66.249.74.162 - - [27/Nov/2025:01:04:07 +0000] "GET /homes-details/1158-PERPIGNAN-COURT-KISSIMMEE-FL-34759/S5139127/32/ HTTP/1.1" 200 84394 "" "Mozilla/5.0 (Linux; Android 6.0.1; Nexus 5X Build/MMB29P) AppleWebKit/537.36 (KHTML, like Gecko) Chrome/141.0.7390.122 Mobile Safari/537.36 (compatible; Googlebot/2.1; +http://www.google.com/bot.html)" www.jeanscotthomes.com MISS
40.77.167.53 - - [27/Nov/2025:01:04:17 +0000] "GET /properties/283909-6294-RIVER-RUN-PLACE-ORLANDO-Florida-32807-Residential/ HTTP/1.1" 404 85797 "" "Mozilla/5.0 AppleWebKit/537.36 (KHTML, like Gecko; compatible; bingbot/2.0; +http://www.bing.com/bingbot.htm) Chrome/116.0.1938.76 Safari/537.36" www.jeanscotthomes.com PASS
136.143.179.50 - - [27/Nov/2025:01:05:19 +0000] "GET / HTTP/1.1" 200 31097 "" "Site24x7" www.jeanscotthomes.com HIT
40.77.167.9 - - [27/Nov/2025:01:05:19 +0000] "GET /homes-details/1158-PERPIGNAN-COURT-KISSIMMEE-FL-34759/S5139127/32/ HTTP/1.1" 200 84392 "" "Mozilla/5.0 AppleWebKit/537.36 (KHTML, like Gecko; compatible; bingbot/2.0; +http://www.bing.com/bingbot.htm) Chrome/116.0.1938.76 Safari/537.36" www.jeanscotthomes.com MISS
40.77.167.53 - - [27/Nov/2025:01:05:36 +0000] "GET /nextgen-image/9721/1140x761x85/649cc4bd955c7ef393740827237a7291 HTTP/1.1" 200 3518 "" "Mozilla/5.0 AppleWebKit/537.36 (KHTML, like Gecko; compatible; bingbot/2.0; +http://www.bing.com/bingbot.htm) Chrome/116.0.1938.76 Safari/537.36" www.jeanscotthomes.com MISS
23.97.109.230 - - [27/Nov/2025:01:06:53 +0000] "GET /real-estate-market-news/central-florida-home-sales/december-2024/ HTTP/1.1" 200 118220 "" "Mozilla/5.0 AppleWebKit/537.36 (KHTML, like Gecko); compatible; ChatGPT-User/1.0; +https://openai.com/bot" www.jeanscotthomes.com MISS
66.249.74.162 - - [27/Nov/2025:01:08:09 +0000] "GET /homes-details/226-W-COTTESMORE-CIRCLE-LONGWOOD-FL-32779/O6363208/32/ HTTP/1.1" 200 84405 "" "Mozilla/5.0 (Linux; Android 6.0.1; Nexus 5X Build/MMB29P) AppleWebKit/537.36 (KHTML, like Gecko) Chrome/141.0.7390.122 Mobile Safari/537.36 (compatible; Googlebot/2.1; +http://www.google.com/bot.html)" www.jeanscotthomes.com MISS
66.249.74.161 - - [27/Nov/2025:01:09:01 +0000] "GET /real-estate-market-news/central-florida-home-sales/may-2024/page/2/ HTTP/1.1" 301 871 "" "Mozilla/5.0 (Linux; Android 6.0.1; Nexus 5X Build/MMB29P) AppleWebKit/537.36 (KHTML, like Gecko) Chrome/141.0.7390.122 Mobile Safari/537.36 (compatible; Googlebot/2.1; +http://www.google.com/bot.html)" www.jeanscotthomes.com MISS
40.77.167.67 - - [27/Nov/2025:01:09:29 +0000] "GET /homes-details/226-W-COTTESMORE-CIRCLE-LONGWOOD-FL-32779/O6363208/32/ HTTP/1.1" 200 84416 "" "Mozilla/5.0 AppleWebKit/537.36 (KHTML, like Gecko; compatible; bingbot/2.0; +http://www.bing.com/bingbot.htm) Chrome/116.0.1938.76 Safari/537.36" www.jeanscotthomes.com MISS
66.249.74.162 - - [27/Nov/2025:01:10:11 +0000] "GET /homes-details/1088-AVILA-LANE-ORLANDO-FL-32803/O6362672/32/ HTTP/1.1" 200 84359 "" "Mozilla/5.0 (Linux; Android 6.0.1; Nexus 5X Build/MMB29P) AppleWebKit/537.36 (KHTML, like Gecko) Chrome/141.0.7390.122 Mobile Safari/537.36 (compatible; Googlebot/2.1; +http://www.google.com/bot.html)" www.jeanscotthomes.com MISS
136.143.178.50 - - [27/Nov/2025:01:10:26 +0000] "GET / HTTP/1.1" 200 31097 "" "Site24x7" www.jeanscotthomes.com HIT
40.77.167.67 - - [27/Nov/2025:01:11:12 +0000] "GET /featured-listings/orlando-florida/2972-s-tanner-rd-orlando-fl-32820/ HTTP/1.1" 301 863 "" "Mozilla/5.0 AppleWebKit/537.36 (KHTML, like Gecko; compatible; bingbot/2.0; +http://www.bing.com/bingbot.htm) Chrome/116.0.1938.76 Safari/537.36" www.jeanscotthomes.com MISS
40.77.167.67 - - [27/Nov/2025:01:11:30 +0000] "GET /homes-details/1088-AVILA-LANE-ORLANDO-FL-32803/O6362672/32/ HTTP/1.1" 200 84359 "" "Mozilla/5.0 AppleWebKit/537.36 (KHTML, like Gecko; compatible; bingbot/2.0; +http://www.bing.com/bingbot.htm) Chrome/116.0.1938.76 Safari/537.36" www.jeanscotthomes.com MISS
40.77.167.235 - - [27/Nov/2025:01:11:49 +0000] "GET /homes-details/2403-CAMBRIDGE-AVENUE-LAKELAND-FL-33803/TB8445043/32/ HTTP/1.1" 200 15609 "" "Mozilla/5.0 AppleWebKit/537.36 (KHTML, like Gecko; compatible; bingbot/2.0; +http://www.bing.com/bingbot.htm) Chrome/116.0.1938.76 Safari/537.36" www.jeanscotthomes.com MISS
66.249.74.162 - - [27/Nov/2025:01:12:12 +0000] "GET /homes-details/2615-ROXIE-AVENUE-LAKELAND-FL-33801/TB8451614/32/ HTTP/1.1" 200 84379 "" "Mozilla/5.0 (Linux; Android 6.0.1; Nexus 5X Build/MMB29P) AppleWebKit/537.36 (KHTML, like Gecko) Chrome/141.0.7390.122 Mobile Safari/537.36 (compatible; Googlebot/2.1; +http://www.google.com/bot.html)" www.jeanscotthomes.com MISS
66.249.74.160 - - [27/Nov/2025:01:12:19 +0000] "GET /real-estate-market-news/central-florida-home-sales/may-2024/page/31/ HTTP/1.1" 301 857 "" "Mozilla/5.0 (Linux; Android 6.0.1; Nexus 5X Build/MMB29P) AppleWebKit/537.36 (KHTML, like Gecko) Chrome/141.0.7390.122 Mobile Safari/537.36 (compatible; Googlebot/2.1; +http://www.google.com/bot.html)" www.jeanscotthomes.com MISS
52.167.144.203 - - [27/Nov/2025:01:13:19 +0000] "GET /homes-details/2615-ROXIE-AVENUE-LAKELAND-FL-33801/TB8451614/32/ HTTP/1.1" 200 84380 "" "Mozilla/5.0 AppleWebKit/537.36 (KHTML, like Gecko; compatible; bingbot/2.0; +http://www.bing.com/bingbot.htm) Chrome/116.0.1938.76 Safari/537.36" www.jeanscotthomes.com MISS
52.167.144.203 - - [27/Nov/2025:01:14:11 +0000] "GET /nextgen-image/634/1024x682x85/8da67133e74ad8d30dafc55456b532a6 HTTP/1.1" 200 3518 "" "Mozilla/5.0 AppleWebKit/537.36 (KHTML, like Gecko; compatible; bingbot/2.0; +http://www.bing.com/bingbot.htm) Chrome/116.0.1938.76 Safari/537.36" www.jeanscotthomes.com MISS
52.167.144.194 - - [27/Nov/2025:01:14:30 +0000] "GET /homes-details/4360-SUNSET-PRESERVE-BOULEVARD-ORLANDO-FL-32820/O6363448/32/ HTTP/1.1" 200 84450 "" "Mozilla/5.0 AppleWebKit/537.36 (KHTML, like Gecko; compatible; bingbot/2.0; +http://www.bing.com/bingbot.htm) Chrome/116.0.1938.76 Safari/537.36" www.jeanscotthomes.com MISS
128.140.8.200 - - [27/Nov/2025:01:15:02 +0000] "GET /wp-cron.php?doing_wp_cron HTTP/1.1" 200 845 "" "Mozilla/4.0 (compatible; cron-job.org; http://cron-job.org/abuse/)" www.jeanscotthomes.com PASS
136.143.179.51 - - [27/Nov/2025:01:15:27 +0000] "GET / HTTP/1.1" 200 31097 "" "Site24x7" www.jeanscotthomes.com HIT
66.249.74.160 - - [27/Nov/2025:01:15:58 +0000] "GET /real-estate-market-news/central-florida-home-sales/may-2024/page/27/ HTTP/1.1" 301 871 "" "Mozilla/5.0 (Linux; Android 6.0.1; Nexus 5X Build/MMB29P) AppleWebKit/537.36 (KHTML, like Gecko) Chrome/141.0.7390.122 Mobile Safari/537.36 (compatible; Googlebot/2.1; +http://www.google.com/bot.html)" www.jeanscotthomes.com MISS
52.167.144.203 - - [27/Nov/2025:01:16:02 +0000] "GET /properties/277725-1102-ABAGAIL-DRIVE-Deltona-Florida-32725-Residential/ HTTP/1.1" 404 85775 "" "Mozilla/5.0 AppleWebKit/537.36 (KHTML, like Gecko; compatible; bingbot/2.0; +http://www.bing.com/bingbot.htm) Chrome/116.0.1938.76 Safari/537.36" www.jeanscotthomes.com PASS
66.249.74.162 - - [27/Nov/2025:01:16:17 +0000] "GET /real-estate-market-news/central-florida-home-sales/may-2024/page/12/ HTTP/1.1" 301 871 "" "Mozilla/5.0 (Linux; Android 6.0.1; Nexus 5X Build/MMB29P) AppleWebKit/537.36 (KHTML, like Gecko) Chrome/141.0.7390.122 Mobile Safari/537.36 (compatible; Googlebot/2.1; +http://www.google.com/bot.html)" www.jeanscotthomes.com MISS
52.167.144.203 - - [27/Nov/2025:01:16:42 +0000] "GET /properties/497129-/ HTTP/1.1" 404 85727 "" "Mozilla/5.0 AppleWebKit/537.36 (KHTML, like Gecko; compatible; bingbot/2.0; +http://www.bing.com/bingbot.htm) Chrome/116.0.1938.76 Safari/537.36" www.jeanscotthomes.com PASS
66.249.74.160 - - [27/Nov/2025:01:19:29 +0000] "GET /real-estate-market-news/central-florida-home-sales/may-2024/page/17/ HTTP/1.1" 301 872 "" "Mozilla/5.0 (Linux; Android 6.0.1; Nexus 5X Build/MMB29P) AppleWebKit/537.36 (KHTML, like Gecko) Chrome/141.0.7390.122 Mobile Safari/537.36 (compatible; Googlebot/2.1; +http://www.google.com/bot.html)" www.jeanscotthomes.com MISS
66.249.74.162 - - [27/Nov/2025:01:20:25 +0000] "GET /real-estate-market-news/central-florida-home-sales/may-2024/page/108/ HTTP/1.1" 301 861 "" "Mozilla/5.0 (Linux; Android 6.0.1; Nexus 5X Build/MMB29P) AppleWebKit/537.36 (KHTML, like Gecko) Chrome/141.0.7390.122 Mobile Safari/537.36 (compatible; Googlebot/2.1; +http://www.google.com/bot.html)" www.jeanscotthomes.com MISS
136.143.178.50 - - [27/Nov/2025:01:20:28 +0000] "GET / HTTP/1.1" 200 31097 "" "Site24x7" www.jeanscotthomes.com HIT
66.249.74.160 - - [27/Nov/2025:01:21:30 +0000] "GET /real-estate-market-news/central-florida-home-sales/may-2024/page/123/ HTTP/1.1" 301 858 "" "Mozilla/5.0 (Linux; Android 6.0.1; Nexus 5X Build/MMB29P) AppleWebKit/537.36 (KHTML, like Gecko) Chrome/141.0.7390.122 Mobile Safari/537.36 (compatible; Googlebot/2.1; +http://www.google.com/bot.html)" www.jeanscotthomes.com MISS
40.77.167.235 - - [27/Nov/2025:01:21:43 +0000] "GET /properties/379166-/ HTTP/1.1" 404 86063 "" "Mozilla/5.0 AppleWebKit/537.36 (KHTML, like Gecko; compatible; bingbot/2.0; +http://www.bing.com/bingbot.htm) Chrome/116.0.1938.76 Safari/537.36" www.jeanscotthomes.com PASS
66.249.74.160 - - [27/Nov/2025:01:22:19 +0000] "GET /real-estate-market-news/central-florida-home-sales/may-2024/page/37/ HTTP/1.1" 301 871 "" "Mozilla/5.0 (Linux; Android 6.0.1; Nexus 5X Build/MMB29P) AppleWebKit/537.36 (KHTML, like Gecko) Chrome/141.0.7390.122 Mobile Safari/537.36 (compatible; Googlebot/2.1; +http://www.google.com/bot.html)" www.jeanscotthomes.com MISS
66.249.74.160 - - [27/Nov/2025:01:22:49 +0000] "GET /real-estate-market-news/central-florida-home-sales/may-2024/page/109/ HTTP/1.1" 301 860 "" "Mozilla/5.0 (Linux; Android 6.0.1; Nexus 5X Build/MMB29P) AppleWebKit/537.36 (KHTML, like Gecko) Chrome/141.0.7390.122 Mobile Safari/537.36 (compatible; Googlebot/2.1; +http://www.google.com/bot.html)" www.jeanscotthomes.com MISS
66.249.74.160 - - [27/Nov/2025:01:24:11 +0000] "GET /real-estate-market-news/central-florida-home-sales/may-2024/page/62/ HTTP/1.1" 301 872 "" "Mozilla/5.0 (Linux; Android 6.0.1; Nexus 5X Build/MMB29P) AppleWebKit/537.36 (KHTML, like Gecko) Chrome/141.0.7390.122 Mobile Safari/537.36 (compatible; Googlebot/2.1; +http://www.google.com/bot.html)" www.jeanscotthomes.com MISS
52.167.144.188 - - [27/Nov/2025:01:24:12 +0000] "GET /properties/292639-90-HILLSIDE-DRIVE-EUSTIS-Florida-32726-Residential/ HTTP/1.1" 404 85772 "" "Mozilla/5.0 AppleWebKit/537.36 (KHTML, like Gecko; compatible; bingbot/2.0; +http://www.bing.com/bingbot.htm) Chrome/116.0.1938.76 Safari/537.36" www.jeanscotthomes.com PASS
66.249.74.161 - - [27/Nov/2025:01:24:19 +0000] "GET /real-estate-market-news/central-florida-home-sales/may-2024/page/48/ HTTP/1.1" 301 871 "" "Mozilla/5.0 (Linux; Android 6.0.1; Nexus 5X Build/MMB29P) AppleWebKit/537.36 (KHTML, like Gecko) Chrome/141.0.7390.122 Mobile Safari/537.36 (compatible; Googlebot/2.1; +http://www.google.com/bot.html)" www.jeanscotthomes.com MISS
66.249.74.161 - - [27/Nov/2025:01:25:18 +0000] "GET /real-estate-market-news/central-florida-home-sales/may-2024/page/83/ HTTP/1.1" 301 872 "" "Mozilla/5.0 (Linux; Android 6.0.1; Nexus 5X Build/MMB29P) AppleWebKit/537.36 (KHTML, like Gecko) Chrome/141.0.7390.122 Mobile Safari/537.36 (compatible; Googlebot/2.1; +http://www.google.com/bot.html)" www.jeanscotthomes.com MISS
66.249.74.160 - - [27/Nov/2025:01:25:29 +0000] "GET /real-estate-market-news/central-florida-home-sales/may-2024/page/120/ HTTP/1.1" 301 871 "" "Mozilla/5.0 (Linux; Android 6.0.1; Nexus 5X Build/MMB29P) AppleWebKit/537.36 (KHTML, like Gecko) Chrome/141.0.7390.122 Mobile Safari/537.36 (compatible; Googlebot/2.1; +http://www.google.com/bot.html)" www.jeanscotthomes.com MISS
136.143.179.51 - - [27/Nov/2025:01:25:29 +0000] "GET / HTTP/1.1" 200 31097 "" "Site24x7" www.jeanscotthomes.com HIT
40.77.167.159 - - [27/Nov/2025:01:26:20 +0000] "GET /homes-details/329-EL-DORADO-WINTER-HAVEN-FL-33884/G5104713/32/ HTTP/1.1" 200 15598 "" "Mozilla/5.0 AppleWebKit/537.36 (KHTML, like Gecko; compatible; bingbot/2.0; +http://www.bing.com/bingbot.htm) Chrome/116.0.1938.76 Safari/537.36" www.jeanscotthomes.com MISS
66.249.74.160 - - [27/Nov/2025:01:27:00 +0000] "GET /real-estate-market-news/central-florida-home-sales/may-2024/page/21/ HTTP/1.1" 301 857 "" "Mozilla/5.0 (Linux; Android 6.0.1; Nexus 5X Build/MMB29P) AppleWebKit/537.36 (KHTML, like Gecko) Chrome/141.0.7390.122 Mobile Safari/537.36 (compatible; Googlebot/2.1; +http://www.google.com/bot.html)" www.jeanscotthomes.com MISS
52.167.144.188 - - [27/Nov/2025:01:28:04 +0000] "GET /properties/324938-5006-AVENUE-Tampa-FL-33629-Residential/ HTTP/1.1" 404 85735 "" "Mozilla/5.0 AppleWebKit/537.36 (KHTML, like Gecko; compatible; bingbot/2.0; +http://www.bing.com/bingbot.htm) Chrome/116.0.1938.76 Safari/537.36" www.jeanscotthomes.com PASS
128.140.8.200 - - [27/Nov/2025:01:30:03 +0000] "GET /wp-cron.php?doing_wp_cron HTTP/1.1" 200 845 "" "Mozilla/4.0 (compatible; cron-job.org; http://cron-job.org/abuse/)" www.jeanscotthomes.com PASS
52.167.144.188 - - [27/Nov/2025:01:30:03 +0000] "GET /properties/255346-851-DONNELLY-STREET-MOUNT-DORA-Florida-32757-Commercial-Lease/ HTTP/1.1" 404 85755 "" "Mozilla/5.0 AppleWebKit/537.36 (KHTML, like Gecko; compatible; bingbot/2.0; +http://www.bing.com/bingbot.htm) Chrome/116.0.1938.76 Safari/537.36" www.jeanscotthomes.com PASS
136.143.179.51 - - [27/Nov/2025:01:30:30 +0000] "GET / HTTP/1.1" 200 31097 "" "Site24x7" www.jeanscotthomes.com HIT
52.167.144.188 - - [27/Nov/2025:01:30:44 +0000] "GET /properties/408384-2612-DRIVE-Winter-Park-FL-32789-Residential/ HTTP/1.1" 404 85781 "" "Mozilla/5.0 AppleWebKit/537.36 (KHTML, like Gecko; compatible; bingbot/2.0; +http://www.bing.com/bingbot.htm) Chrome/116.0.1938.76 Safari/537.36" www.jeanscotthomes.com PASS
66.249.74.161 - - [27/Nov/2025:01:31:01 +0000] "GET /homes-details/192-KELLY-CIRCLE-SANFORD-FL-32773/O6363481/32/ HTTP/1.1" 200 84366 "" "Mozilla/5.0 (Linux; Android 6.0.1; Nexus 5X Build/MMB29P) AppleWebKit/537.36 (KHTML, like Gecko) Chrome/141.0.7390.122 Mobile Safari/537.36 (compatible; Googlebot/2.1; +http://www.google.com/bot.html)" www.jeanscotthomes.com MISS
66.249.74.160 - - [27/Nov/2025:01:31:06 +0000] "GET /real-estate-market-news/central-florida-home-sales/may-2024/page/104/ HTTP/1.1" 301 871 "" "Mozilla/5.0 (Linux; Android 6.0.1; Nexus 5X Build/MMB29P) AppleWebKit/537.36 (KHTML, like Gecko) Chrome/141.0.7390.122 Mobile Safari/537.36 (compatible; Googlebot/2.1; +http://www.google.com/bot.html)" www.jeanscotthomes.com MISS
52.167.144.188 - - [27/Nov/2025:01:31:11 +0000] "GET /homes-details/416-TENNESSEE-AVENUE-ST-CLOUD-FL-34769/S5137512/32/ HTTP/1.1" 200 15600 "" "Mozilla/5.0 AppleWebKit/537.36 (KHTML, like Gecko; compatible; bingbot/2.0; +http://www.bing.com/bingbot.htm) Chrome/116.0.1938.76 Safari/537.36" www.jeanscotthomes.com MISS
66.249.74.160 - - [27/Nov/2025:01:31:14 +0000] "GET /real-estate-market-news/central-florida-home-sales/may-2024/page/119/ HTTP/1.1" 301 859 "" "Mozilla/5.0 (Linux; Android 6.0.1; Nexus 5X Build/MMB29P) AppleWebKit/537.36 (KHTML, like Gecko) Chrome/141.0.7390.122 Mobile Safari/537.36 (compatible; Googlebot/2.1; +http://www.google.com/bot.html)" www.jeanscotthomes.com MISS
66.249.74.160 - - [27/Nov/2025:01:31:15 +0000] "GET /real-estate-market-news/central-florida-home-sales/may-2024/page/14/ HTTP/1.1" 301 871 "" "Mozilla/5.0 (Linux; Android 6.0.1; Nexus 5X Build/MMB29P) AppleWebKit/537.36 (KHTML, like Gecko) Chrome/141.0.7390.122 Mobile Safari/537.36 (compatible; Googlebot/2.1; +http://www.google.com/bot.html)" www.jeanscotthomes.com MISS
66.249.74.162 - - [27/Nov/2025:01:32:16 +0000] "GET /real-estate-market-news/central-florida-home-sales/may-2024/page/107/ HTTP/1.1" 301 872 "" "Mozilla/5.0 (Linux; Android 6.0.1; Nexus 5X Build/MMB29P) AppleWebKit/537.36 (KHTML, like Gecko) Chrome/141.0.7390.122 Mobile Safari/537.36 (compatible; Googlebot/2.1; +http://www.google.com/bot.html)" www.jeanscotthomes.com MISS
40.77.167.159 - - [27/Nov/2025:01:33:04 +0000] "GET /featured-listings/ HTTP/1.1" 200 146804 "" "Mozilla/5.0 AppleWebKit/537.36 (KHTML, like Gecko; compatible; bingbot/2.0; +http://www.bing.com/bingbot.htm) Chrome/116.0.1938.76 Safari/537.36" www.jeanscotthomes.com MISS
66.249.74.162 - - [27/Nov/2025:01:34:52 +0000] "GET /homes-details/127-HEATHERBROOKE-CIRCLE-OVIEDO-FL-32765/O6318903/32/ HTTP/1.1" 200 84406 "" "Mozilla/5.0 (Linux; Android 6.0.1; Nexus 5X Build/MMB29P) AppleWebKit/537.36 (KHTML, like Gecko) Chrome/141.0.7390.122 Mobile Safari/537.36 (compatible; Googlebot/2.1; +http://www.google.com/bot.html)" www.jeanscotthomes.com MISS
40.77.167.17 - - [27/Nov/2025:01:35:06 +0000] "GET /nextgen-image/9315/1140x760x85/3981feca1c880297189d6bf08f503ec2 HTTP/1.1" 200 3518 "" "Mozilla/5.0 AppleWebKit/537.36 (KHTML, like Gecko; compatible; bingbot/2.0; +http://www.bing.com/bingbot.htm) Chrome/116.0.1938.76 Safari/537.36" www.jeanscotthomes.com MISS
40.77.167.17 - - [27/Nov/2025:01:35:22 +0000] "GET /homes-details/10061-DULBECCO-STREET-ORLANDO-FL-32827/G5097966/32/ HTTP/1.1" 200 84395 "" "Mozilla/5.0 AppleWebKit/537.36 (KHTML, like Gecko; compatible; bingbot/2.0; +http://www.bing.com/bingbot.htm) Chrome/116.0.1938.76 Safari/537.36" www.jeanscotthomes.com MISS
136.143.178.51 - - [27/Nov/2025:01:35:31 +0000] "GET / HTTP/1.1" 200 31097 "" "Site24x7" www.jeanscotthomes.com HIT
40.77.167.17 - - [27/Nov/2025:01:36:01 +0000] "GET /properties/327179-843-AVENUE-Clearwater-Beach-FL-33767-Residential/ HTTP/1.1" 404 85761 "" "Mozilla/5.0 AppleWebKit/537.36 (KHTML, like Gecko; compatible; bingbot/2.0; +http://www.bing.com/bingbot.htm) Chrome/116.0.1938.76 Safari/537.36" www.jeanscotthomes.com PASS
