40.77.167.7 - - [29/Nov/2025:02:19:52 +0000] "GET /properties/324369-3907-STREET-Tampa-FL-33607-Residential/ HTTP/1.1" 404 85694 "" "Mozilla/5.0 AppleWebKit/537.36 (KHTML, like Gecko; compatible; bingbot/2.0; +http://www.bing.com/bingbot.htm) Chrome/116.0.1938.76 Safari/537.36" www.jeanscotthomes.com PASS
74.125.217.162 - - [29/Nov/2025:02:20:05 +0000] "GET /resources/homebuyers/foreclosures-on-zillow/ HTTP/1.1" 200 92587 "" "Mozilla/5.0 (Linux; Android 6.0.1; Nexus 5X Build/MMB29P) AppleWebKit/537.36 (KHTML, like Gecko) Chrome/141.0.7390.122 Mobile Safari/537.36 (compatible; AdsBot-Google-Mobile; +http://www.google.com/mobile/adsbot.html)" www.jeanscotthomes.com MISS
66.249.74.161 - - [29/Nov/2025:02:20:12 +0000] "GET /homes-details/1606-LAKE-MARGARET-DR-ORLANDO-FL-32806/O6337766/32/ HTTP/1.1" 200 15569 "" "Mozilla/5.0 (Linux; Android 6.0.1; Nexus 5X Build/MMB29P) AppleWebKit/537.36 (KHTML, like Gecko) Chrome/141.0.7390.122 Mobile Safari/537.36 (compatible; Googlebot/2.1; +http://www.google.com/bot.html)" www.jeanscotthomes.com MISS
66.249.74.160 - - [29/Nov/2025:02:20:19 +0000] "GET /homes-details/11941-STORY-TIME-DR-ORLANDO-FL-32832/O6361745/32/ HTTP/1.1" 200 15555 "" "Mozilla/5.0 (Linux; Android 6.0.1; Nexus 5X Build/MMB29P) AppleWebKit/537.36 (KHTML, like Gecko) Chrome/141.0.7390.122 Mobile Safari/537.36 (compatible; Googlebot/2.1; +http://www.google.com/bot.html)" www.jeanscotthomes.com MISS
52.167.144.169 - - [29/Nov/2025:02:20:20 +0000] "GET /homes-details/1127-W-HARVARD-ST-ORLANDO-FL-32804/O6360157/32/ HTTP/1.1" 200 84354 "" "Mozilla/5.0 AppleWebKit/537.36 (KHTML, like Gecko; compatible; bingbot/2.0; +http://www.bing.com/bingbot.htm) Chrome/116.0.1938.76 Safari/537.36" www.jeanscotthomes.com MISS
66.249.74.160 - - [29/Nov/2025:02:20:24 +0000] "GET /homes-details/177-MITCHELL-CREEK-WAY-OVIEDO-FL-32765/O6342167/32/ HTTP/1.1" 200 84353 "" "Mozilla/5.0 (Linux; Android 6.0.1; Nexus 5X Build/MMB29P) AppleWebKit/537.36 (KHTML, like Gecko) Chrome/141.0.7390.122 Mobile Safari/537.36 (compatible; Googlebot/2.1; +http://www.google.com/bot.html)" www.jeanscotthomes.com MISS
40.77.167.13 - - [29/Nov/2025:02:20:32 +0000] "GET /homes-details/3326-WOLF-LAKE-AVENUE-APOPKA-FL-32712/O6355342/32/ HTTP/1.1" 200 84346 "" "Mozilla/5.0 AppleWebKit/537.36 (KHTML, like Gecko; compatible; bingbot/2.0; +http://www.bing.com/bingbot.htm) Chrome/116.0.1938.76 Safari/537.36" www.jeanscotthomes.com MISS
40.77.167.13 - - [29/Nov/2025:02:20:35 +0000] "GET /homes-details/286-MILEHAM-DR-ORLANDO-FL-32835/O6329251/32/ HTTP/1.1" 200 84331 "" "Mozilla/5.0 AppleWebKit/537.36 (KHTML, like Gecko; compatible; bingbot/2.0; +http://www.bing.com/bingbot.htm) Chrome/116.0.1938.76 Safari/537.36" www.jeanscotthomes.com MISS
52.167.144.169 - - [29/Nov/2025:02:20:42 +0000] "GET /featured-listing/homes-for-sale-and-sold-in-winter-springs-florida/1048-winter-springs-blvd-winter-springs-fl-32708/ HTTP/1.1" 301 837 "" "Mozilla/5.0 AppleWebKit/537.36 (KHTML, like Gecko; compatible; bingbot/2.0; +http://www.bing.com/bingbot.htm) Chrome/116.0.1938.76 Safari/537.36" www.jeanscotthomes.com MISS
85.208.96.203 - - [29/Nov/2025:02:20:47 +0000] "GET /featured-listings/2175-inverness-ct-oviedo-fl-32765/ HTTP/1.1" 200 95496 "" "Mozilla/5.0 (compatible; SemrushBot/7~bl; +http://www.semrush.com/bot.html)" www.jeanscotthomes.com MISS
66.249.74.160 - - [29/Nov/2025:02:21:14 +0000] "GET /homes-details/13055-OVERSTREET-RD-WINDERMERE-FL-34786/O6314641/32/ HTTP/1.1" 200 15558 "" "Mozilla/5.0 (Linux; Android 6.0.1; Nexus 5X Build/MMB29P) AppleWebKit/537.36 (KHTML, like Gecko) Chrome/141.0.7390.122 Mobile Safari/537.36 (compatible; Googlebot/2.1; +http://www.google.com/bot.html)" www.jeanscotthomes.com MISS
136.143.178.50 - - [29/Nov/2025:02:21:38 +0000] "GET / HTTP/1.1" 200 31056 "" "Site24x7" www.jeanscotthomes.com HIT
52.167.144.169 - - [29/Nov/2025:02:21:40 +0000] "GET /homes-details/1606-LAKE-MARGARET-DR-ORLANDO-FL-32806/O6337766/32/ HTTP/1.1" 200 84373 "" "Mozilla/5.0 AppleWebKit/537.36 (KHTML, like Gecko; compatible; bingbot/2.0; +http://www.bing.com/bingbot.htm) Chrome/116.0.1938.76 Safari/537.36" www.jeanscotthomes.com MISS
66.249.83.130 - - [29/Nov/2025:02:22:00 +0000] "GET /homes-details/520-LAKE-MILLS-ROAD-CHULUOTA-FL-32766/O6363535/32/ HTTP/1.1" 200 15556 "" "Mozilla/5.0 (Linux; Android 10; K) AppleWebKit/537.36 (KHTML, like Gecko) Chrome/138.0.0.0 Mobile Safari/537.36 (compatible; Google-Read-Aloud; +https://support.google.com/webmasters/answer/1061943)" www.jeanscotthomes.com MISS
40.77.167.13 - - [29/Nov/2025:02:22:12 +0000] "GET /homes-details/177-MITCHELL-CREEK-WAY-OVIEDO-FL-32765/O6342167/32/ HTTP/1.1" 200 84353 "" "Mozilla/5.0 AppleWebKit/537.36 (KHTML, like Gecko; compatible; bingbot/2.0; +http://www.bing.com/bingbot.htm) Chrome/116.0.1938.76 Safari/537.36" www.jeanscotthomes.com MISS
66.249.74.160 - - [29/Nov/2025:02:22:42 +0000] "GET /homes-details/819-E-PINE-ST-ORLANDO-FL-32801/O6359705/32/ HTTP/1.1" 200 15552 "" "Mozilla/5.0 (Linux; Android 6.0.1; Nexus 5X Build/MMB29P) AppleWebKit/537.36 (KHTML, like Gecko) Chrome/141.0.7390.122 Mobile Safari/537.36 (compatible; Googlebot/2.1; +http://www.google.com/bot.html)" www.jeanscotthomes.com MISS
40.77.167.48 - - [29/Nov/2025:02:23:02 +0000] "GET /homes-details/1252-PANDO-LOOP-ORLANDO-FL-32824/G5103698/32/ HTTP/1.1" 200 84319 "" "Mozilla/5.0 AppleWebKit/537.36 (KHTML, like Gecko; compatible; bingbot/2.0; +http://www.bing.com/bingbot.htm) Chrome/116.0.1938.76 Safari/537.36" www.jeanscotthomes.com MISS
185.191.171.8 - - [29/Nov/2025:02:23:05 +0000] "GET /featured-listings/2290-foliage-oak-ter-oviedo-fl-32766/ HTTP/1.1" 200 93978 "" "Mozilla/5.0 (compatible; SemrushBot/7~bl; +http://www.semrush.com/bot.html)" www.jeanscotthomes.com MISS
66.249.74.162 - - [29/Nov/2025:02:23:19 +0000] "GET /homes-details/1544-OBERLIN-TER-LAKE-MARY-FL-32746/O6330789/32/ HTTP/1.1" 200 15547 "" "Mozilla/5.0 (Linux; Android 6.0.1; Nexus 5X Build/MMB29P) AppleWebKit/537.36 (KHTML, like Gecko) Chrome/141.0.7390.122 Mobile Safari/537.36 (compatible; Googlebot/2.1; +http://www.google.com/bot.html)" www.jeanscotthomes.com MISS
66.249.74.160 - - [29/Nov/2025:02:23:23 +0000] "GET /homes-details/6298-LAKEPINE-STREET-ST-CLOUD-FL-34771/O6358743/32/ HTTP/1.1" 200 84357 "" "Mozilla/5.0 (Linux; Android 6.0.1; Nexus 5X Build/MMB29P) AppleWebKit/537.36 (KHTML, like Gecko) Chrome/141.0.7390.122 Mobile Safari/537.36 (compatible; Googlebot/2.1; +http://www.google.com/bot.html)" www.jeanscotthomes.com MISS
40.77.167.48 - - [29/Nov/2025:02:23:40 +0000] "GET /homes-details/819-E-PINE-ST-ORLANDO-FL-32801/O6359705/32/ HTTP/1.1" 200 84331 "" "Mozilla/5.0 AppleWebKit/537.36 (KHTML, like Gecko; compatible; bingbot/2.0; +http://www.bing.com/bingbot.htm) Chrome/116.0.1938.76 Safari/537.36" www.jeanscotthomes.com MISS
23.97.109.237 - - [29/Nov/2025:02:23:42 +0000] "GET /real-estate-market-news/central-florida-home-sales/january-2024/ HTTP/1.1" 200 117752 "" "Mozilla/5.0 AppleWebKit/537.36 (KHTML, like Gecko); compatible; ChatGPT-User/1.0; +https://openai.com/bot" www.jeanscotthomes.com MISS
66.249.74.160 - - [29/Nov/2025:02:23:55 +0000] "GET /homes-details/7333-IVY-TENDRIL-AVE-ORLANDO-FL-32829/O6360081/32/ HTTP/1.1" 200 15566 "" "Mozilla/5.0 (Linux; Android 6.0.1; Nexus 5X Build/MMB29P) AppleWebKit/537.36 (KHTML, like Gecko) Chrome/141.0.7390.122 Mobile Safari/537.36 (compatible; Googlebot/2.1; +http://www.google.com/bot.html)" www.jeanscotthomes.com MISS
52.167.144.169 - - [29/Nov/2025:02:24:02 +0000] "GET /homes-details/615-NEWHALL-LANE-DEBARY-FL-32713/V4945735/32/ HTTP/1.1" 200 84317 "" "Mozilla/5.0 AppleWebKit/537.36 (KHTML, like Gecko; compatible; bingbot/2.0; +http://www.bing.com/bingbot.htm) Chrome/116.0.1938.76 Safari/537.36" www.jeanscotthomes.com MISS
66.249.74.160 - - [29/Nov/2025:02:24:49 +0000] "GET /homes-details/3185-HARDWOOD-HAMMOCK-DR-ORLANDO-FL-32824/O6362203/32/ HTTP/1.1" 200 84391 "" "Mozilla/5.0 (Linux; Android 6.0.1; Nexus 5X Build/MMB29P) AppleWebKit/537.36 (KHTML, like Gecko) Chrome/141.0.7390.122 Mobile Safari/537.36 (compatible; Googlebot/2.1; +http://www.google.com/bot.html)" www.jeanscotthomes.com MISS
66.249.74.160 - - [29/Nov/2025:02:24:58 +0000] "GET /homes-details/8626-CRESCENDO-AVE-WINDERMERE-FL-34786/O6346151/32/ HTTP/1.1" 200 15568 "" "Mozilla/5.0 (Linux; Android 6.0.1; Nexus 5X Build/MMB29P) AppleWebKit/537.36 (KHTML, like Gecko) Chrome/141.0.7390.122 Mobile Safari/537.36 (compatible; Googlebot/2.1; +http://www.google.com/bot.html)" www.jeanscotthomes.com MISS
40.77.167.48 - - [29/Nov/2025:02:24:59 +0000] "GET /homes-details/1544-OBERLIN-TER-LAKE-MARY-FL-32746/O6330789/32/ HTTP/1.1" 200 84351 "" "Mozilla/5.0 AppleWebKit/537.36 (KHTML, like Gecko; compatible; bingbot/2.0; +http://www.bing.com/bingbot.htm) Chrome/116.0.1938.76 Safari/537.36" www.jeanscotthomes.com MISS
85.208.96.201 - - [29/Nov/2025:02:25:18 +0000] "GET /featured-listings/775-whitewood-dr-deltona-fl-32725/ HTTP/1.1" 200 150322 "" "Mozilla/5.0 (compatible; SemrushBot/7~bl; +http://www.semrush.com/bot.html)" www.jeanscotthomes.com MISS
66.249.74.162 - - [29/Nov/2025:02:25:42 +0000] "GET /homes-details/122-WISTERIA-DR-LONGWOOD-FL-32779/O6359633/32/ HTTP/1.1" 200 84333 "" "Mozilla/5.0 (Linux; Android 6.0.1; Nexus 5X Build/MMB29P) AppleWebKit/537.36 (KHTML, like Gecko) Chrome/141.0.7390.122 Mobile Safari/537.36 (compatible; Googlebot/2.1; +http://www.google.com/bot.html)" www.jeanscotthomes.com MISS
40.77.167.13 - - [29/Nov/2025:02:26:23 +0000] "GET /homes-details/3185-HARDWOOD-HAMMOCK-DR-ORLANDO-FL-32824/O6362203/32/ HTTP/1.1" 200 84391 "" "Mozilla/5.0 AppleWebKit/537.36 (KHTML, like Gecko; compatible; bingbot/2.0; +http://www.bing.com/bingbot.htm) Chrome/116.0.1938.76 Safari/537.36" www.jeanscotthomes.com MISS
66.249.74.160 - - [29/Nov/2025:02:26:36 +0000] "GET /homes-details/3144-PLAYERS-VIEW-CIR-LONGWOOD-FL-32779/O6362382/32/ HTTP/1.1" 200 84381 "" "Mozilla/5.0 (Linux; Android 6.0.1; Nexus 5X Build/MMB29P) AppleWebKit/537.36 (KHTML, like Gecko) Chrome/141.0.7390.122 Mobile Safari/537.36 (compatible; Googlebot/2.1; +http://www.google.com/bot.html)" www.jeanscotthomes.com MISS
136.143.178.50 - - [29/Nov/2025:02:26:39 +0000] "GET / HTTP/1.1" 200 31056 "" "Site24x7" www.jeanscotthomes.com HIT
40.77.167.13 - - [29/Nov/2025:02:26:43 +0000] "GET /homes-details/122-WISTERIA-DR-LONGWOOD-FL-32779/O6359633/32/ HTTP/1.1" 200 84331 "" "Mozilla/5.0 AppleWebKit/537.36 (KHTML, like Gecko; compatible; bingbot/2.0; +http://www.bing.com/bingbot.htm) Chrome/116.0.1938.76 Safari/537.36" www.jeanscotthomes.com MISS
66.249.74.160 - - [29/Nov/2025:02:27:30 +0000] "GET /homes-details/801-ELLENDALE-DR-WINTER-PARK-FL-32792/O6361925/32/ HTTP/1.1" 200 84361 "" "Mozilla/5.0 (Linux; Android 6.0.1; Nexus 5X Build/MMB29P) AppleWebKit/537.36 (KHTML, like Gecko) Chrome/141.0.7390.122 Mobile Safari/537.36 (compatible; Googlebot/2.1; +http://www.google.com/bot.html)" www.jeanscotthomes.com MISS
40.77.167.48 - - [29/Nov/2025:02:28:00 +0000] "GET /homes-details/3144-PLAYERS-VIEW-CIR-LONGWOOD-FL-32779/O6362382/32/ HTTP/1.1" 200 84381 "" "Mozilla/5.0 AppleWebKit/537.36 (KHTML, like Gecko; compatible; bingbot/2.0; +http://www.bing.com/bingbot.htm) Chrome/116.0.1938.76 Safari/537.36" www.jeanscotthomes.com MISS
40.77.167.13 - - [29/Nov/2025:02:28:33 +0000] "GET /homes-details/1613-ORIOLE-AVENUE-ORLANDO-FL-32803/O6362812/32/ HTTP/1.1" 200 84337 "" "Mozilla/5.0 AppleWebKit/537.36 (KHTML, like Gecko; compatible; bingbot/2.0; +http://www.bing.com/bingbot.htm) Chrome/116.0.1938.76 Safari/537.36" www.jeanscotthomes.com MISS
40.77.167.13 - - [29/Nov/2025:02:28:43 +0000] "GET /homes-details/801-ELLENDALE-DR-WINTER-PARK-FL-32792/O6361925/32/ HTTP/1.1" 200 84375 "" "Mozilla/5.0 AppleWebKit/537.36 (KHTML, like Gecko; compatible; bingbot/2.0; +http://www.bing.com/bingbot.htm) Chrome/116.0.1938.76 Safari/537.36" www.jeanscotthomes.com MISS
66.249.74.160 - - [29/Nov/2025:02:29:17 +0000] "GET /homes-details/8726-GREENBANK-BLVD-WINDERMERE-FL-34786/O6362458/32/ HTTP/1.1" 200 15580 "" "Mozilla/5.0 (Linux; Android 6.0.1; Nexus 5X Build/MMB29P) AppleWebKit/537.36 (KHTML, like Gecko) Chrome/141.0.7390.122 Mobile Safari/537.36 (compatible; Googlebot/2.1; +http://www.google.com/bot.html)" www.jeanscotthomes.com MISS
52.167.144.169 - - [29/Nov/2025:02:29:40 +0000] "GET /homes-details/212-E-SWEETWATER-CREEK-DR-LONGWOOD-FL-32779/O6346223/32/ HTTP/1.1" 200 84405 "" "Mozilla/5.0 AppleWebKit/537.36 (KHTML, like Gecko; compatible; bingbot/2.0; +http://www.bing.com/bingbot.htm) Chrome/116.0.1938.76 Safari/537.36" www.jeanscotthomes.com MISS
128.140.8.200 - - [29/Nov/2025:02:30:03 +0000] "GET /wp-cron.php?doing_wp_cron HTTP/1.1" 200 845 "" "Mozilla/4.0 (compatible; cron-job.org; http://cron-job.org/abuse/)" www.jeanscotthomes.com PASS
66.249.74.161 - - [29/Nov/2025:02:30:09 +0000] "GET /homes-details/11520-VIA-LUCERNA-CIR-WINDERMERE-FL-34786/O6326550/32/ HTTP/1.1" 200 15575 "" "Mozilla/5.0 (Linux; Android 6.0.1; Nexus 5X Build/MMB29P) AppleWebKit/537.36 (KHTML, like Gecko) Chrome/141.0.7390.122 Mobile Safari/537.36 (compatible; Googlebot/2.1; +http://www.google.com/bot.html)" www.jeanscotthomes.com MISS
52.167.144.169 - - [29/Nov/2025:02:30:11 +0000] "GET /homes-details/8726-GREENBANK-BLVD-WINDERMERE-FL-34786/O6362458/32/ HTTP/1.1" 200 84397 "" "Mozilla/5.0 AppleWebKit/537.36 (KHTML, like Gecko; compatible; bingbot/2.0; +http://www.bing.com/bingbot.htm) Chrome/116.0.1938.76 Safari/537.36" www.jeanscotthomes.com MISS
66.249.74.160 - - [29/Nov/2025:02:30:11 +0000] "GET /featured-listing/oviedo-florida/riverside/1805-greenbrook-ct-oviedo-fl-32766/ HTTP/1.1" 301 823 "" "Mozilla/5.0 (Linux; Android 6.0.1; Nexus 5X Build/MMB29P) AppleWebKit/537.36 (KHTML, like Gecko) Chrome/141.0.7390.122 Mobile Safari/537.36 (compatible; Googlebot/2.1; +http://www.google.com/bot.html)" www.jeanscotthomes.com MISS
66.249.74.162 - - [29/Nov/2025:02:30:12 +0000] "GET /featured-listings/1805-greenbrook-ct-oviedo-fl-32766/ HTTP/1.1" 200 97650 "" "Mozilla/5.0 (Linux; Android 6.0.1; Nexus 5X Build/MMB29P) AppleWebKit/537.36 (KHTML, like Gecko) Chrome/141.0.7390.122 Mobile Safari/537.36 (compatible; Googlebot/2.1; +http://www.google.com/bot.html)" www.jeanscotthomes.com MISS
66.249.74.161 - - [29/Nov/2025:02:31:24 +0000] "GET /homes-details/535-DOWNING-CIRCLE-DAVENPORT-FL-33897/O6356346/32/ HTTP/1.1" 200 84353 "" "Mozilla/5.0 (Linux; Android 6.0.1; Nexus 5X Build/MMB29P) AppleWebKit/537.36 (KHTML, like Gecko) Chrome/141.0.7390.122 Mobile Safari/537.36 (compatible; Googlebot/2.1; +http://www.google.com/bot.html)" www.jeanscotthomes.com MISS
136.143.178.50 - - [29/Nov/2025:02:31:40 +0000] "GET / HTTP/1.1" 200 31057 "" "Site24x7" www.jeanscotthomes.com HIT
66.249.74.161 - - [29/Nov/2025:02:32:03 +0000] "GET /homes-details/218-SAN-FERNANDO-COURT-SANFORD-FL-32773/O6359195/32/ HTTP/1.1" 200 84361 "" "Mozilla/5.0 (Linux; Android 6.0.1; Nexus 5X Build/MMB29P) AppleWebKit/537.36 (KHTML, like Gecko) Chrome/141.0.7390.122 Mobile Safari/537.36 (compatible; Googlebot/2.1; +http://www.google.com/bot.html)" www.jeanscotthomes.com MISS
40.77.167.79 - - [29/Nov/2025:02:32:44 +0000] "GET /properties/306022-607-JEFFERSON-STREET-NEW-SMYRNA-BEACH-Florida-32168-Residential/ HTTP/1.1" 404 85782 "" "Mozilla/5.0 AppleWebKit/537.36 (KHTML, like Gecko; compatible; bingbot/2.0; +http://www.bing.com/bingbot.htm) Chrome/116.0.1938.76 Safari/537.36" www.jeanscotthomes.com PASS
66.249.74.160 - - [29/Nov/2025:02:33:16 +0000] "GET /featured-listings/10612-gawsworth-pt-orlando-fl-32832/ HTTP/1.1" 200 98481 "" "Mozilla/5.0 (Linux; Android 6.0.1; Nexus 5X Build/MMB29P) AppleWebKit/537.36 (KHTML, like Gecko) Chrome/141.0.7390.122 Mobile Safari/537.36 (compatible; Googlebot/2.1; +http://www.google.com/bot.html)" www.jeanscotthomes.com MISS
66.249.74.160 - - [29/Nov/2025:02:33:17 +0000] "GET /homes-details/2228-CHRIS-DRIVE-WINTER-HAVEN-FL-33884/O6363549/32/ HTTP/1.1" 200 84364 "" "Mozilla/5.0 (Linux; Android 6.0.1; Nexus 5X Build/MMB29P) AppleWebKit/537.36 (KHTML, like Gecko) Chrome/141.0.7390.122 Mobile Safari/537.36 (compatible; Googlebot/2.1; +http://www.google.com/bot.html)" www.jeanscotthomes.com MISS
66.249.74.169 - - [29/Nov/2025:02:33:54 +0000] "GET /homes-details/595-HUNTINGTON-AVE-UNIT-4-WINTER-PARK-FL-32789/O6329412/32/ HTTP/1.1" 200 15577 "" "Mozilla/5.0 (Linux; Android 6.0.1; Nexus 5X Build/MMB29P) AppleWebKit/537.36 (KHTML, like Gecko) Chrome/141.0.7390.122 Mobile Safari/537.36 (compatible; Googlebot/2.1; +http://www.google.com/bot.html)" www.jeanscotthomes.com MISS
40.77.167.79 - - [29/Nov/2025:02:34:12 +0000] "GET /nextgen-image/6551/2400x1600x85/e621b36496f10d8c5f3fbc2e53fa7c1f HTTP/1.1" 200 3518 "" "Mozilla/5.0 AppleWebKit/537.36 (KHTML, like Gecko; compatible; bingbot/2.0; +http://www.bing.com/bingbot.htm) Chrome/116.0.1938.76 Safari/537.36" www.jeanscotthomes.com MISS
66.249.74.160 - - [29/Nov/2025:02:35:07 +0000] "GET /real-estate-market-news/central-florida-home-sales/page/4/ HTTP/1.1" 200 107377 "" "Mozilla/5.0 (Linux; Android 6.0.1; Nexus 5X Build/MMB29P) AppleWebKit/537.36 (KHTML, like Gecko) Chrome/141.0.7390.122 Mobile Safari/537.36 (compatible; Googlebot/2.1; +http://www.google.com/bot.html)" www.jeanscotthomes.com MISS
66.249.74.161 - - [29/Nov/2025:02:35:10 +0000] "GET /homes-details/12112-SHALLOT-ST-ORLANDO-FL-32837/O6363399/32/ HTTP/1.1" 200 84349 "" "Mozilla/5.0 (Linux; Android 6.0.1; Nexus 5X Build/MMB29P) AppleWebKit/537.36 (KHTML, like Gecko) Chrome/141.0.7390.122 Mobile Safari/537.36 (compatible; Googlebot/2.1; +http://www.google.com/bot.html)" www.jeanscotthomes.com MISS
52.167.144.183 - - [29/Nov/2025:02:35:31 +0000] "GET /homes-details/595-HUNTINGTON-AVE-UNIT-4-WINTER-PARK-FL-32789/O6329412/32/ HTTP/1.1" 200 84405 "" "Mozilla/5.0 AppleWebKit/537.36 (KHTML, like Gecko; compatible; bingbot/2.0; +http://www.bing.com/bingbot.htm) Chrome/116.0.1938.76 Safari/537.36" www.jeanscotthomes.com MISS
66.249.74.160 - - [29/Nov/2025:02:36:23 +0000] "GET /homes-details/17617-WOODFIELD-HILL-CT-ORLANDO-FL-32820/O6348932/32/ HTTP/1.1" 200 84373 "" "Mozilla/5.0 (Linux; Android 6.0.1; Nexus 5X Build/MMB29P) AppleWebKit/537.36 (KHTML, like Gecko) Chrome/141.0.7390.122 Mobile Safari/537.36 (compatible; Googlebot/2.1; +http://www.google.com/bot.html)" www.jeanscotthomes.com MISS
66.249.74.160 - - [29/Nov/2025:02:36:27 +0000] "GET /homes-details/694-ANDOVER-CIR-WINTER-SPRINGS-FL-32708/O6348699/32/ HTTP/1.1" 200 15567 "" "Mozilla/5.0 (Linux; Android 6.0.1; Nexus 5X Build/MMB29P) AppleWebKit/537.36 (KHTML, like Gecko) Chrome/141.0.7390.122 Mobile Safari/537.36 (compatible; Googlebot/2.1; +http://www.google.com/bot.html)" www.jeanscotthomes.com MISS
66.249.74.160 - - [29/Nov/2025:02:36:29 +0000] "GET /homes-details/330-LAKE-RD-LAKE-MARY-FL-32746/O6328153/32/ HTTP/1.1" 200 15539 "" "Mozilla/5.0 (Linux; Android 6.0.1; Nexus 5X Build/MMB29P) AppleWebKit/537.36 (KHTML, like Gecko) Chrome/141.0.7390.122 Mobile Safari/537.36 (compatible; Googlebot/2.1; +http://www.google.com/bot.html)" www.jeanscotthomes.com MISS
40.77.167.79 - - [29/Nov/2025:02:36:34 +0000] "GET /homes-details/12112-SHALLOT-ST-ORLANDO-FL-32837/O6363399/32/ HTTP/1.1" 200 84349 "" "Mozilla/5.0 AppleWebKit/537.36 (KHTML, like Gecko; compatible; bingbot/2.0; +http://www.bing.com/bingbot.htm) Chrome/116.0.1938.76 Safari/537.36" www.jeanscotthomes.com MISS
136.143.179.50 - - [29/Nov/2025:02:36:41 +0000] "GET / HTTP/1.1" 200 31056 "" "Site24x7" www.jeanscotthomes.com HIT
40.84.221.210 - - [29/Nov/2025:02:36:49 +0000] "GET /central-florida/oviedo/ HTTP/1.1" 200 22683 "" "Mozilla/5.0 AppleWebKit/537.36 (KHTML, like Gecko); compatible; ChatGPT-User/1.0; +https://openai.com/bot" www.jeanscotthomes.com MISS
40.84.221.217 - - [29/Nov/2025:02:36:49 +0000] "GET /central-florida/oviedo/live-oak-reserve/ HTTP/1.1" 200 21407 "" "Mozilla/5.0 AppleWebKit/537.36 (KHTML, like Gecko); compatible; ChatGPT-User/1.0; +https://openai.com/bot" www.jeanscotthomes.com MISS
54.39.203.217 - - [29/Nov/2025:02:36:51 +0000] "GET /homes-open-houses/Central-Florida-Luxury-Estate-Homes/2890760/ HTTP/1.1" 403 83754 "" "Mozilla/5.0 (compatible; AhrefsBot/7.0; +http://ahrefs.com/robot/)" www.jeanscotthomes.com PASS
40.77.167.79 - - [29/Nov/2025:02:37:04 +0000] "GET /homes-details/330-LAKE-RD-LAKE-MARY-FL-32746/O6328153/32/ HTTP/1.1" 200 84323 "" "Mozilla/5.0 AppleWebKit/537.36 (KHTML, like Gecko; compatible; bingbot/2.0; +http://www.bing.com/bingbot.htm) Chrome/116.0.1938.76 Safari/537.36" www.jeanscotthomes.com MISS
40.77.167.74 - - [29/Nov/2025:02:37:08 +0000] "GET /nextgen-image/3705/2048x1365x85/01b523b869e9f0fe38f436fd8664030b HTTP/1.1" 200 246996 "" "Mozilla/5.0 AppleWebKit/537.36 (KHTML, like Gecko; compatible; bingbot/2.0; +http://www.bing.com/bingbot.htm) Chrome/116.0.1938.76 Safari/537.36" www.jeanscotthomes.com MISS
66.249.74.160 - - [29/Nov/2025:02:37:42 +0000] "GET /homes-details/10459-STAPELEY-DR-ORLANDO-FL-32832/O6362616/32/ HTTP/1.1" 200 84348 "" "Mozilla/5.0 (Linux; Android 6.0.1; Nexus 5X Build/MMB29P) AppleWebKit/537.36 (KHTML, like Gecko) Chrome/141.0.7390.122 Mobile Safari/537.36 (compatible; Googlebot/2.1; +http://www.google.com/bot.html)" www.jeanscotthomes.com MISS
52.167.144.183 - - [29/Nov/2025:02:38:01 +0000] "GET /homes-details/694-ANDOVER-CIR-WINTER-SPRINGS-FL-32708/O6348699/32/ HTTP/1.1" 200 84393 "" "Mozilla/5.0 AppleWebKit/537.36 (KHTML, like Gecko; compatible; bingbot/2.0; +http://www.bing.com/bingbot.htm) Chrome/116.0.1938.76 Safari/537.36" www.jeanscotthomes.com MISS
66.249.74.161 - - [29/Nov/2025:02:38:29 +0000] "GET /homes-details/104-N-SILVER-CLUSTER-CT-LONGWOOD-FL-32750/O6357440/32/ HTTP/1.1" 200 15567 "" "Mozilla/5.0 (Linux; Android 6.0.1; Nexus 5X Build/MMB29P) AppleWebKit/537.36 (KHTML, like Gecko) Chrome/141.0.7390.122 Mobile Safari/537.36 (compatible; Googlebot/2.1; +http://www.google.com/bot.html)" www.jeanscotthomes.com MISS
52.167.144.183 - - [29/Nov/2025:02:38:42 +0000] "GET /homes-details/17617-WOODFIELD-HILL-CT-ORLANDO-FL-32820/O6348932/32/ HTTP/1.1" 200 84370 "" "Mozilla/5.0 AppleWebKit/537.36 (KHTML, like Gecko; compatible; bingbot/2.0; +http://www.bing.com/bingbot.htm) Chrome/116.0.1938.76 Safari/537.36" www.jeanscotthomes.com MISS
40.77.167.79 - - [29/Nov/2025:02:38:54 +0000] "GET /homes-details/10459-STAPELEY-DR-ORLANDO-FL-32832/O6362616/32/ HTTP/1.1" 200 84348 "" "Mozilla/5.0 AppleWebKit/537.36 (KHTML, like Gecko; compatible; bingbot/2.0; +http://www.bing.com/bingbot.htm) Chrome/116.0.1938.76 Safari/537.36" www.jeanscotthomes.com MISS
40.77.167.79 - - [29/Nov/2025:02:38:58 +0000] "GET /news-and-information/12/ HTTP/1.1" 301 824 "" "Mozilla/5.0 AppleWebKit/537.36 (KHTML, like Gecko; compatible; bingbot/2.0; +http://www.bing.com/bingbot.htm) Chrome/116.0.1938.76 Safari/537.36" www.jeanscotthomes.com MISS
66.249.74.160 - - [29/Nov/2025:02:39:06 +0000] "GET /homes-details/11951-GREAT-COMMISSION-WAY-ORLANDO-FL-32832/O6332973/32/ HTTP/1.1" 200 15569 "" "Mozilla/5.0 (Linux; Android 6.0.1; Nexus 5X Build/MMB29P) AppleWebKit/537.36 (KHTML, like Gecko) Chrome/141.0.7390.122 Mobile Safari/537.36 (compatible; Googlebot/2.1; +http://www.google.com/bot.html)" www.jeanscotthomes.com MISS
66.249.74.161 - - [29/Nov/2025:02:40:19 +0000] "GET /homes-details/2317-READING-DR-ORLANDO-FL-32804/O6359865/32/ HTTP/1.1" 200 84337 "" "Mozilla/5.0 (Linux; Android 6.0.1; Nexus 5X Build/MMB29P) AppleWebKit/537.36 (KHTML, like Gecko) Chrome/141.0.7390.122 Mobile Safari/537.36 (compatible; Googlebot/2.1; +http://www.google.com/bot.html)" www.jeanscotthomes.com MISS
40.77.167.74 - - [29/Nov/2025:02:40:22 +0000] "GET /homes-details/104-N-SILVER-CLUSTER-CT-LONGWOOD-FL-32750/O6357440/32/ HTTP/1.1" 200 84393 "" "Mozilla/5.0 AppleWebKit/537.36 (KHTML, like Gecko; compatible; bingbot/2.0; +http://www.bing.com/bingbot.htm) Chrome/116.0.1938.76 Safari/537.36" www.jeanscotthomes.com MISS
52.167.144.183 - - [29/Nov/2025:02:40:45 +0000] "GET /properties/297608-420-CIRCLE-Kissimmee-FL-34758-Residential/ HTTP/1.1" 404 85699 "" "Mozilla/5.0 AppleWebKit/537.36 (KHTML, like Gecko; compatible; bingbot/2.0; +http://www.bing.com/bingbot.htm) Chrome/116.0.1938.76 Safari/537.36" www.jeanscotthomes.com PASS
66.249.74.169 - - [29/Nov/2025:02:40:59 +0000] "GET /featured-listings/109-sandy-oaks-pl-longwood-fl-32779/ HTTP/1.1" 200 92238 "" "Mozilla/5.0 (Linux; Android 6.0.1; Nexus 5X Build/MMB29P) AppleWebKit/537.36 (KHTML, like Gecko) Chrome/141.0.7390.122 Mobile Safari/537.36 (compatible; Googlebot/2.1; +http://www.google.com/bot.html)" www.jeanscotthomes.com MISS
66.249.74.169 - - [29/Nov/2025:02:41:01 +0000] "GET /homes-details/13618-HEANEY-AVE-ORLANDO-FL-32827/O6316777/32/ HTTP/1.1" 200 84342 "" "Mozilla/5.0 (Linux; Android 6.0.1; Nexus 5X Build/MMB29P) AppleWebKit/537.36 (KHTML, like Gecko) Chrome/141.0.7390.122 Mobile Safari/537.36 (compatible; Googlebot/2.1; +http://www.google.com/bot.html)" www.jeanscotthomes.com MISS
52.167.144.213 - - [29/Nov/2025:02:41:32 +0000] "GET /homes-details/2317-READING-DR-ORLANDO-FL-32804/O6359865/32/ HTTP/1.1" 200 84337 "" "Mozilla/5.0 AppleWebKit/537.36 (KHTML, like Gecko; compatible; bingbot/2.0; +http://www.bing.com/bingbot.htm) Chrome/116.0.1938.76 Safari/537.36" www.jeanscotthomes.com MISS
136.143.178.51 - - [29/Nov/2025:02:41:42 +0000] "GET / HTTP/1.1" 200 31056 "" "Site24x7" www.jeanscotthomes.com HIT
40.77.167.79 - - [29/Nov/2025:02:42:04 +0000] "GET /homes-details/1603-SKINNER-STREET-LAKELAND-FL-33801/L4957026/32/ HTTP/1.1" 200 84351 "" "Mozilla/5.0 AppleWebKit/537.36 (KHTML, like Gecko; compatible; bingbot/2.0; +http://www.bing.com/bingbot.htm) Chrome/116.0.1938.76 Safari/537.36" www.jeanscotthomes.com MISS
66.249.74.160 - - [29/Nov/2025:02:44:36 +0000] "GET /featured-listings/910-parasol-pl-oviedo-fl-32766/ HTTP/1.1" 200 97964 "" "Mozilla/5.0 (Linux; Android 6.0.1; Nexus 5X Build/MMB29P) AppleWebKit/537.36 (KHTML, like Gecko) Chrome/141.0.7390.122 Mobile Safari/537.36 (compatible; Googlebot/2.1; +http://www.google.com/bot.html)" www.jeanscotthomes.com MISS
128.140.8.200 - - [29/Nov/2025:02:45:02 +0000] "GET /wp-cron.php?doing_wp_cron HTTP/1.1" 200 845 "" "Mozilla/4.0 (compatible; cron-job.org; http://cron-job.org/abuse/)" www.jeanscotthomes.com PASS
66.249.74.161 - - [29/Nov/2025:02:45:50 +0000] "GET /homes-details/7411-RIPPLEPOINTE-WAY-WINDERMERE-FL-34786/O6360114/32/ HTTP/1.1" 200 15570 "" "Mozilla/5.0 (Linux; Android 6.0.1; Nexus 5X Build/MMB29P) AppleWebKit/537.36 (KHTML, like Gecko) Chrome/141.0.7390.122 Mobile Safari/537.36 (compatible; Googlebot/2.1; +http://www.google.com/bot.html)" www.jeanscotthomes.com MISS
66.249.74.161 - - [29/Nov/2025:02:45:52 +0000] "GET /homes-details/1700-BARTON-ST-LONGWOOD-FL-32750/O6362007/32/ HTTP/1.1" 200 15556 "" "Mozilla/5.0 (Linux; Android 6.0.1; Nexus 5X Build/MMB29P) AppleWebKit/537.36 (KHTML, like Gecko) Chrome/141.0.7390.122 Mobile Safari/537.36 (compatible; Googlebot/2.1; +http://www.google.com/bot.html)" www.jeanscotthomes.com MISS
66.249.74.161 - - [29/Nov/2025:02:45:54 +0000] "GET /homes-details/254-WOODED-VINE-LN-WINTER-SPRINGS-FL-32708/O6360136/32/ HTTP/1.1" 200 15574 "" "Mozilla/5.0 (Linux; Android 6.0.1; Nexus 5X Build/MMB29P) AppleWebKit/537.36 (KHTML, like Gecko) Chrome/141.0.7390.122 Mobile Safari/537.36 (compatible; Googlebot/2.1; +http://www.google.com/bot.html)" www.jeanscotthomes.com MISS
66.249.74.160 - - [29/Nov/2025:02:45:56 +0000] "GET /homes-details/9150-SHEEN-SOUND-ST-ORLANDO-FL-32836/O6343123/32/ HTTP/1.1" 200 15565 "" "Mozilla/5.0 (Linux; Android 6.0.1; Nexus 5X Build/MMB29P) AppleWebKit/537.36 (KHTML, like Gecko) Chrome/141.0.7390.122 Mobile Safari/537.36 (compatible; Googlebot/2.1; +http://www.google.com/bot.html)" www.jeanscotthomes.com MISS
40.77.167.48 - - [29/Nov/2025:02:46:01 +0000] "GET /homes-details/456-WOODBURY-PINES-CIR-ORLANDO-FL-32828/O6352625/32/ HTTP/1.1" 200 84365 "" "Mozilla/5.0 AppleWebKit/537.36 (KHTML, like Gecko; compatible; bingbot/2.0; +http://www.bing.com/bingbot.htm) Chrome/116.0.1938.76 Safari/537.36" www.jeanscotthomes.com MISS
40.77.167.48 - - [29/Nov/2025:02:46:22 +0000] "GET /homes-details/7948-DAUSSET-ST-ORLANDO-FL-32827/O6291461/32/ HTTP/1.1" 200 84343 "" "Mozilla/5.0 AppleWebKit/537.36 (KHTML, like Gecko; compatible; bingbot/2.0; +http://www.bing.com/bingbot.htm) Chrome/116.0.1938.76 Safari/537.36" www.jeanscotthomes.com MISS
66.249.74.162 - - [29/Nov/2025:02:46:33 +0000] "GET /homes-details/5114-LEGACY-OAKS-DR-ORLANDO-FL-32839/O6351175/32/ HTTP/1.1" 200 15566 "" "Mozilla/5.0 (Linux; Android 6.0.1; Nexus 5X Build/MMB29P) AppleWebKit/537.36 (KHTML, like Gecko) Chrome/141.0.7390.122 Mobile Safari/537.36 (compatible; Googlebot/2.1; +http://www.google.com/bot.html)" www.jeanscotthomes.com MISS
66.249.74.160 - - [29/Nov/2025:02:46:35 +0000] "GET /homes-details/1205-MAYFIELD-AVE-WINTER-PARK-FL-32789/O6361377/32/ HTTP/1.1" 200 84380 "" "Mozilla/5.0 (Linux; Android 6.0.1; Nexus 5X Build/MMB29P) AppleWebKit/537.36 (KHTML, like Gecko) Chrome/141.0.7390.122 Mobile Safari/537.36 (compatible; Googlebot/2.1; +http://www.google.com/bot.html)" www.jeanscotthomes.com MISS
136.143.178.50 - - [29/Nov/2025:02:46:43 +0000] "GET / HTTP/1.1" 200 31056 "" "Site24x7" www.jeanscotthomes.com HIT
40.77.167.48 - - [29/Nov/2025:02:47:22 +0000] "GET /homes-details/9150-SHEEN-SOUND-ST-ORLANDO-FL-32836/O6343123/32/ HTTP/1.1" 200 84367 "" "Mozilla/5.0 AppleWebKit/537.36 (KHTML, like Gecko; compatible; bingbot/2.0; +http://www.bing.com/bingbot.htm) Chrome/116.0.1938.76 Safari/537.36" www.jeanscotthomes.com MISS
40.77.167.131 - - [29/Nov/2025:02:47:55 +0000] "GET /homes-details/1205-MAYFIELD-AVE-WINTER-PARK-FL-32789/O6361377/32/ HTTP/1.1" 200 84381 "" "Mozilla/5.0 AppleWebKit/537.36 (KHTML, like Gecko; compatible; bingbot/2.0; +http://www.bing.com/bingbot.htm) Chrome/116.0.1938.76 Safari/537.36" www.jeanscotthomes.com MISS
185.191.171.14 - - [29/Nov/2025:02:49:43 +0000] "GET /featured-listings/3284-lordmall-ct-oviedo-fl-32765/ HTTP/1.1" 200 96098 "" "Mozilla/5.0 (compatible; SemrushBot/7~bl; +http://www.semrush.com/bot.html)" www.jeanscotthomes.com MISS
18.208.11.93 - - [29/Nov/2025:02:50:25 +0000] "GET /about-us/charitable-giving/sanctuary-food-drive-2024/ HTTP/1.1" 301 811 "" "Mozilla/5.0 AppleWebKit/537.36 (KHTML, like Gecko; compatible; Amazonbot/0.1; +https://developer.amazon.com/support/amazonbot) Chrome/119.0.6045.214 Safari/537.36" www.jeanscotthomes.com MISS
136.143.178.51 - - [29/Nov/2025:02:51:44 +0000] "GET / HTTP/1.1" 200 31056 "" "Site24x7" www.jeanscotthomes.com HIT
74.125.217.161 - - [29/Nov/2025:02:53:17 +0000] "GET /homes-details/3166-SOMERSET-PARK-DR-ORLANDO-FL-32824/O6344325/32/ HTTP/1.1" 200 84354 "" "Mozilla/5.0 (Linux; Android 6.0.1; Nexus 5X Build/MMB29P) AppleWebKit/537.36 (KHTML, like Gecko) Chrome/141.0.7390.122 Mobile Safari/537.36 (compatible; AdsBot-Google-Mobile; +http://www.google.com/mobile/adsbot.html)" www.jeanscotthomes.com MISS
40.77.167.20 - - [29/Nov/2025:02:54:23 +0000] "GET /homes-details/215-MILESTONE-DRIVE-HAINES-CITY-FL-33844/O6356679/32/ HTTP/1.1" 200 84375 "" "Mozilla/5.0 AppleWebKit/537.36 (KHTML, like Gecko; compatible; bingbot/2.0; +http://www.bing.com/bingbot.htm) Chrome/116.0.1938.76 Safari/537.36" www.jeanscotthomes.com MISS
52.167.144.173 - - [29/Nov/2025:02:55:14 +0000] "GET /properties/326893-/ HTTP/1.1" 404 85714 "" "Mozilla/5.0 AppleWebKit/537.36 (KHTML, like Gecko; compatible; bingbot/2.0; +http://www.bing.com/bingbot.htm) Chrome/116.0.1938.76 Safari/537.36" www.jeanscotthomes.com PASS
66.249.74.162 - - [29/Nov/2025:02:55:39 +0000] "GET /homes-details/2419-LACERTA-DRIVE-ORLANDO-FL-32828/S5123482/32/ HTTP/1.1" 200 84323 "" "Mozilla/5.0 (Linux; Android 6.0.1; Nexus 5X Build/MMB29P) AppleWebKit/537.36 (KHTML, like Gecko) Chrome/141.0.7390.122 Mobile Safari/537.36 (compatible; Googlebot/2.1; +http://www.google.com/bot.html)" www.jeanscotthomes.com MISS
52.167.144.173 - - [29/Nov/2025:02:55:44 +0000] "GET /homes-details/1581-FOREST-AVE-WINTER-PARK-FL-32789/O6347647/32/ HTTP/1.1" 200 84369 "" "Mozilla/5.0 AppleWebKit/537.36 (KHTML, like Gecko; compatible; bingbot/2.0; +http://www.bing.com/bingbot.htm) Chrome/116.0.1938.76 Safari/537.36" www.jeanscotthomes.com MISS
20.15.133.163 - - [29/Nov/2025:02:56:18 +0000] "GET /homes-details/2419-LACERTA-DRIVE-ORLANDO-FL-32828/S5123482/32/ HTTP/1.1" 200 84337 "" "Mozilla/5.0 AppleWebKit/537.36 (KHTML, like Gecko; compatible; bingbot/2.0; +http://www.bing.com/bingbot.htm) Chrome/116.0.1938.76 Safari/537.36" www.jeanscotthomes.com MISS
136.143.179.51 - - [29/Nov/2025:02:56:45 +0000] "GET / HTTP/1.1" 200 31056 "" "Site24x7" www.jeanscotthomes.com HIT
66.249.74.162 - - [29/Nov/2025:02:57:43 +0000] "GET /resources/homebuyers/homebuying-process-a-guide-for-first-time-buyers/ HTTP/1.1" 200 18213 "" "Mozilla/5.0 (Linux; Android 6.0.1; Nexus 5X Build/MMB29P) AppleWebKit/537.36 (KHTML, like Gecko) Chrome/141.0.7390.122 Mobile Safari/537.36 (compatible; Googlebot/2.1; +http://www.google.com/bot.html)" www.jeanscotthomes.com MISS
20.215.214.31 - - [29/Nov/2025:02:57:59 +0000] "GET /real-estate-market-news/central-florida-home-sales/ HTTP/1.1" 200 120968 "" "Mozilla/5.0 AppleWebKit/537.36 (KHTML, like Gecko); compatible; ChatGPT-User/1.0; +https://openai.com/bot" www.jeanscotthomes.com MISS
128.140.8.200 - - [29/Nov/2025:03:00:05 +0000] "GET /wp-cron.php?doing_wp_cron HTTP/1.1" 200 845 "" "Mozilla/4.0 (compatible; cron-job.org; http://cron-job.org/abuse/)" www.jeanscotthomes.com PASS
66.249.74.160 - - [29/Nov/2025:03:00:22 +0000] "GET /homes-details/2415-S-LAUREL-AVE-SANFORD-FL-32771/O6346458/32/ HTTP/1.1" 200 84349 "" "Mozilla/5.0 (Linux; Android 6.0.1; Nexus 5X Build/MMB29P) AppleWebKit/537.36 (KHTML, like Gecko) Chrome/141.0.7390.122 Mobile Safari/537.36 (compatible; Googlebot/2.1; +http://www.google.com/bot.html)" www.jeanscotthomes.com MISS
66.249.74.160 - - [29/Nov/2025:03:00:24 +0000] "GET /real-estate-market-news/central-florida-home-sales/march-2024/page/6/ HTTP/1.1" 301 832 "" "Mozilla/5.0 (Linux; Android 6.0.1; Nexus 5X Build/MMB29P) AppleWebKit/537.36 (KHTML, like Gecko) Chrome/141.0.7390.122 Mobile Safari/537.36 (compatible; Googlebot/2.1; +http://www.google.com/bot.html)" www.jeanscotthomes.com MISS
66.249.74.161 - - [29/Nov/2025:03:00:25 +0000] "GET /real-estate-market-news/central-florida-home-sales/march-2024/ HTTP/1.1" 200 20610 "" "Mozilla/5.0 (Linux; Android 6.0.1; Nexus 5X Build/MMB29P) AppleWebKit/537.36 (KHTML, like Gecko) Chrome/141.0.7390.122 Mobile Safari/537.36 (compatible; Googlebot/2.1; +http://www.google.com/bot.html)" www.jeanscotthomes.com MISS
2a03:2880:18ff:: - - [29/Nov/2025:03:01:40 +0000] "GET /robots.txt HTTP/1.1" 301 781 "" "facebookexternalhit/1.1 (+http://www.facebook.com/externalhit_uatext.php)" jeanscotthomes.com MISS
52.167.144.173 - - [29/Nov/2025:03:01:44 +0000] "GET /homes-details/3675-MALAWI-ST-CLOUD-FL-34772/O6357012/32/ HTTP/1.1" 200 84303 "" "Mozilla/5.0 AppleWebKit/537.36 (KHTML, like Gecko; compatible; bingbot/2.0; +http://www.bing.com/bingbot.htm) Chrome/116.0.1938.76 Safari/537.36" www.jeanscotthomes.com MISS
136.143.178.50 - - [29/Nov/2025:03:01:47 +0000] "GET / HTTP/1.1" 200 31056 "" "Site24x7" www.jeanscotthomes.com HIT
66.249.74.160 - - [29/Nov/2025:03:02:11 +0000] "GET /homes-details/11407-CAMDEN-PARK-DR-WINDERMERE-FL-34786/O6361566/32/ HTTP/1.1" 200 15559 "" "Mozilla/5.0 (Linux; Android 6.0.1; Nexus 5X Build/MMB29P) AppleWebKit/537.36 (KHTML, like Gecko) Chrome/141.0.7390.122 Mobile Safari/537.36 (compatible; Googlebot/2.1; +http://www.google.com/bot.html)" www.jeanscotthomes.com MISS
40.77.167.20 - - [29/Nov/2025:03:02:27 +0000] "GET /homes-details/1041-SADIE-LN-WINTER-GARDEN-FL-34787/O6353683/32/ HTTP/1.1" 200 84367 "" "Mozilla/5.0 AppleWebKit/537.36 (KHTML, like Gecko; compatible; bingbot/2.0; +http://www.bing.com/bingbot.htm) Chrome/116.0.1938.76 Safari/537.36" www.jeanscotthomes.com MISS
40.77.167.20 - - [29/Nov/2025:03:03:23 +0000] "GET /homes-details/11407-CAMDEN-PARK-DR-WINDERMERE-FL-34786/O6361566/32/ HTTP/1.1" 200 84377 "" "Mozilla/5.0 AppleWebKit/537.36 (KHTML, like Gecko; compatible; bingbot/2.0; +http://www.bing.com/bingbot.htm) Chrome/116.0.1938.76 Safari/537.36" www.jeanscotthomes.com MISS
52.167.144.227 - - [29/Nov/2025:03:04:23 +0000] "GET /homes-sold-2016/nggallery/homes-sold-in-2016/08112016-sold-08112016 HTTP/1.1" 301 838 "" "Mozilla/5.0 AppleWebKit/537.36 (KHTML, like Gecko; compatible; bingbot/2.0; +http://www.bing.com/bingbot.htm) Chrome/116.0.1938.76 Safari/537.36" jeanscotthomes.com MISS
136.143.179.50 - - [29/Nov/2025:03:06:48 +0000] "GET / HTTP/1.1" 200 31056 "" "Site24x7" www.jeanscotthomes.com HIT
85.208.96.193 - - [29/Nov/2025:03:07:50 +0000] "GET /featured-listings/10612-gawsworth-pt-orlando-fl-32832/ HTTP/1.1" 200 98482 "" "Mozilla/5.0 (compatible; SemrushBot/7~bl; +http://www.semrush.com/bot.html)" www.jeanscotthomes.com MISS
66.249.74.161 - - [29/Nov/2025:03:09:47 +0000] "GET /featured-listings/2440-tommys-turn-oviedo-fl-32766/ HTTP/1.1" 200 89842 "" "Mozilla/5.0 (Linux; Android 6.0.1; Nexus 5X Build/MMB29P) AppleWebKit/537.36 (KHTML, like Gecko) Chrome/141.0.7390.122 Mobile Safari/537.36 (compatible; Googlebot/2.1; +http://www.google.com/bot.html)" www.jeanscotthomes.com MISS
40.77.167.15 - - [29/Nov/2025:03:10:46 +0000] "GET /homes-details/218-SAN-FERNANDO-COURT-SANFORD-FL-32773/O6359195/32/ HTTP/1.1" 200 84361 "" "Mozilla/5.0 AppleWebKit/537.36 (KHTML, like Gecko; compatible; bingbot/2.0; +http://www.bing.com/bingbot.htm) Chrome/116.0.1938.76 Safari/537.36" www.jeanscotthomes.com MISS
52.167.144.202 - - [29/Nov/2025:03:11:47 +0000] "GET /homes-details/13807-FORESTSIDE-COURT-ORLANDO-FL-32826/O6349670/32/ HTTP/1.1" 200 84347 "" "Mozilla/5.0 AppleWebKit/537.36 (KHTML, like Gecko; compatible; bingbot/2.0; +http://www.bing.com/bingbot.htm) Chrome/116.0.1938.76 Safari/537.36" www.jeanscotthomes.com MISS
185.191.171.18 - - [29/Nov/2025:03:11:48 +0000] "GET /featured-listings/3578-overcup-oak-dr-oviedo-fl-32766/ HTTP/1.1" 200 98902 "" "Mozilla/5.0 (compatible; SemrushBot/7~bl; +http://www.semrush.com/bot.html)" www.jeanscotthomes.com MISS
136.143.179.50 - - [29/Nov/2025:03:11:49 +0000] "GET / HTTP/1.1" 200 31056 "" "Site24x7" www.jeanscotthomes.com HIT
52.167.144.194 - - [29/Nov/2025:03:12:15 +0000] "GET /homes-details/1151-OAKPOINT-CIRCLE-APOPKA-FL-32712/O6363306/32/ HTTP/1.1" 200 84341 "" "Mozilla/5.0 AppleWebKit/537.36 (KHTML, like Gecko; compatible; bingbot/2.0; +http://www.bing.com/bingbot.htm) Chrome/116.0.1938.76 Safari/537.36" www.jeanscotthomes.com MISS
85.208.98.195 - - [29/Nov/2025:03:12:56 +0000] "GET /robots.txt HTTP/1.1" 200 2601 "" "Mozilla/5.0 (iPhone; CPU iPhone OS 6_0 like Mac OS X) AppleWebKit/536.26 (KHTML, like Gecko) Version/6.0 Mobile/10A5376e Safari/8536.25 (compatible; SiteAuditBot/0.97; +http://www.semrush.com/bot.html)" www.jeanscotthomes.com MISS
85.208.98.196 - - [29/Nov/2025:03:13:22 +0000] "GET /llms.txt HTTP/1.1" 200 3845 "" "Mozilla/5.0 (iPhone; CPU iPhone OS 6_0 like Mac OS X) AppleWebKit/536.26 (KHTML, like Gecko) Version/6.0 Mobile/10A5376e Safari/8536.25 (compatible; SiteAuditBot/0.97; +http://www.semrush.com/bot.html)" www.jeanscotthomes.com MISS
85.208.98.198 - - [29/Nov/2025:03:13:23 +0000] "GET /robots.txt HTTP/1.1" 301 781 "" "Mozilla/5.0 (iPhone; CPU iPhone OS 6_0 like Mac OS X) AppleWebKit/536.26 (KHTML, like Gecko) Version/6.0 Mobile/10A5376e Safari/8536.25 (compatible; SiteAuditBot/0.97; +http://www.semrush.com/bot.html)" jeanscotthomes.com MISS
85.208.98.198 - - [29/Nov/2025:03:13:26 +0000] "GET / HTTP/1.1" 301 771 "" "Mozilla/5.0 (iPhone; CPU iPhone OS 6_0 like Mac OS X) AppleWebKit/536.26 (KHTML, like Gecko) Version/6.0 Mobile/10A5376e Safari/8536.25 (compatible; SiteAuditBot/0.97; +http://www.semrush.com/bot.html)" jeanscotthomes.com MISS
85.208.98.198 - - [29/Nov/2025:03:13:28 +0000] "GET / HTTP/1.1" 301 768 "" "Mozilla/5.0 (iPhone; CPU iPhone OS 6_0 like Mac OS X) AppleWebKit/536.26 (KHTML, like Gecko) Version/6.0 Mobile/10A5376e Safari/8536.25 (compatible; SiteAuditBot/0.97; +http://www.semrush.com/bot.html)" jeanscotthomes.com HIT
85.208.98.196 - - [29/Nov/2025:03:14:06 +0000] "GET /cities/orlando/ HTTP/1.1" 301 795 "" "Mozilla/5.0 (iPhone; CPU iPhone OS 6_0 like Mac OS X) AppleWebKit/536.26 (KHTML, like Gecko) Version/6.0 Mobile/10A5376e Safari/8536.25 (compatible; SiteAuditBot/0.97; +http://www.semrush.com/bot.html)" www.jeanscotthomes.com MISS
85.208.98.196 - - [29/Nov/2025:03:14:14 +0000] "GET /about/ HTTP/1.1" 200 1075955 "" "Mozilla/5.0 (iPhone; CPU iPhone OS 6_0 like Mac OS X) AppleWebKit/536.26 (KHTML, like Gecko) Version/6.0 Mobile/10A5376e Safari/8536.25 (compatible; SiteAuditBot/0.97; +http://www.semrush.com/bot.html)" www.jeanscotthomes.com MISS
52.167.144.194 - - [29/Nov/2025:03:14:45 +0000] "GET /homes-details/513-HAGER-DRIVE-OCOEE-FL-34761/O6361332/32/ HTTP/1.1" 200 84303 "" "Mozilla/5.0 AppleWebKit/537.36 (KHTML, like Gecko; compatible; bingbot/2.0; +http://www.bing.com/bingbot.htm) Chrome/116.0.1938.76 Safari/537.36" www.jeanscotthomes.com MISS
128.140.8.200 - - [29/Nov/2025:03:15:02 +0000] "GET /wp-cron.php?doing_wp_cron HTTP/1.1" 200 845 "" "Mozilla/4.0 (compatible; cron-job.org; http://cron-job.org/abuse/)" www.jeanscotthomes.com PASS
66.249.74.161 - - [29/Nov/2025:03:15:05 +0000] "GET /homes-details/9146-GREAT-HERON-CIRCLE-ORLANDO-FL-32836/O6356932/32/ HTTP/1.1" 200 84367 "" "Mozilla/5.0 (Linux; Android 6.0.1; Nexus 5X Build/MMB29P) AppleWebKit/537.36 (KHTML, like Gecko) Chrome/141.0.7390.122 Mobile Safari/537.36 (compatible; Googlebot/2.1; +http://www.google.com/bot.html)" www.jeanscotthomes.com MISS
66.249.74.162 - - [29/Nov/2025:03:16:07 +0000] "GET /homes-details/13804-EARPOD-DRIVE-ORLANDO-FL-32828/O6343689/32/ HTTP/1.1" 404 87972 "" "Mozilla/5.0 (Linux; Android 6.0.1; Nexus 5X Build/MMB29P) AppleWebKit/537.36 (KHTML, like Gecko) Chrome/141.0.7390.122 Mobile Safari/537.36 (compatible; Googlebot/2.1; +http://www.google.com/bot.html)" www.jeanscotthomes.com PASS
66.249.74.161 - - [29/Nov/2025:03:16:10 +0000] "GET /homes-details/902-SHADY-LANE-DR-ORLANDO-FL-32804/O6361585/32/ HTTP/1.1" 200 15555 "" "Mozilla/5.0 (Linux; Android 6.0.1; Nexus 5X Build/MMB29P) AppleWebKit/537.36 (KHTML, like Gecko) Chrome/141.0.7390.122 Mobile Safari/537.36 (compatible; Googlebot/2.1; +http://www.google.com/bot.html)" www.jeanscotthomes.com MISS
136.143.179.50 - - [29/Nov/2025:03:16:50 +0000] "GET / HTTP/1.1" 200 31056 "" "Site24x7" www.jeanscotthomes.com HIT
66.249.74.160 - - [29/Nov/2025:03:17:12 +0000] "GET /homes-details/322-BLOXAM-AVENUE-CLERMONT-FL-34711/P4936911/32/ HTTP/1.1" 200 84339 "" "Mozilla/5.0 (Linux; Android 6.0.1; Nexus 5X Build/MMB29P) AppleWebKit/537.36 (KHTML, like Gecko) Chrome/141.0.7390.122 Mobile Safari/537.36 (compatible; Googlebot/2.1; +http://www.google.com/bot.html)" www.jeanscotthomes.com MISS
52.167.144.150 - - [29/Nov/2025:03:17:15 +0000] "GET /homes-details/902-SHADY-LANE-DR-ORLANDO-FL-32804/O6361585/32/ HTTP/1.1" 200 84348 "" "Mozilla/5.0 AppleWebKit/537.36 (KHTML, like Gecko; compatible; bingbot/2.0; +http://www.bing.com/bingbot.htm) Chrome/116.0.1938.76 Safari/537.36" www.jeanscotthomes.com MISS
85.208.98.196 - - [29/Nov/2025:03:17:20 +0000] "GET /featured-listings/4349-heirloom-rose-pl-oviedo-fl-32766/ HTTP/1.1" 200 91258 "" "Mozilla/5.0 (iPhone; CPU iPhone OS 6_0 like Mac OS X) AppleWebKit/536.26 (KHTML, like Gecko) Version/6.0 Mobile/10A5376e Safari/8536.25 (compatible; SiteAuditBot/0.97; +http://www.semrush.com/bot.html)" www.jeanscotthomes.com MISS
85.208.98.196 - - [29/Nov/2025:03:17:25 +0000] "GET /featured-listings/347-fairfield-dr-sanford-fl-32771/ HTTP/1.1" 200 88952 "" "Mozilla/5.0 (iPhone; CPU iPhone OS 6_0 like Mac OS X) AppleWebKit/536.26 (KHTML, like Gecko) Version/6.0 Mobile/10A5376e Safari/8536.25 (compatible; SiteAuditBot/0.97; +http://www.semrush.com/bot.html)" www.jeanscotthomes.com MISS
85.208.98.196 - - [29/Nov/2025:03:17:28 +0000] "GET /featured-listings/2325-foliage-oak-ter-oviedo-fl-32766/ HTTP/1.1" 200 93800 "" "Mozilla/5.0 (iPhone; CPU iPhone OS 6_0 like Mac OS X) AppleWebKit/536.26 (KHTML, like Gecko) Version/6.0 Mobile/10A5376e Safari/8536.25 (compatible; SiteAuditBot/0.97; +http://www.semrush.com/bot.html)" www.jeanscotthomes.com MISS
85.208.98.196 - - [29/Nov/2025:03:17:30 +0000] "GET /featured-listings/1588-bay-club-rd-oviedo-fl-32766/ HTTP/1.1" 200 18945 "" "Mozilla/5.0 (iPhone; CPU iPhone OS 6_0 like Mac OS X) AppleWebKit/536.26 (KHTML, like Gecko) Version/6.0 Mobile/10A5376e Safari/8536.25 (compatible; SiteAuditBot/0.97; +http://www.semrush.com/bot.html)" www.jeanscotthomes.com MISS
85.208.98.196 - - [29/Nov/2025:03:17:33 +0000] "GET /featured-listings/2498-double-tree-pl-oviedo-fl-32766/ HTTP/1.1" 200 93974 "" "Mozilla/5.0 (iPhone; CPU iPhone OS 6_0 like Mac OS X) AppleWebKit/536.26 (KHTML, like Gecko) Version/6.0 Mobile/10A5376e Safari/8536.25 (compatible; SiteAuditBot/0.97; +http://www.semrush.com/bot.html)" www.jeanscotthomes.com MISS
85.208.98.196 - - [29/Nov/2025:03:17:36 +0000] "GET /featured-listings/2450-double-tree-pl-oviedo-fl-32766/ HTTP/1.1" 200 94027 "" "Mozilla/5.0 (iPhone; CPU iPhone OS 6_0 like Mac OS X) AppleWebKit/536.26 (KHTML, like Gecko) Version/6.0 Mobile/10A5376e Safari/8536.25 (compatible; SiteAuditBot/0.97; +http://www.semrush.com/bot.html)" www.jeanscotthomes.com MISS
85.208.98.196 - - [29/Nov/2025:03:17:39 +0000] "GET /featured-listings/2001-crosscreek-ct-oviedo-fl-32766/ HTTP/1.1" 200 92116 "" "Mozilla/5.0 (iPhone; CPU iPhone OS 6_0 like Mac OS X) AppleWebKit/536.26 (KHTML, like Gecko) Version/6.0 Mobile/10A5376e Safari/8536.25 (compatible; SiteAuditBot/0.97; +http://www.semrush.com/bot.html)" www.jeanscotthomes.com MISS
85.208.98.196 - - [29/Nov/2025:03:17:42 +0000] "GET /featured-listings/1884-checkerberry-ct-oviedo-fl-32766/ HTTP/1.1" 200 93649 "" "Mozilla/5.0 (iPhone; CPU iPhone OS 6_0 like Mac OS X) AppleWebKit/536.26 (KHTML, like Gecko) Version/6.0 Mobile/10A5376e Safari/8536.25 (compatible; SiteAuditBot/0.97; +http://www.semrush.com/bot.html)" www.jeanscotthomes.com MISS
85.208.98.196 - - [29/Nov/2025:03:17:44 +0000] "GET /featured-listings/3349-gambel-oak-ct-oviedo-fl-32766/ HTTP/1.1" 200 93357 "" "Mozilla/5.0 (iPhone; CPU iPhone OS 6_0 like Mac OS X) AppleWebKit/536.26 (KHTML, like Gecko) Version/6.0 Mobile/10A5376e Safari/8536.25 (compatible; SiteAuditBot/0.97; +http://www.semrush.com/bot.html)" www.jeanscotthomes.com MISS
85.208.98.196 - - [29/Nov/2025:03:17:48 +0000] "GET /featured-listings/1343-twin-rivers-blvd-oviedo-fl-32766/ HTTP/1.1" 200 91662 "" "Mozilla/5.0 (iPhone; CPU iPhone OS 6_0 like Mac OS X) AppleWebKit/536.26 (KHTML, like Gecko) Version/6.0 Mobile/10A5376e Safari/8536.25 (compatible; SiteAuditBot/0.97; +http://www.semrush.com/bot.html)" www.jeanscotthomes.com MISS
85.208.98.196 - - [29/Nov/2025:03:17:51 +0000] "GET /featured-listings/3720-valley-oaks-ct-oviedo-fl-32766/ HTTP/1.1" 200 93856 "" "Mozilla/5.0 (iPhone; CPU iPhone OS 6_0 like Mac OS X) AppleWebKit/536.26 (KHTML, like Gecko) Version/6.0 Mobile/10A5376e Safari/8536.25 (compatible; SiteAuditBot/0.97; +http://www.semrush.com/bot.html)" www.jeanscotthomes.com MISS
85.208.98.196 - - [29/Nov/2025:03:17:54 +0000] "GET /featured-listings/2445-ekana-dr-oviedo-fl-32765/ HTTP/1.1" 200 91175 "" "Mozilla/5.0 (iPhone; CPU iPhone OS 6_0 like Mac OS X) AppleWebKit/536.26 (KHTML, like Gecko) Version/6.0 Mobile/10A5376e Safari/8536.25 (compatible; SiteAuditBot/0.97; +http://www.semrush.com/bot.html)" www.jeanscotthomes.com MISS
85.208.98.196 - - [29/Nov/2025:03:17:56 +0000] "GET /featured-listings/3588-overcup-oak-dr-oviedo-fl-32766/ HTTP/1.1" 200 93487 "" "Mozilla/5.0 (iPhone; CPU iPhone OS 6_0 like Mac OS X) AppleWebKit/536.26 (KHTML, like Gecko) Version/6.0 Mobile/10A5376e Safari/8536.25 (compatible; SiteAuditBot/0.97; +http://www.semrush.com/bot.html)" www.jeanscotthomes.com MISS
85.208.98.196 - - [29/Nov/2025:03:18:00 +0000] "GET /featured-listings/1639-river-birch-ave-oviedo-fl-32765/ HTTP/1.1" 200 89536 "" "Mozilla/5.0 (iPhone; CPU iPhone OS 6_0 like Mac OS X) AppleWebKit/536.26 (KHTML, like Gecko) Version/6.0 Mobile/10A5376e Safari/8536.25 (compatible; SiteAuditBot/0.97; +http://www.semrush.com/bot.html)" www.jeanscotthomes.com MISS
85.208.98.193 - - [29/Nov/2025:03:18:02 +0000] "GET /featured-listings/110-rockwood-way-sanford-fl-32771/ HTTP/1.1" 200 89356 "" "Mozilla/5.0 (iPhone; CPU iPhone OS 6_0 like Mac OS X) AppleWebKit/536.26 (KHTML, like Gecko) Version/6.0 Mobile/10A5376e Safari/8536.25 (compatible; SiteAuditBot/0.97; +http://www.semrush.com/bot.html)" www.jeanscotthomes.com MISS
52.167.144.158 - - [29/Nov/2025:03:18:05 +0000] "GET /homes-details/32208-ALICE-STREET-TAVARES-FL-32778/O6360209/32/ HTTP/1.1" 200 84335 "" "Mozilla/5.0 AppleWebKit/537.36 (KHTML, like Gecko; compatible; bingbot/2.0; +http://www.bing.com/bingbot.htm) Chrome/116.0.1938.76 Safari/537.36" www.jeanscotthomes.com MISS
85.208.98.193 - - [29/Nov/2025:03:18:05 +0000] "GET /featured-listings/1029-sugarberry-trl-oviedo-fl-32765/ HTTP/1.1" 200 92406 "" "Mozilla/5.0 (iPhone; CPU iPhone OS 6_0 like Mac OS X) AppleWebKit/536.26 (KHTML, like Gecko) Version/6.0 Mobile/10A5376e Safari/8536.25 (compatible; SiteAuditBot/0.97; +http://www.semrush.com/bot.html)" www.jeanscotthomes.com MISS
85.208.98.193 - - [29/Nov/2025:03:18:08 +0000] "GET /featured-listings/1028-sugarberry-trl-oviedo-fl-32765/ HTTP/1.1" 200 92531 "" "Mozilla/5.0 (iPhone; CPU iPhone OS 6_0 like Mac OS X) AppleWebKit/536.26 (KHTML, like Gecko) Version/6.0 Mobile/10A5376e Safari/8536.25 (compatible; SiteAuditBot/0.97; +http://www.semrush.com/bot.html)" www.jeanscotthomes.com MISS
85.208.98.193 - - [29/Nov/2025:03:18:11 +0000] "GET /featured-listings/2637-corrigan-dr-deltona-fl-32738/ HTTP/1.1" 200 89300 "" "Mozilla/5.0 (iPhone; CPU iPhone OS 6_0 like Mac OS X) AppleWebKit/536.26 (KHTML, like Gecko) Version/6.0 Mobile/10A5376e Safari/8536.25 (compatible; SiteAuditBot/0.97; +http://www.semrush.com/bot.html)" www.jeanscotthomes.com MISS
