128.140.8.200 - - [29/Nov/2025:00:00:04 +0000] "GET /wp-cron.php?doing_wp_cron HTTP/1.1" 200 845 "" "Mozilla/4.0 (compatible; cron-job.org; http://cron-job.org/abuse/)" www.jeanscotthomes.com PASS
40.77.167.61 - - [29/Nov/2025:00:00:06 +0000] "GET /homes-details/634-E-LEHIGH-DRIVE-DELTONA-FL-32738/V4945800/32/ HTTP/1.1" 200 84337 "" "Mozilla/5.0 AppleWebKit/537.36 (KHTML, like Gecko; compatible; bingbot/2.0; +http://www.bing.com/bingbot.htm) Chrome/116.0.1938.76 Safari/537.36" www.jeanscotthomes.com MISS
52.167.144.166 - - [29/Nov/2025:00:00:19 +0000] "GET /properties/features/pdf/?pid=307251 HTTP/1.1" 404 15833 "" "Mozilla/5.0 AppleWebKit/537.36 (KHTML, like Gecko; compatible; bingbot/2.0; +http://www.bing.com/bingbot.htm) Chrome/116.0.1938.76 Safari/537.36" www.jeanscotthomes.com PASS
66.249.74.160 - - [29/Nov/2025:00:00:30 +0000] "GET /homes-details/902-FOAL-PT-OVIEDO-FL-32765/J990796/32/ HTTP/1.1" 404 87956 "" "Mozilla/5.0 (Linux; Android 6.0.1; Nexus 5X Build/MMB29P) AppleWebKit/537.36 (KHTML, like Gecko) Chrome/141.0.7390.122 Mobile Safari/537.36 (compatible; Googlebot/2.1; +http://www.google.com/bot.html)" www.jeanscotthomes.com PASS
52.167.144.166 - - [29/Nov/2025:00:00:36 +0000] "GET /homes-details/7504-BENTONSHIRE-AVE-WINDERMERE-FL-34786/O6358507/32/ HTTP/1.1" 200 84390 "" "Mozilla/5.0 AppleWebKit/537.36 (KHTML, like Gecko; compatible; bingbot/2.0; +http://www.bing.com/bingbot.htm) Chrome/116.0.1938.76 Safari/537.36" www.jeanscotthomes.com MISS
66.249.74.160 - - [29/Nov/2025:00:00:51 +0000] "GET /cities/avalon-park/ HTTP/1.1" 301 806 "" "Mozilla/5.0 (Linux; Android 6.0.1; Nexus 5X Build/MMB29P) AppleWebKit/537.36 (KHTML, like Gecko) Chrome/141.0.7390.122 Mobile Safari/537.36 (compatible; Googlebot/2.1; +http://www.google.com/bot.html)" www.jeanscotthomes.com MISS
40.77.167.61 - - [29/Nov/2025:00:00:56 +0000] "GET /homes-details/11037-MORAY-BAY-AVE-ORLANDO-FL-32821/O6362393/32/ HTTP/1.1" 200 84360 "" "Mozilla/5.0 AppleWebKit/537.36 (KHTML, like Gecko; compatible; bingbot/2.0; +http://www.bing.com/bingbot.htm) Chrome/116.0.1938.76 Safari/537.36" www.jeanscotthomes.com MISS
66.249.74.161 - - [29/Nov/2025:00:01:09 +0000] "GET /homes-details/6300-GAMBLE-DR-ORLANDO-FL-32818/GC533995/32/ HTTP/1.1" 200 84318 "" "Mozilla/5.0 (Linux; Android 6.0.1; Nexus 5X Build/MMB29P) AppleWebKit/537.36 (KHTML, like Gecko) Chrome/141.0.7390.122 Mobile Safari/537.36 (compatible; Googlebot/2.1; +http://www.google.com/bot.html)" www.jeanscotthomes.com MISS
136.143.178.50 - - [29/Nov/2025:00:01:10 +0000] "GET / HTTP/1.1" 200 31055 "" "Site24x7" www.jeanscotthomes.com HIT
66.249.74.169 - - [29/Nov/2025:00:01:45 +0000] "GET /homes-details/2644-CAVANAUGH-DR-ORLANDO-FL-32817/J995450/32/ HTTP/1.1" 200 84339 "" "Mozilla/5.0 (Linux; Android 6.0.1; Nexus 5X Build/MMB29P) AppleWebKit/537.36 (KHTML, like Gecko) Chrome/141.0.7390.122 Mobile Safari/537.36 (compatible; Googlebot/2.1; +http://www.google.com/bot.html)" www.jeanscotthomes.com MISS
66.249.74.169 - - [29/Nov/2025:00:02:06 +0000] "GET /homes-details/5563-GARDEN-GROVE-CIR-WINTER-PARK-FL-32792/G5104577/32/ HTTP/1.1" 200 84404 "" "Mozilla/5.0 (Linux; Android 6.0.1; Nexus 5X Build/MMB29P) AppleWebKit/537.36 (KHTML, like Gecko) Chrome/141.0.7390.122 Mobile Safari/537.36 (compatible; Googlebot/2.1; +http://www.google.com/bot.html)" www.jeanscotthomes.com MISS
52.167.144.166 - - [29/Nov/2025:00:02:20 +0000] "GET /properties/519301-111-COURT-Kissimmee-FL-34743-Residential/ HTTP/1.1" 404 85781 "" "Mozilla/5.0 AppleWebKit/537.36 (KHTML, like Gecko; compatible; bingbot/2.0; +http://www.bing.com/bingbot.htm) Chrome/116.0.1938.76 Safari/537.36" www.jeanscotthomes.com PASS
40.77.167.61 - - [29/Nov/2025:00:02:26 +0000] "GET /homes-details/6300-GAMBLE-DR-ORLANDO-FL-32818/GC533995/32/ HTTP/1.1" 200 84330 "" "Mozilla/5.0 AppleWebKit/537.36 (KHTML, like Gecko; compatible; bingbot/2.0; +http://www.bing.com/bingbot.htm) Chrome/116.0.1938.76 Safari/537.36" www.jeanscotthomes.com MISS
52.167.144.166 - - [29/Nov/2025:00:02:30 +0000] "GET /homes-details/2644-CAVANAUGH-DR-ORLANDO-FL-32817/J995450/32/ HTTP/1.1" 200 84334 "" "Mozilla/5.0 AppleWebKit/537.36 (KHTML, like Gecko; compatible; bingbot/2.0; +http://www.bing.com/bingbot.htm) Chrome/116.0.1938.76 Safari/537.36" www.jeanscotthomes.com MISS
66.249.74.169 - - [29/Nov/2025:00:02:42 +0000] "GET /homes-details/3328-HOLLAND-DR-ORLANDO-FL-32825/OM710197/32/ HTTP/1.1" 200 84337 "" "Mozilla/5.0 (Linux; Android 6.0.1; Nexus 5X Build/MMB29P) AppleWebKit/537.36 (KHTML, like Gecko) Chrome/141.0.7390.122 Mobile Safari/537.36 (compatible; Googlebot/2.1; +http://www.google.com/bot.html)" www.jeanscotthomes.com MISS
40.77.167.61 - - [29/Nov/2025:00:03:10 +0000] "GET /properties/377826-/ HTTP/1.1" 404 85686 "" "Mozilla/5.0 AppleWebKit/537.36 (KHTML, like Gecko; compatible; bingbot/2.0; +http://www.bing.com/bingbot.htm) Chrome/116.0.1938.76 Safari/537.36" www.jeanscotthomes.com PASS
66.249.74.160 - - [29/Nov/2025:00:03:19 +0000] "GET /homes-details/1116-FAIRWAY-DR-WINTER-PARK-FL-32792/O6265989/32/ HTTP/1.1" 200 84369 "" "Mozilla/5.0 (Linux; Android 6.0.1; Nexus 5X Build/MMB29P) AppleWebKit/537.36 (KHTML, like Gecko) Chrome/141.0.7390.122 Mobile Safari/537.36 (compatible; Googlebot/2.1; +http://www.google.com/bot.html)" www.jeanscotthomes.com MISS
52.167.144.166 - - [29/Nov/2025:00:03:37 +0000] "GET /homes-details/5563-GARDEN-GROVE-CIR-WINTER-PARK-FL-32792/G5104577/32/ HTTP/1.1" 200 84404 "" "Mozilla/5.0 AppleWebKit/537.36 (KHTML, like Gecko; compatible; bingbot/2.0; +http://www.bing.com/bingbot.htm) Chrome/116.0.1938.76 Safari/537.36" www.jeanscotthomes.com MISS
66.249.74.169 - - [29/Nov/2025:00:03:39 +0000] "GET /homes-details/15834-WOODLAND-SPRING-CT-ORLANDO-FL-32828/TB8447145/32/ HTTP/1.1" 200 84391 "" "Mozilla/5.0 (Linux; Android 6.0.1; Nexus 5X Build/MMB29P) AppleWebKit/537.36 (KHTML, like Gecko) Chrome/141.0.7390.122 Mobile Safari/537.36 (compatible; Googlebot/2.1; +http://www.google.com/bot.html)" www.jeanscotthomes.com MISS
66.249.74.169 - - [29/Nov/2025:00:03:58 +0000] "GET /central-florida/oviedo/riverside-at-twin-rivers HTTP/1.1" 301 819 "" "Mozilla/5.0 (Linux; Android 6.0.1; Nexus 5X Build/MMB29P) AppleWebKit/537.36 (KHTML, like Gecko) Chrome/141.0.7390.122 Mobile Safari/537.36 (compatible; Googlebot/2.1; +http://www.google.com/bot.html)" www.jeanscotthomes.com MISS
66.249.74.169 - - [29/Nov/2025:00:04:01 +0000] "GET /central-florida/oviedo/riverside-at-twin-rivers/ HTTP/1.1" 200 99326 "" "Mozilla/5.0 (Linux; Android 6.0.1; Nexus 5X Build/MMB29P) AppleWebKit/537.36 (KHTML, like Gecko) Chrome/141.0.7390.122 Mobile Safari/537.36 (compatible; Googlebot/2.1; +http://www.google.com/bot.html)" www.jeanscotthomes.com MISS
52.167.144.166 - - [29/Nov/2025:00:04:19 +0000] "GET /properties/324576-/ HTTP/1.1" 404 85726 "" "Mozilla/5.0 AppleWebKit/537.36 (KHTML, like Gecko; compatible; bingbot/2.0; +http://www.bing.com/bingbot.htm) Chrome/116.0.1938.76 Safari/537.36" www.jeanscotthomes.com PASS
66.249.74.169 - - [29/Nov/2025:00:04:19 +0000] "GET /homes-details/12880-HOLDENBURY-LN-WINDERMERE-FL-34786/S5134832/32/ HTTP/1.1" 200 84378 "" "Mozilla/5.0 (Linux; Android 6.0.1; Nexus 5X Build/MMB29P) AppleWebKit/537.36 (KHTML, like Gecko) Chrome/141.0.7390.122 Mobile Safari/537.36 (compatible; Googlebot/2.1; +http://www.google.com/bot.html)" www.jeanscotthomes.com MISS
40.77.167.61 - - [29/Nov/2025:00:04:26 +0000] "GET /homes-details/1116-FAIRWAY-DR-WINTER-PARK-FL-32792/O6265989/32/ HTTP/1.1" 200 84369 "" "Mozilla/5.0 AppleWebKit/537.36 (KHTML, like Gecko; compatible; bingbot/2.0; +http://www.bing.com/bingbot.htm) Chrome/116.0.1938.76 Safari/537.36" www.jeanscotthomes.com MISS
66.249.74.169 - - [29/Nov/2025:00:04:38 +0000] "GET /homes-details/644-SAN-JUAN-BLVD-ORLANDO-FL-32807/S5134379/32/ HTTP/1.1" 200 84361 "" "Mozilla/5.0 (Linux; Android 6.0.1; Nexus 5X Build/MMB29P) AppleWebKit/537.36 (KHTML, like Gecko) Chrome/141.0.7390.122 Mobile Safari/537.36 (compatible; Googlebot/2.1; +http://www.google.com/bot.html)" www.jeanscotthomes.com MISS
185.191.171.8 - - [29/Nov/2025:00:04:52 +0000] "GET /geo/central-florida/orlando/avalon-park/ HTTP/1.1" 200 106834 "" "Mozilla/5.0 (compatible; SemrushBot/7~bl; +http://www.semrush.com/bot.html)" www.jeanscotthomes.com MISS
66.249.74.169 - - [29/Nov/2025:00:05:15 +0000] "GET /homes-details/870-VINELAND-PL-LAKE-MARY-FL-32746/TB8448790/32/ HTTP/1.1" 200 84353 "" "Mozilla/5.0 (Linux; Android 6.0.1; Nexus 5X Build/MMB29P) AppleWebKit/537.36 (KHTML, like Gecko) Chrome/141.0.7390.122 Mobile Safari/537.36 (compatible; Googlebot/2.1; +http://www.google.com/bot.html)" www.jeanscotthomes.com MISS
52.167.144.166 - - [29/Nov/2025:00:05:16 +0000] "GET /homes-details/12880-HOLDENBURY-LN-WINDERMERE-FL-34786/S5134832/32/ HTTP/1.1" 200 84379 "" "Mozilla/5.0 AppleWebKit/537.36 (KHTML, like Gecko; compatible; bingbot/2.0; +http://www.bing.com/bingbot.htm) Chrome/116.0.1938.76 Safari/537.36" www.jeanscotthomes.com MISS
40.77.167.76 - - [29/Nov/2025:00:05:21 +0000] "GET /homes-details/301-MAGNOLIA-LAKE-LONGWOOD-FL-32779/O6360515/32/ HTTP/1.1" 200 84324 "" "Mozilla/5.0 AppleWebKit/537.36 (KHTML, like Gecko; compatible; bingbot/2.0; +http://www.bing.com/bingbot.htm) Chrome/116.0.1938.76 Safari/537.36" www.jeanscotthomes.com MISS
66.249.74.169 - - [29/Nov/2025:00:05:38 +0000] "GET /homes-details/524-ELLIE-CT-APOPKA-FL-32703/O6352964/32/ HTTP/1.1" 200 84311 "" "Mozilla/5.0 (Linux; Android 6.0.1; Nexus 5X Build/MMB29P) AppleWebKit/537.36 (KHTML, like Gecko) Chrome/141.0.7390.122 Mobile Safari/537.36 (compatible; Googlebot/2.1; +http://www.google.com/bot.html)" www.jeanscotthomes.com MISS
66.249.74.169 - - [29/Nov/2025:00:05:39 +0000] "GET /homes-details/2318-LAUREL-PINE-LN-ORLANDO-FL-32837/S5135321/32/ HTTP/1.1" 200 84341 "" "Mozilla/5.0 (Linux; Android 6.0.1; Nexus 5X Build/MMB29P) AppleWebKit/537.36 (KHTML, like Gecko) Chrome/141.0.7390.122 Mobile Safari/537.36 (compatible; Googlebot/2.1; +http://www.google.com/bot.html)" www.jeanscotthomes.com MISS
66.249.74.169 - - [29/Nov/2025:00:05:59 +0000] "GET /homes-details/5931-HIGH-SEAS-DR-ORLANDO-FL-32821/S5138479/32/ HTTP/1.1" 200 84349 "" "Mozilla/5.0 (Linux; Android 6.0.1; Nexus 5X Build/MMB29P) AppleWebKit/537.36 (KHTML, like Gecko) Chrome/141.0.7390.122 Mobile Safari/537.36 (compatible; Googlebot/2.1; +http://www.google.com/bot.html)" www.jeanscotthomes.com MISS
136.143.179.50 - - [29/Nov/2025:00:06:11 +0000] "GET / HTTP/1.1" 200 31055 "" "Site24x7" www.jeanscotthomes.com HIT
66.249.74.169 - - [29/Nov/2025:00:06:20 +0000] "GET /homes-details/441-N-CAPEN-AVE-WINTER-PARK-FL-32789/O6299729/32/ HTTP/1.1" 200 84369 "" "Mozilla/5.0 (Linux; Android 6.0.1; Nexus 5X Build/MMB29P) AppleWebKit/537.36 (KHTML, like Gecko) Chrome/141.0.7390.122 Mobile Safari/537.36 (compatible; Googlebot/2.1; +http://www.google.com/bot.html)" www.jeanscotthomes.com MISS
66.249.74.169 - - [29/Nov/2025:00:06:24 +0000] "GET /homes-details/212-E-SWEETWATER-CREEK-DR-LONGWOOD-FL-32779/O6346223/32/ HTTP/1.1" 200 84404 "" "Mozilla/5.0 (Linux; Android 6.0.1; Nexus 5X Build/MMB29P) AppleWebKit/537.36 (KHTML, like Gecko) Chrome/141.0.7390.122 Mobile Safari/537.36 (compatible; Googlebot/2.1; +http://www.google.com/bot.html)" www.jeanscotthomes.com MISS
40.77.167.61 - - [29/Nov/2025:00:06:40 +0000] "GET /properties/319866-/ HTTP/1.1" 404 85989 "" "Mozilla/5.0 AppleWebKit/537.36 (KHTML, like Gecko; compatible; bingbot/2.0; +http://www.bing.com/bingbot.htm) Chrome/116.0.1938.76 Safari/537.36" www.jeanscotthomes.com PASS
66.249.74.169 - - [29/Nov/2025:00:06:43 +0000] "GET /homes-details/1565-CORKERY-CT-WINTER-SPRINGS-FL-32708/O6296645/32/ HTTP/1.1" 200 84393 "" "Mozilla/5.0 (Linux; Android 6.0.1; Nexus 5X Build/MMB29P) AppleWebKit/537.36 (KHTML, like Gecko) Chrome/141.0.7390.122 Mobile Safari/537.36 (compatible; Googlebot/2.1; +http://www.google.com/bot.html)" www.jeanscotthomes.com MISS
66.249.74.169 - - [29/Nov/2025:00:06:45 +0000] "GET /featured-listings/3593-foxcroft-cir-oviedo-fl-32765/ HTTP/1.1" 200 97242 "" "Mozilla/5.0 (Linux; Android 6.0.1; Nexus 5X Build/MMB29P) AppleWebKit/537.36 (KHTML, like Gecko) Chrome/141.0.7390.122 Mobile Safari/537.36 (compatible; Googlebot/2.1; +http://www.google.com/bot.html)" www.jeanscotthomes.com MISS
66.249.74.169 - - [29/Nov/2025:00:06:46 +0000] "GET /homes-details/176-E-GRANDBEND-AVE-LAKE-MARY-FL-32746/O6277176/32/ HTTP/1.1" 200 15568 "" "Mozilla/5.0 (Linux; Android 6.0.1; Nexus 5X Build/MMB29P) AppleWebKit/537.36 (KHTML, like Gecko) Chrome/141.0.7390.122 Mobile Safari/537.36 (compatible; Googlebot/2.1; +http://www.google.com/bot.html)" www.jeanscotthomes.com MISS
40.77.167.43 - - [29/Nov/2025:00:06:57 +0000] "GET /homes-details/1656-BRENTLAWN-STREET-DELTONA-FL-32725/O6358725/32/ HTTP/1.1" 200 84355 "" "Mozilla/5.0 AppleWebKit/537.36 (KHTML, like Gecko; compatible; bingbot/2.0; +http://www.bing.com/bingbot.htm) Chrome/116.0.1938.76 Safari/537.36" www.jeanscotthomes.com MISS
66.249.74.169 - - [29/Nov/2025:00:07:05 +0000] "GET /homes-details/81-OAKDALE-ST-WINDERMERE-FL-34786/S5138567/32/ HTTP/1.1" 200 84355 "" "Mozilla/5.0 (Linux; Android 6.0.1; Nexus 5X Build/MMB29P) AppleWebKit/537.36 (KHTML, like Gecko) Chrome/141.0.7390.122 Mobile Safari/537.36 (compatible; Googlebot/2.1; +http://www.google.com/bot.html)" www.jeanscotthomes.com MISS
40.77.167.61 - - [29/Nov/2025:00:07:07 +0000] "GET /homes-details/2318-LAUREL-PINE-LN-ORLANDO-FL-32837/S5135321/32/ HTTP/1.1" 200 84355 "" "Mozilla/5.0 AppleWebKit/537.36 (KHTML, like Gecko; compatible; bingbot/2.0; +http://www.bing.com/bingbot.htm) Chrome/116.0.1938.76 Safari/537.36" www.jeanscotthomes.com MISS
40.77.167.76 - - [29/Nov/2025:00:07:19 +0000] "GET /homes-details/441-N-CAPEN-AVE-WINTER-PARK-FL-32789/O6299729/32/ HTTP/1.1" 200 84369 "" "Mozilla/5.0 AppleWebKit/537.36 (KHTML, like Gecko; compatible; bingbot/2.0; +http://www.bing.com/bingbot.htm) Chrome/116.0.1938.76 Safari/537.36" www.jeanscotthomes.com MISS
66.249.74.169 - - [29/Nov/2025:00:07:24 +0000] "GET /homes-details/1254-CHESSINGTON-CIR-LAKE-MARY-FL-32746/O6271181/32/ HTTP/1.1" 200 84383 "" "Mozilla/5.0 (Linux; Android 6.0.1; Nexus 5X Build/MMB29P) AppleWebKit/537.36 (KHTML, like Gecko) Chrome/141.0.7390.122 Mobile Safari/537.36 (compatible; Googlebot/2.1; +http://www.google.com/bot.html)" www.jeanscotthomes.com MISS
66.249.74.169 - - [29/Nov/2025:00:07:45 +0000] "GET /homes-details/1860-GARDEN-SAGE-DR-OVIEDO-FL-32765/S5135414/32/ HTTP/1.1" 200 84353 "" "Mozilla/5.0 (Linux; Android 6.0.1; Nexus 5X Build/MMB29P) AppleWebKit/537.36 (KHTML, like Gecko) Chrome/141.0.7390.122 Mobile Safari/537.36 (compatible; Googlebot/2.1; +http://www.google.com/bot.html)" www.jeanscotthomes.com MISS
52.167.144.216 - - [29/Nov/2025:00:08:13 +0000] "GET /properties/500394-/ HTTP/1.1" 404 85692 "" "Mozilla/5.0 AppleWebKit/537.36 (KHTML, like Gecko; compatible; bingbot/2.0; +http://www.bing.com/bingbot.htm) Chrome/116.0.1938.76 Safari/537.36" www.jeanscotthomes.com PASS
66.249.74.161 - - [29/Nov/2025:00:08:22 +0000] "GET /homes-details/8271-MARITIME-FLAG-ST-UNIT-109-WINDERMERE-FL-34786/S5126203/32/ HTTP/1.1" 200 15565 "" "Mozilla/5.0 (Linux; Android 6.0.1; Nexus 5X Build/MMB29P) AppleWebKit/537.36 (KHTML, like Gecko) Chrome/141.0.7390.122 Mobile Safari/537.36 (compatible; Googlebot/2.1; +http://www.google.com/bot.html)" www.jeanscotthomes.com MISS
185.191.171.6 - - [29/Nov/2025:00:08:28 +0000] "GET /featured-listings/217-brassington-dr-debary-fl-32713/ HTTP/1.1" 200 96993 "" "Mozilla/5.0 (compatible; SemrushBot/7~bl; +http://www.semrush.com/bot.html)" www.jeanscotthomes.com MISS
66.249.74.169 - - [29/Nov/2025:00:08:41 +0000] "GET /homes-details/234-DUNCAN-TRL-LONGWOOD-FL-32779/S5137384/32/ HTTP/1.1" 200 84333 "" "Mozilla/5.0 (Linux; Android 6.0.1; Nexus 5X Build/MMB29P) AppleWebKit/537.36 (KHTML, like Gecko) Chrome/141.0.7390.122 Mobile Safari/537.36 (compatible; Googlebot/2.1; +http://www.google.com/bot.html)" www.jeanscotthomes.com MISS
66.249.74.169 - - [29/Nov/2025:00:08:43 +0000] "GET /homes-details/1806-CHAMBERLIN-ST-ORLANDO-FL-32806/O6348469/32/ HTTP/1.1" 200 84361 "" "Mozilla/5.0 (Linux; Android 6.0.1; Nexus 5X Build/MMB29P) AppleWebKit/537.36 (KHTML, like Gecko) Chrome/141.0.7390.122 Mobile Safari/537.36 (compatible; Googlebot/2.1; +http://www.google.com/bot.html)" www.jeanscotthomes.com MISS
40.77.167.43 - - [29/Nov/2025:00:08:47 +0000] "GET /homes-details/8761-THE-ESPLANADE-UNIT-31-ORLANDO-FL-32836/O6361497/32/ HTTP/1.1" 200 84359 "" "Mozilla/5.0 AppleWebKit/537.36 (KHTML, like Gecko; compatible; bingbot/2.0; +http://www.bing.com/bingbot.htm) Chrome/116.0.1938.76 Safari/537.36" www.jeanscotthomes.com MISS
40.77.167.43 - - [29/Nov/2025:00:08:48 +0000] "GET /homes-details/81-OAKDALE-ST-WINDERMERE-FL-34786/S5138567/32/ HTTP/1.1" 200 84354 "" "Mozilla/5.0 AppleWebKit/537.36 (KHTML, like Gecko; compatible; bingbot/2.0; +http://www.bing.com/bingbot.htm) Chrome/116.0.1938.76 Safari/537.36" www.jeanscotthomes.com MISS
40.77.167.43 - - [29/Nov/2025:00:08:49 +0000] "GET /homes-details/1860-GARDEN-SAGE-DR-OVIEDO-FL-32765/S5135414/32/ HTTP/1.1" 200 84353 "" "Mozilla/5.0 AppleWebKit/537.36 (KHTML, like Gecko; compatible; bingbot/2.0; +http://www.bing.com/bingbot.htm) Chrome/116.0.1938.76 Safari/537.36" www.jeanscotthomes.com MISS
66.249.74.169 - - [29/Nov/2025:00:09:02 +0000] "GET /homes-details/10774-PAHOKEE-BEACH-PL-ORLANDO-FL-32827/S5139202/32/ HTTP/1.1" 200 84379 "" "Mozilla/5.0 (Linux; Android 6.0.1; Nexus 5X Build/MMB29P) AppleWebKit/537.36 (KHTML, like Gecko) Chrome/141.0.7390.122 Mobile Safari/537.36 (compatible; Googlebot/2.1; +http://www.google.com/bot.html)" www.jeanscotthomes.com MISS
66.249.74.169 - - [29/Nov/2025:00:09:04 +0000] "GET /homes-details/907-GARDEN-PLZ-ORLANDO-FL-32803/O6362718/32/ HTTP/1.1" 200 84325 "" "Mozilla/5.0 (Linux; Android 6.0.1; Nexus 5X Build/MMB29P) AppleWebKit/537.36 (KHTML, like Gecko) Chrome/141.0.7390.122 Mobile Safari/537.36 (compatible; Googlebot/2.1; +http://www.google.com/bot.html)" www.jeanscotthomes.com MISS
66.249.74.169 - - [29/Nov/2025:00:09:12 +0000] "GET /homes-details/3833-IRONWEDGE-DRIVE-ORLANDO-FL-32808/S5139053/32/ HTTP/1.1" 200 84348 "" "Mozilla/5.0 (Linux; Android 6.0.1; Nexus 5X Build/MMB29P) AppleWebKit/537.36 (KHTML, like Gecko) Chrome/141.0.7390.122 Mobile Safari/537.36 (compatible; Googlebot/2.1; +http://www.google.com/bot.html)" www.jeanscotthomes.com MISS
66.249.74.169 - - [29/Nov/2025:00:09:16 +0000] "GET /homes-details/1570-FARRINDON-CIR-LAKE-MARY-FL-32746/V4945829/32/ HTTP/1.1" 200 15565 "" "Mozilla/5.0 (Linux; Android 6.0.1; Nexus 5X Build/MMB29P) AppleWebKit/537.36 (KHTML, like Gecko) Chrome/141.0.7390.122 Mobile Safari/537.36 (compatible; Googlebot/2.1; +http://www.google.com/bot.html)" www.jeanscotthomes.com MISS
66.249.74.169 - - [29/Nov/2025:00:09:34 +0000] "GET /homes-details/639-FRIAR-RD-WINTER-PARK-FL-32792/O6360212/32/ HTTP/1.1" 200 84345 "" "Mozilla/5.0 (Linux; Android 6.0.1; Nexus 5X Build/MMB29P) AppleWebKit/537.36 (KHTML, like Gecko) Chrome/141.0.7390.122 Mobile Safari/537.36 (compatible; Googlebot/2.1; +http://www.google.com/bot.html)" www.jeanscotthomes.com MISS
52.167.144.237 - - [29/Nov/2025:00:09:37 +0000] "GET /homes-details/2330-HICKORY-LN-ORLANDO-FL-32803/O6363188/32/ HTTP/1.1" 200 84330 "" "Mozilla/5.0 AppleWebKit/537.36 (KHTML, like Gecko; compatible; bingbot/2.0; +http://www.bing.com/bingbot.htm) Chrome/116.0.1938.76 Safari/537.36" www.jeanscotthomes.com MISS
66.249.74.169 - - [29/Nov/2025:00:09:55 +0000] "GET /homes-details/2368-BUCKINGHAM-RUN-CT-ORLANDO-FL-32828/O6283698/32/ HTTP/1.1" 200 84379 "" "Mozilla/5.0 (Linux; Android 6.0.1; Nexus 5X Build/MMB29P) AppleWebKit/537.36 (KHTML, like Gecko) Chrome/141.0.7390.122 Mobile Safari/537.36 (compatible; Googlebot/2.1; +http://www.google.com/bot.html)" www.jeanscotthomes.com MISS
40.77.167.43 - - [29/Nov/2025:00:10:07 +0000] "GET /homes-details/35-OAK-BEND-CT-OVIEDO-FL-32765/O6327512/32/ HTTP/1.1" 200 84323 "" "Mozilla/5.0 AppleWebKit/537.36 (KHTML, like Gecko; compatible; bingbot/2.0; +http://www.bing.com/bingbot.htm) Chrome/116.0.1938.76 Safari/537.36" www.jeanscotthomes.com MISS
52.167.144.237 - - [29/Nov/2025:00:10:11 +0000] "GET /homes-details/9310-ISLEWORTH-GARDENS-DR-WINDERMERE-FL-34786/O6349960/32/ HTTP/1.1" 200 84420 "" "Mozilla/5.0 AppleWebKit/537.36 (KHTML, like Gecko; compatible; bingbot/2.0; +http://www.bing.com/bingbot.htm) Chrome/116.0.1938.76 Safari/537.36" www.jeanscotthomes.com MISS
52.167.144.237 - - [29/Nov/2025:00:10:13 +0000] "GET /homes-details/1570-FARRINDON-CIR-LAKE-MARY-FL-32746/V4945829/32/ HTTP/1.1" 200 84371 "" "Mozilla/5.0 AppleWebKit/537.36 (KHTML, like Gecko; compatible; bingbot/2.0; +http://www.bing.com/bingbot.htm) Chrome/116.0.1938.76 Safari/537.36" www.jeanscotthomes.com MISS
66.249.74.169 - - [29/Nov/2025:00:10:14 +0000] "GET /homes-details/212-HAMMOCK-DUNES-PL-ORLANDO-FL-32828/TB8437180/32/ HTTP/1.1" 200 84367 "" "Mozilla/5.0 (Linux; Android 6.0.1; Nexus 5X Build/MMB29P) AppleWebKit/537.36 (KHTML, like Gecko) Chrome/141.0.7390.122 Mobile Safari/537.36 (compatible; Googlebot/2.1; +http://www.google.com/bot.html)" www.jeanscotthomes.com MISS
52.167.144.216 - - [29/Nov/2025:00:10:20 +0000] "GET /homes-details/3833-IRONWEDGE-DRIVE-ORLANDO-FL-32808/S5139053/32/ HTTP/1.1" 200 84348 "" "Mozilla/5.0 AppleWebKit/537.36 (KHTML, like Gecko; compatible; bingbot/2.0; +http://www.bing.com/bingbot.htm) Chrome/116.0.1938.76 Safari/537.36" www.jeanscotthomes.com MISS
52.167.144.216 - - [29/Nov/2025:00:10:30 +0000] "GET /homes-details/907-GARDEN-PLZ-ORLANDO-FL-32803/O6362718/32/ HTTP/1.1" 200 84324 "" "Mozilla/5.0 AppleWebKit/537.36 (KHTML, like Gecko; compatible; bingbot/2.0; +http://www.bing.com/bingbot.htm) Chrome/116.0.1938.76 Safari/537.36" www.jeanscotthomes.com MISS
66.249.74.169 - - [29/Nov/2025:00:10:34 +0000] "GET /homes-details/7332-MARDELL-CT-ORLANDO-FL-32835/S5134066/32/ HTTP/1.1" 200 84337 "" "Mozilla/5.0 (Linux; Android 6.0.1; Nexus 5X Build/MMB29P) AppleWebKit/537.36 (KHTML, like Gecko) Chrome/141.0.7390.122 Mobile Safari/537.36 (compatible; Googlebot/2.1; +http://www.google.com/bot.html)" www.jeanscotthomes.com MISS
66.249.74.169 - - [29/Nov/2025:00:10:36 +0000] "GET /featured-listings/425-carrigan-ave-oviedo-fl-32765/ HTTP/1.1" 200 89718 "" "Mozilla/5.0 (Linux; Android 6.0.1; Nexus 5X Build/MMB29P) AppleWebKit/537.36 (KHTML, like Gecko) Chrome/141.0.7390.122 Mobile Safari/537.36 (compatible; Googlebot/2.1; +http://www.google.com/bot.html)" www.jeanscotthomes.com MISS
40.77.167.43 - - [29/Nov/2025:00:10:38 +0000] "GET /homes-details/13055-OVERSTREET-RD-WINDERMERE-FL-34786/O6314641/32/ HTTP/1.1" 200 84365 "" "Mozilla/5.0 AppleWebKit/537.36 (KHTML, like Gecko; compatible; bingbot/2.0; +http://www.bing.com/bingbot.htm) Chrome/116.0.1938.76 Safari/537.36" www.jeanscotthomes.com MISS
40.77.167.43 - - [29/Nov/2025:00:10:40 +0000] "GET /homes-details/116-MOUNTAIN-LAKE-LAKE-WALES-FL-33898/P4936933/32/ HTTP/1.1" 200 84354 "" "Mozilla/5.0 AppleWebKit/537.36 (KHTML, like Gecko; compatible; bingbot/2.0; +http://www.bing.com/bingbot.htm) Chrome/116.0.1938.76 Safari/537.36" www.jeanscotthomes.com MISS
52.255.111.12 - - [29/Nov/2025:00:10:52 +0000] "GET /resources/homebuyers/how-to-identify-and-build-on-wetlands-in-central-florida/ HTTP/1.1" 200 103085 "" "Mozilla/5.0 AppleWebKit/537.36 (KHTML, like Gecko); compatible; ChatGPT-User/1.0; +https://openai.com/bot" www.jeanscotthomes.com MISS
66.249.74.169 - - [29/Nov/2025:00:10:56 +0000] "GET /homes-details/1656-UTICA-TRL-LAKE-MARY-FL-32746/V4944573/32/ HTTP/1.1" 200 84341 "" "Mozilla/5.0 (Linux; Android 6.0.1; Nexus 5X Build/MMB29P) AppleWebKit/537.36 (KHTML, like Gecko) Chrome/141.0.7390.122 Mobile Safari/537.36 (compatible; Googlebot/2.1; +http://www.google.com/bot.html)" www.jeanscotthomes.com MISS
66.249.74.169 - - [29/Nov/2025:00:10:58 +0000] "GET /homes-details/218-NANETTE-DR-ORLANDO-FL-32839/TB8438814/32/ HTTP/1.1" 200 84320 "" "Mozilla/5.0 (Linux; Android 6.0.1; Nexus 5X Build/MMB29P) AppleWebKit/537.36 (KHTML, like Gecko) Chrome/141.0.7390.122 Mobile Safari/537.36 (compatible; Googlebot/2.1; +http://www.google.com/bot.html)" www.jeanscotthomes.com MISS
66.249.74.169 - - [29/Nov/2025:00:11:00 +0000] "GET /featured-listings/1014-s-magee-creek-ct-oviedo-fl-32765/ HTTP/1.1" 200 91751 "" "Mozilla/5.0 (Linux; Android 6.0.1; Nexus 5X Build/MMB29P) AppleWebKit/537.36 (KHTML, like Gecko) Chrome/141.0.7390.122 Mobile Safari/537.36 (compatible; Googlebot/2.1; +http://www.google.com/bot.html)" www.jeanscotthomes.com MISS
136.143.179.51 - - [29/Nov/2025:00:11:12 +0000] "GET / HTTP/1.1" 200 31055 "" "Site24x7" www.jeanscotthomes.com HIT
66.249.74.169 - - [29/Nov/2025:00:11:12 +0000] "GET /homes-details/8556-ADALINA-PL-ORLANDO-FL-32827/A4672176/32/ HTTP/1.1" 200 84337 "" "Mozilla/5.0 (Linux; Android 6.0.1; Nexus 5X Build/MMB29P) AppleWebKit/537.36 (KHTML, like Gecko) Chrome/141.0.7390.122 Mobile Safari/537.36 (compatible; Googlebot/2.1; +http://www.google.com/bot.html)" www.jeanscotthomes.com MISS
52.167.144.216 - - [29/Nov/2025:00:11:20 +0000] "GET /homes-details/639-FRIAR-RD-WINTER-PARK-FL-32792/O6360212/32/ HTTP/1.1" 200 84345 "" "Mozilla/5.0 AppleWebKit/537.36 (KHTML, like Gecko; compatible; bingbot/2.0; +http://www.bing.com/bingbot.htm) Chrome/116.0.1938.76 Safari/537.36" www.jeanscotthomes.com MISS
66.249.74.169 - - [29/Nov/2025:00:11:36 +0000] "GET /homes-details/120-BEASLEY-RD-OVIEDO-FL-32765/S5135602/32/ HTTP/1.1" 200 84317 "" "Mozilla/5.0 (Linux; Android 6.0.1; Nexus 5X Build/MMB29P) AppleWebKit/537.36 (KHTML, like Gecko) Chrome/141.0.7390.122 Mobile Safari/537.36 (compatible; Googlebot/2.1; +http://www.google.com/bot.html)" www.jeanscotthomes.com MISS
52.167.144.237 - - [29/Nov/2025:00:11:47 +0000] "GET /homes-details/1656-UTICA-TRL-LAKE-MARY-FL-32746/V4944573/32/ HTTP/1.1" 200 84341 "" "Mozilla/5.0 AppleWebKit/537.36 (KHTML, like Gecko; compatible; bingbot/2.0; +http://www.bing.com/bingbot.htm) Chrome/116.0.1938.76 Safari/537.36" www.jeanscotthomes.com MISS
66.249.74.169 - - [29/Nov/2025:00:11:59 +0000] "GET /homes-details/4030-EVANDER-DR-ORLANDO-FL-32812/O6360203/32/ HTTP/1.1" 200 84337 "" "Mozilla/5.0 (Linux; Android 6.0.1; Nexus 5X Build/MMB29P) AppleWebKit/537.36 (KHTML, like Gecko) Chrome/141.0.7390.122 Mobile Safari/537.36 (compatible; Googlebot/2.1; +http://www.google.com/bot.html)" www.jeanscotthomes.com MISS
66.249.74.169 - - [29/Nov/2025:00:12:22 +0000] "GET /homes-details/1362-IVY-MEADOW-DR-ORLANDO-FL-32824/V4945845/32/ HTTP/1.1" 200 84355 "" "Mozilla/5.0 (Linux; Android 6.0.1; Nexus 5X Build/MMB29P) AppleWebKit/537.36 (KHTML, like Gecko) Chrome/141.0.7390.122 Mobile Safari/537.36 (compatible; Googlebot/2.1; +http://www.google.com/bot.html)" www.jeanscotthomes.com MISS
66.249.74.169 - - [29/Nov/2025:00:12:45 +0000] "GET /homes-details/7466-CANFORD-CT-UNIT-25-WINTER-PARK-FL-32792/O6311050/32/ HTTP/1.1" 200 15560 "" "Mozilla/5.0 (Linux; Android 6.0.1; Nexus 5X Build/MMB29P) AppleWebKit/537.36 (KHTML, like Gecko) Chrome/141.0.7390.122 Mobile Safari/537.36 (compatible; Googlebot/2.1; +http://www.google.com/bot.html)" www.jeanscotthomes.com MISS
52.167.144.237 - - [29/Nov/2025:00:13:07 +0000] "GET /homes-details/1254-CHESSINGTON-CIR-LAKE-MARY-FL-32746/O6271181/32/ HTTP/1.1" 200 84383 "" "Mozilla/5.0 AppleWebKit/537.36 (KHTML, like Gecko; compatible; bingbot/2.0; +http://www.bing.com/bingbot.htm) Chrome/116.0.1938.76 Safari/537.36" www.jeanscotthomes.com MISS
216.244.66.241 - - [29/Nov/2025:00:13:09 +0000] "GET /properties/features/pdf/?pid=506040 HTTP/1.1" 404 15854 "" "Mozilla/5.0 (compatible; DotBot/1.2; +https://opensiteexplorer.org/dotbot; help@moz.com)" www.jeanscotthomes.com PASS
66.249.74.160 - - [29/Nov/2025:00:13:09 +0000] "GET /homes-details/4421-STEED-TER-WINTER-PARK-FL-32792/O6288387/32/ HTTP/1.1" 200 84369 "" "Mozilla/5.0 (Linux; Android 6.0.1; Nexus 5X Build/MMB29P) AppleWebKit/537.36 (KHTML, like Gecko) Chrome/141.0.7390.122 Mobile Safari/537.36 (compatible; Googlebot/2.1; +http://www.google.com/bot.html)" www.jeanscotthomes.com MISS
52.167.144.237 - - [29/Nov/2025:00:13:11 +0000] "GET /homes-details/2825-MULFORD-AVE-WINTER-PARK-FL-32789/O6343187/32/ HTTP/1.1" 200 84375 "" "Mozilla/5.0 AppleWebKit/537.36 (KHTML, like Gecko; compatible; bingbot/2.0; +http://www.bing.com/bingbot.htm) Chrome/116.0.1938.76 Safari/537.36" www.jeanscotthomes.com MISS
52.167.144.216 - - [29/Nov/2025:00:13:12 +0000] "GET /homes-details/1362-IVY-MEADOW-DR-ORLANDO-FL-32824/V4945845/32/ HTTP/1.1" 200 84355 "" "Mozilla/5.0 AppleWebKit/537.36 (KHTML, like Gecko; compatible; bingbot/2.0; +http://www.bing.com/bingbot.htm) Chrome/116.0.1938.76 Safari/537.36" www.jeanscotthomes.com MISS
216.244.66.241 - - [29/Nov/2025:00:13:14 +0000] "GET /properties/features/pdf/?pid=588561 HTTP/1.1" 404 15833 "" "Mozilla/5.0 (compatible; DotBot/1.2; +https://opensiteexplorer.org/dotbot; help@moz.com)" www.jeanscotthomes.com PASS
66.249.74.169 - - [29/Nov/2025:00:13:32 +0000] "GET /homes-details/5139-OAK-HILL-DR-WINTER-PARK-FL-32792/O6363372/32/ HTTP/1.1" 200 15550 "" "Mozilla/5.0 (Linux; Android 6.0.1; Nexus 5X Build/MMB29P) AppleWebKit/537.36 (KHTML, like Gecko) Chrome/141.0.7390.122 Mobile Safari/537.36 (compatible; Googlebot/2.1; +http://www.google.com/bot.html)" www.jeanscotthomes.com MISS
66.249.74.169 - - [29/Nov/2025:00:13:51 +0000] "GET /homes-details/3926-WARBLER-DRIVE-WINTER-HAVEN-FL-33880/P4936932/32/ HTTP/1.1" 200 84377 "" "Mozilla/5.0 (Linux; Android 6.0.1; Nexus 5X Build/MMB29P) AppleWebKit/537.36 (KHTML, like Gecko) Chrome/141.0.7390.122 Mobile Safari/537.36 (compatible; Googlebot/2.1; +http://www.google.com/bot.html)" www.jeanscotthomes.com MISS
66.249.74.169 - - [29/Nov/2025:00:14:10 +0000] "GET /homes-details/1155-N-11TH-STREET-EAGLE-LAKE-FL-33839/P4937142/32/ HTTP/1.1" 200 84361 "" "Mozilla/5.0 (Linux; Android 6.0.1; Nexus 5X Build/MMB29P) AppleWebKit/537.36 (KHTML, like Gecko) Chrome/141.0.7390.122 Mobile Safari/537.36 (compatible; Googlebot/2.1; +http://www.google.com/bot.html)" www.jeanscotthomes.com MISS
52.167.144.216 - - [29/Nov/2025:00:14:21 +0000] "GET /homes-details/5139-OAK-HILL-DR-WINTER-PARK-FL-32792/O6363372/32/ HTTP/1.1" 200 84325 "" "Mozilla/5.0 AppleWebKit/537.36 (KHTML, like Gecko; compatible; bingbot/2.0; +http://www.bing.com/bingbot.htm) Chrome/116.0.1938.76 Safari/537.36" www.jeanscotthomes.com MISS
52.167.144.216 - - [29/Nov/2025:00:14:22 +0000] "GET /homes-details/350-S-5TH-ST-ORLANDO-FL-32833/O6362527/32/ HTTP/1.1" 200 84324 "" "Mozilla/5.0 AppleWebKit/537.36 (KHTML, like Gecko; compatible; bingbot/2.0; +http://www.bing.com/bingbot.htm) Chrome/116.0.1938.76 Safari/537.36" www.jeanscotthomes.com MISS
52.167.144.237 - - [29/Nov/2025:00:14:28 +0000] "GET /homes-details/4421-STEED-TER-WINTER-PARK-FL-32792/O6288387/32/ HTTP/1.1" 200 84369 "" "Mozilla/5.0 AppleWebKit/537.36 (KHTML, like Gecko; compatible; bingbot/2.0; +http://www.bing.com/bingbot.htm) Chrome/116.0.1938.76 Safari/537.36" www.jeanscotthomes.com MISS
40.77.167.43 - - [29/Nov/2025:00:14:38 +0000] "GET /homes-details/11941-STORY-TIME-DR-ORLANDO-FL-32832/O6361745/32/ HTTP/1.1" 200 84361 "" "Mozilla/5.0 AppleWebKit/537.36 (KHTML, like Gecko; compatible; bingbot/2.0; +http://www.bing.com/bingbot.htm) Chrome/116.0.1938.76 Safari/537.36" www.jeanscotthomes.com MISS
66.249.74.169 - - [29/Nov/2025:00:14:48 +0000] "GET /homes-details/2005-VIRGINIA-DR-ORLANDO-FL-32803/O6361680/32/ HTTP/1.1" 200 84343 "" "Mozilla/5.0 (Linux; Android 6.0.1; Nexus 5X Build/MMB29P) AppleWebKit/537.36 (KHTML, like Gecko) Chrome/141.0.7390.122 Mobile Safari/537.36 (compatible; Googlebot/2.1; +http://www.google.com/bot.html)" www.jeanscotthomes.com MISS
128.140.8.200 - - [29/Nov/2025:00:15:02 +0000] "GET /wp-cron.php?doing_wp_cron HTTP/1.1" 200 845 "" "Mozilla/4.0 (compatible; cron-job.org; http://cron-job.org/abuse/)" www.jeanscotthomes.com PASS
66.249.74.161 - - [29/Nov/2025:00:15:06 +0000] "GET /homes-details/1806-ELSA-ST-ORLANDO-FL-32806/O6347946/32/ HTTP/1.1" 200 15532 "" "Mozilla/5.0 (Linux; Android 6.0.1; Nexus 5X Build/MMB29P) AppleWebKit/537.36 (KHTML, like Gecko) Chrome/141.0.7390.122 Mobile Safari/537.36 (compatible; Googlebot/2.1; +http://www.google.com/bot.html)" www.jeanscotthomes.com MISS
52.167.144.237 - - [29/Nov/2025:00:15:08 +0000] "GET /homes-details/1155-N-11TH-STREET-EAGLE-LAKE-FL-33839/P4937142/32/ HTTP/1.1" 200 84360 "" "Mozilla/5.0 AppleWebKit/537.36 (KHTML, like Gecko; compatible; bingbot/2.0; +http://www.bing.com/bingbot.htm) Chrome/116.0.1938.76 Safari/537.36" www.jeanscotthomes.com MISS
66.249.74.169 - - [29/Nov/2025:00:15:43 +0000] "GET /geo/central-florida/oviedo/alafaya-woods/page/5/ HTTP/1.1" 200 102518 "" "Mozilla/5.0 (Linux; Android 6.0.1; Nexus 5X Build/MMB29P) AppleWebKit/537.36 (KHTML, like Gecko) Chrome/141.0.7390.122 Mobile Safari/537.36 (compatible; Googlebot/2.1; +http://www.google.com/bot.html)" www.jeanscotthomes.com MISS
66.249.74.169 - - [29/Nov/2025:00:16:02 +0000] "GET /homes-details/625-S-LAKEMONT-AVE-WINTER-PARK-FL-32792/O6362679/32/ HTTP/1.1" 404 16448 "" "Mozilla/5.0 (Linux; Android 6.0.1; Nexus 5X Build/MMB29P) AppleWebKit/537.36 (KHTML, like Gecko) Chrome/141.0.7390.122 Mobile Safari/537.36 (compatible; Googlebot/2.1; +http://www.google.com/bot.html)" www.jeanscotthomes.com PASS
40.77.167.43 - - [29/Nov/2025:00:16:08 +0000] "GET /homes-details/2005-VIRGINIA-DR-ORLANDO-FL-32803/O6361680/32/ HTTP/1.1" 200 84343 "" "Mozilla/5.0 AppleWebKit/537.36 (KHTML, like Gecko; compatible; bingbot/2.0; +http://www.bing.com/bingbot.htm) Chrome/116.0.1938.76 Safari/537.36" www.jeanscotthomes.com MISS
136.143.178.50 - - [29/Nov/2025:00:16:13 +0000] "GET / HTTP/1.1" 200 31055 "" "Site24x7" www.jeanscotthomes.com HIT
66.249.74.169 - - [29/Nov/2025:00:16:22 +0000] "GET /featured-listings/1434-pacific-rd-kissimmee-fl-34759/ HTTP/1.1" 200 188260 "" "Mozilla/5.0 (Linux; Android 6.0.1; Nexus 5X Build/MMB29P) AppleWebKit/537.36 (KHTML, like Gecko) Chrome/141.0.7390.122 Mobile Safari/537.36 (compatible; Googlebot/2.1; +http://www.google.com/bot.html)" www.jeanscotthomes.com MISS
66.249.74.169 - - [29/Nov/2025:00:16:23 +0000] "GET /homes-details/3626-UPTON-DR-ORLANDO-FL-32806/O6360578/32/ HTTP/1.1" 200 84325 "" "Mozilla/5.0 (Linux; Android 6.0.1; Nexus 5X Build/MMB29P) AppleWebKit/537.36 (KHTML, like Gecko) Chrome/141.0.7390.122 Mobile Safari/537.36 (compatible; Googlebot/2.1; +http://www.google.com/bot.html)" www.jeanscotthomes.com MISS
66.249.74.169 - - [29/Nov/2025:00:16:38 +0000] "GET /homes-details/4244-MESSINA-DR-LAKE-MARY-FL-32746/O6322081/32/ HTTP/1.1" 200 15559 "" "Mozilla/5.0 (Linux; Android 6.0.1; Nexus 5X Build/MMB29P) AppleWebKit/537.36 (KHTML, like Gecko) Chrome/141.0.7390.122 Mobile Safari/537.36 (compatible; Googlebot/2.1; +http://www.google.com/bot.html)" www.jeanscotthomes.com MISS
66.249.74.160 - - [29/Nov/2025:00:17:02 +0000] "GET /homes-details/1613-ORIOLE-AVE-ORLANDO-FL-32803/O6362812/32/ HTTP/1.1" 200 84322 "" "Mozilla/5.0 (Linux; Android 6.0.1; Nexus 5X Build/MMB29P) AppleWebKit/537.36 (KHTML, like Gecko) Chrome/141.0.7390.122 Mobile Safari/537.36 (compatible; Googlebot/2.1; +http://www.google.com/bot.html)" www.jeanscotthomes.com MISS
66.249.74.169 - - [29/Nov/2025:00:17:24 +0000] "GET /homes-details/489-S-DEERWOOD-AVE-ORLANDO-FL-32825/O6361082/32/ HTTP/1.1" 200 15560 "" "Mozilla/5.0 (Linux; Android 6.0.1; Nexus 5X Build/MMB29P) AppleWebKit/537.36 (KHTML, like Gecko) Chrome/141.0.7390.122 Mobile Safari/537.36 (compatible; Googlebot/2.1; +http://www.google.com/bot.html)" www.jeanscotthomes.com MISS
52.167.144.237 - - [29/Nov/2025:00:17:38 +0000] "GET /homes-details/2534-DOUBLE-TREE-PL-OVIEDO-FL-32766/O6360812/32/ HTTP/1.1" 200 84353 "" "Mozilla/5.0 AppleWebKit/537.36 (KHTML, like Gecko; compatible; bingbot/2.0; +http://www.bing.com/bingbot.htm) Chrome/116.0.1938.76 Safari/537.36" www.jeanscotthomes.com MISS
52.167.144.216 - - [29/Nov/2025:00:17:43 +0000] "GET /homes-details/1613-ORIOLE-AVE-ORLANDO-FL-32803/O6362812/32/ HTTP/1.1" 200 84323 "" "Mozilla/5.0 AppleWebKit/537.36 (KHTML, like Gecko; compatible; bingbot/2.0; +http://www.bing.com/bingbot.htm) Chrome/116.0.1938.76 Safari/537.36" www.jeanscotthomes.com MISS
66.249.74.169 - - [29/Nov/2025:00:17:48 +0000] "GET /homes-details/151-N-ORLANDO-AVE-UNIT-226-WINTER-PARK-FL-32789/O6361027/32/ HTTP/1.1" 200 15575 "" "Mozilla/5.0 (Linux; Android 6.0.1; Nexus 5X Build/MMB29P) AppleWebKit/537.36 (KHTML, like Gecko) Chrome/141.0.7390.122 Mobile Safari/537.36 (compatible; Googlebot/2.1; +http://www.google.com/bot.html)" www.jeanscotthomes.com MISS
66.249.74.160 - - [29/Nov/2025:00:18:28 +0000] "GET /homes-details/145-ESSEX-DR-LONGWOOD-FL-32779/O6360949/32/ HTTP/1.1" 200 15534 "" "Mozilla/5.0 (Linux; Android 6.0.1; Nexus 5X Build/MMB29P) AppleWebKit/537.36 (KHTML, like Gecko) Chrome/141.0.7390.122 Mobile Safari/537.36 (compatible; Googlebot/2.1; +http://www.google.com/bot.html)" www.jeanscotthomes.com MISS
66.249.74.160 - - [29/Nov/2025:00:18:30 +0000] "GET /homes-details/611-CASA-PARK-A-CT-WINTER-SPRINGS-FL-32708/O6305480/32/ HTTP/1.1" 200 15574 "" "Mozilla/5.0 (Linux; Android 6.0.1; Nexus 5X Build/MMB29P) AppleWebKit/537.36 (KHTML, like Gecko) Chrome/141.0.7390.122 Mobile Safari/537.36 (compatible; Googlebot/2.1; +http://www.google.com/bot.html)" www.jeanscotthomes.com MISS
66.249.74.169 - - [29/Nov/2025:00:18:36 +0000] "GET /homes-details/3426-PUXTON-DR-ORLANDO-FL-32824/O6360171/32/ HTTP/1.1" 200 15556 "" "Mozilla/5.0 (Linux; Android 6.0.1; Nexus 5X Build/MMB29P) AppleWebKit/537.36 (KHTML, like Gecko) Chrome/141.0.7390.122 Mobile Safari/537.36 (compatible; Googlebot/2.1; +http://www.google.com/bot.html)" www.jeanscotthomes.com MISS
52.167.144.237 - - [29/Nov/2025:00:18:38 +0000] "GET /homes-details/1751-GLENCOE-ROAD-WINTER-PARK-FL-32789/O6339739/32/ HTTP/1.1" 200 84363 "" "Mozilla/5.0 AppleWebKit/537.36 (KHTML, like Gecko; compatible; bingbot/2.0; +http://www.bing.com/bingbot.htm) Chrome/116.0.1938.76 Safari/537.36" www.jeanscotthomes.com MISS
52.167.144.237 - - [29/Nov/2025:00:18:49 +0000] "GET /homes-details/489-S-DEERWOOD-AVE-ORLANDO-FL-32825/O6361082/32/ HTTP/1.1" 200 84355 "" "Mozilla/5.0 AppleWebKit/537.36 (KHTML, like Gecko; compatible; bingbot/2.0; +http://www.bing.com/bingbot.htm) Chrome/116.0.1938.76 Safari/537.36" www.jeanscotthomes.com MISS
40.77.167.3 - - [29/Nov/2025:00:18:58 +0000] "GET /homes-details/9017-GREAT-HERON-CIR-ORLANDO-FL-32836/O6356469/32/ HTTP/1.1" 200 84366 "" "Mozilla/5.0 AppleWebKit/537.36 (KHTML, like Gecko; compatible; bingbot/2.0; +http://www.bing.com/bingbot.htm) Chrome/116.0.1938.76 Safari/537.36" www.jeanscotthomes.com MISS
66.249.74.169 - - [29/Nov/2025:00:18:58 +0000] "GET /homes-details/1321-PATTERSON-TER-LAKE-MARY-FL-32746/O6357318/32/ HTTP/1.1" 200 84376 "" "Mozilla/5.0 (Linux; Android 6.0.1; Nexus 5X Build/MMB29P) AppleWebKit/537.36 (KHTML, like Gecko) Chrome/141.0.7390.122 Mobile Safari/537.36 (compatible; Googlebot/2.1; +http://www.google.com/bot.html)" www.jeanscotthomes.com MISS
52.167.144.216 - - [29/Nov/2025:00:19:03 +0000] "GET /homes-details/4030-EVANDER-DR-ORLANDO-FL-32812/O6360203/32/ HTTP/1.1" 200 84336 "" "Mozilla/5.0 AppleWebKit/537.36 (KHTML, like Gecko; compatible; bingbot/2.0; +http://www.bing.com/bingbot.htm) Chrome/116.0.1938.76 Safari/537.36" www.jeanscotthomes.com MISS
40.77.167.41 - - [29/Nov/2025:00:19:18 +0000] "GET /homes-details/1806-ELSA-ST-ORLANDO-FL-32806/O6347946/32/ HTTP/1.1" 200 84311 "" "Mozilla/5.0 AppleWebKit/537.36 (KHTML, like Gecko; compatible; bingbot/2.0; +http://www.bing.com/bingbot.htm) Chrome/116.0.1938.76 Safari/537.36" www.jeanscotthomes.com MISS
66.249.74.169 - - [29/Nov/2025:00:19:18 +0000] "GET /homes-details/2232-WESTBOURNE-DRIVE-OVIEDO-FL-32765/O6353024/32/ HTTP/1.1" 200 84347 "" "Mozilla/5.0 (Linux; Android 6.0.1; Nexus 5X Build/MMB29P) AppleWebKit/537.36 (KHTML, like Gecko) Chrome/141.0.7390.122 Mobile Safari/537.36 (compatible; Googlebot/2.1; +http://www.google.com/bot.html)" www.jeanscotthomes.com MISS
40.77.167.41 - - [29/Nov/2025:00:19:21 +0000] "GET /homes-details/11951-GREAT-COMMISSION-WAY-ORLANDO-FL-32832/O6332973/32/ HTTP/1.1" 200 84384 "" "Mozilla/5.0 AppleWebKit/537.36 (KHTML, like Gecko; compatible; bingbot/2.0; +http://www.bing.com/bingbot.htm) Chrome/116.0.1938.76 Safari/537.36" www.jeanscotthomes.com MISS
66.249.74.169 - - [29/Nov/2025:00:19:27 +0000] "GET /homes-details/1022-CONESTOGA-WAY-SANFORD-FL-32771/O6347938/32/ HTTP/1.1" 200 84337 "" "Mozilla/5.0 (Linux; Android 6.0.1; Nexus 5X Build/MMB29P) AppleWebKit/537.36 (KHTML, like Gecko) Chrome/141.0.7390.122 Mobile Safari/537.36 (compatible; Googlebot/2.1; +http://www.google.com/bot.html)" www.jeanscotthomes.com MISS
40.77.167.3 - - [29/Nov/2025:00:19:38 +0000] "GET /homes-details/611-CASA-PARK-A-CT-WINTER-SPRINGS-FL-32708/O6305480/32/ HTTP/1.1" 200 84411 "" "Mozilla/5.0 AppleWebKit/537.36 (KHTML, like Gecko; compatible; bingbot/2.0; +http://www.bing.com/bingbot.htm) Chrome/116.0.1938.76 Safari/537.36" www.jeanscotthomes.com MISS
40.77.167.54 - - [29/Nov/2025:00:19:42 +0000] "GET /homes-details/1321-PATTERSON-TER-LAKE-MARY-FL-32746/O6357318/32/ HTTP/1.1" 200 84377 "" "Mozilla/5.0 AppleWebKit/537.36 (KHTML, like Gecko; compatible; bingbot/2.0; +http://www.bing.com/bingbot.htm) Chrome/116.0.1938.76 Safari/537.36" www.jeanscotthomes.com MISS
66.249.74.169 - - [29/Nov/2025:00:19:44 +0000] "GET /homes-details/3858-SHAFTBURY-PL-OVIEDO-FL-32765/O6358528/32/ HTTP/1.1" 200 15552 "" "Mozilla/5.0 (Linux; Android 6.0.1; Nexus 5X Build/MMB29P) AppleWebKit/537.36 (KHTML, like Gecko) Chrome/141.0.7390.122 Mobile Safari/537.36 (compatible; Googlebot/2.1; +http://www.google.com/bot.html)" www.jeanscotthomes.com MISS
40.77.167.3 - - [29/Nov/2025:00:19:59 +0000] "GET /homes-details/145-ESSEX-DR-LONGWOOD-FL-32779/O6360949/32/ HTTP/1.1" 200 84327 "" "Mozilla/5.0 AppleWebKit/537.36 (KHTML, like Gecko; compatible; bingbot/2.0; +http://www.bing.com/bingbot.htm) Chrome/116.0.1938.76 Safari/537.36" www.jeanscotthomes.com MISS
40.77.167.54 - - [29/Nov/2025:00:20:03 +0000] "GET /homes-details/3426-PUXTON-DR-ORLANDO-FL-32824/O6360171/32/ HTTP/1.1" 200 84331 "" "Mozilla/5.0 AppleWebKit/537.36 (KHTML, like Gecko; compatible; bingbot/2.0; +http://www.bing.com/bingbot.htm) Chrome/116.0.1938.76 Safari/537.36" www.jeanscotthomes.com MISS
40.77.167.54 - - [29/Nov/2025:00:20:21 +0000] "GET /homes-details/4244-MESSINA-DR-LAKE-MARY-FL-32746/O6322081/32/ HTTP/1.1" 200 84353 "" "Mozilla/5.0 AppleWebKit/537.36 (KHTML, like Gecko; compatible; bingbot/2.0; +http://www.bing.com/bingbot.htm) Chrome/116.0.1938.76 Safari/537.36" www.jeanscotthomes.com MISS
66.249.74.160 - - [29/Nov/2025:00:20:31 +0000] "GET /homes-details/504-SMOKERISE-BLVD-LONGWOOD-FL-32779/O6361799/32/ HTTP/1.1" 200 84375 "" "Mozilla/5.0 (Linux; Android 6.0.1; Nexus 5X Build/MMB29P) AppleWebKit/537.36 (KHTML, like Gecko) Chrome/141.0.7390.122 Mobile Safari/537.36 (compatible; Googlebot/2.1; +http://www.google.com/bot.html)" www.jeanscotthomes.com MISS
66.249.74.169 - - [29/Nov/2025:00:20:54 +0000] "GET /homes-details/1806-PEPPERIDGE-DR-ORLANDO-FL-32806/O6363311/32/ HTTP/1.1" 200 84355 "" "Mozilla/5.0 (Linux; Android 6.0.1; Nexus 5X Build/MMB29P) AppleWebKit/537.36 (KHTML, like Gecko) Chrome/141.0.7390.122 Mobile Safari/537.36 (compatible; Googlebot/2.1; +http://www.google.com/bot.html)" www.jeanscotthomes.com MISS
136.143.178.51 - - [29/Nov/2025:00:21:14 +0000] "GET / HTTP/1.1" 200 31055 "" "Site24x7" www.jeanscotthomes.com HIT
66.249.74.169 - - [29/Nov/2025:00:21:19 +0000] "GET /homes-details/58-OVERLEAF-LN-ORLANDO-FL-32839/O6362288/32/ HTTP/1.1" 404 16428 "" "Mozilla/5.0 (Linux; Android 6.0.1; Nexus 5X Build/MMB29P) AppleWebKit/537.36 (KHTML, like Gecko) Chrome/141.0.7390.122 Mobile Safari/537.36 (compatible; Googlebot/2.1; +http://www.google.com/bot.html)" www.jeanscotthomes.com PASS
40.77.167.3 - - [29/Nov/2025:00:22:09 +0000] "GET /homes-details/504-SMOKERISE-BLVD-LONGWOOD-FL-32779/O6361799/32/ HTTP/1.1" 200 84375 "" "Mozilla/5.0 AppleWebKit/537.36 (KHTML, like Gecko; compatible; bingbot/2.0; +http://www.bing.com/bingbot.htm) Chrome/116.0.1938.76 Safari/537.36" www.jeanscotthomes.com MISS
66.249.74.160 - - [29/Nov/2025:00:22:32 +0000] "GET /homes-details/521-S-PHELPS-AVE-WINTER-PARK-FL-32789/O6311128/32/ HTTP/1.1" 200 84375 "" "Mozilla/5.0 (Linux; Android 6.0.1; Nexus 5X Build/MMB29P) AppleWebKit/537.36 (KHTML, like Gecko) Chrome/141.0.7390.122 Mobile Safari/537.36 (compatible; Googlebot/2.1; +http://www.google.com/bot.html)" www.jeanscotthomes.com MISS
66.249.74.160 - - [29/Nov/2025:00:22:36 +0000] "GET /homes-details/520-KILLARNEY-BAY-CT-UNIT-2-WINTER-PARK-FL-32789/O6361081/32/ HTTP/1.1" 200 15582 "" "Mozilla/5.0 (Linux; Android 6.0.1; Nexus 5X Build/MMB29P) AppleWebKit/537.36 (KHTML, like Gecko) Chrome/141.0.7390.122 Mobile Safari/537.36 (compatible; Googlebot/2.1; +http://www.google.com/bot.html)" www.jeanscotthomes.com MISS
66.249.74.169 - - [29/Nov/2025:00:22:50 +0000] "GET /homes-details/5012-SHOREWAY-LOOP-UNIT-20507-ORLANDO-FL-32819/O6360531/32/ HTTP/1.1" 200 15568 "" "Mozilla/5.0 (Linux; Android 6.0.1; Nexus 5X Build/MMB29P) AppleWebKit/537.36 (KHTML, like Gecko) Chrome/141.0.7390.122 Mobile Safari/537.36 (compatible; Googlebot/2.1; +http://www.google.com/bot.html)" www.jeanscotthomes.com MISS
66.249.74.161 - - [29/Nov/2025:00:23:16 +0000] "GET /geo/central-florida/longwood/ HTTP/1.1" 200 118608 "" "Mozilla/5.0 (Linux; Android 6.0.1; Nexus 5X Build/MMB29P) AppleWebKit/537.36 (KHTML, like Gecko) Chrome/141.0.7390.122 Mobile Safari/537.36 (compatible; Googlebot/2.1; +http://www.google.com/bot.html)" www.jeanscotthomes.com MISS
40.77.167.41 - - [29/Nov/2025:00:23:29 +0000] "GET /homes-details/521-S-PHELPS-AVE-WINTER-PARK-FL-32789/O6311128/32/ HTTP/1.1" 200 84375 "" "Mozilla/5.0 AppleWebKit/537.36 (KHTML, like Gecko; compatible; bingbot/2.0; +http://www.bing.com/bingbot.htm) Chrome/116.0.1938.76 Safari/537.36" www.jeanscotthomes.com MISS
66.249.74.161 - - [29/Nov/2025:00:24:02 +0000] "GET /homes-details/300-HAZELNUT-ST-WINTER-SPRINGS-FL-32708/O6348858/32/ HTTP/1.1" 200 15575 "" "Mozilla/5.0 (Linux; Android 6.0.1; Nexus 5X Build/MMB29P) AppleWebKit/537.36 (KHTML, like Gecko) Chrome/141.0.7390.122 Mobile Safari/537.36 (compatible; Googlebot/2.1; +http://www.google.com/bot.html)" www.jeanscotthomes.com MISS
40.77.167.41 - - [29/Nov/2025:00:24:08 +0000] "GET /homes-details/520-KILLARNEY-BAY-CT-UNIT-2-WINTER-PARK-FL-32789/O6361081/32/ HTTP/1.1" 200 84416 "" "Mozilla/5.0 AppleWebKit/537.36 (KHTML, like Gecko; compatible; bingbot/2.0; +http://www.bing.com/bingbot.htm) Chrome/116.0.1938.76 Safari/537.36" www.jeanscotthomes.com MISS
40.77.167.41 - - [29/Nov/2025:00:24:10 +0000] "GET /homes-details/5012-SHOREWAY-LOOP-UNIT-20507-ORLANDO-FL-32819/O6360531/32/ HTTP/1.1" 200 84379 "" "Mozilla/5.0 AppleWebKit/537.36 (KHTML, like Gecko; compatible; bingbot/2.0; +http://www.bing.com/bingbot.htm) Chrome/116.0.1938.76 Safari/537.36" www.jeanscotthomes.com MISS
66.249.74.169 - - [29/Nov/2025:00:24:29 +0000] "GET /homes-details/111-TARRYTOWN-TRL-LONGWOOD-FL-32750/O6318782/32/ HTTP/1.1" 200 15559 "" "Mozilla/5.0 (Linux; Android 6.0.1; Nexus 5X Build/MMB29P) AppleWebKit/537.36 (KHTML, like Gecko) Chrome/141.0.7390.122 Mobile Safari/537.36 (compatible; Googlebot/2.1; +http://www.google.com/bot.html)" www.jeanscotthomes.com MISS
66.249.74.169 - - [29/Nov/2025:00:24:46 +0000] "GET /homes-details/9944-RED-CANOE-ALY-ORLANDO-FL-32832/O6352848/32/ HTTP/1.1" 200 84349 "" "Mozilla/5.0 (Linux; Android 6.0.1; Nexus 5X Build/MMB29P) AppleWebKit/537.36 (KHTML, like Gecko) Chrome/141.0.7390.122 Mobile Safari/537.36 (compatible; Googlebot/2.1; +http://www.google.com/bot.html)" www.jeanscotthomes.com MISS
40.77.167.54 - - [29/Nov/2025:00:24:51 +0000] "GET /homes-details/1806-PEPPERIDGE-DR-ORLANDO-FL-32806/O6363311/32/ HTTP/1.1" 200 84354 "" "Mozilla/5.0 AppleWebKit/537.36 (KHTML, like Gecko; compatible; bingbot/2.0; +http://www.bing.com/bingbot.htm) Chrome/116.0.1938.76 Safari/537.36" www.jeanscotthomes.com MISS
66.249.74.169 - - [29/Nov/2025:00:25:33 +0000] "GET /homes-details/8-WOOD-ST-OVIEDO-FL-32765/O6362019/32/ HTTP/1.1" 200 15540 "" "Mozilla/5.0 (Linux; Android 6.0.1; Nexus 5X Build/MMB29P) AppleWebKit/537.36 (KHTML, like Gecko) Chrome/141.0.7390.122 Mobile Safari/537.36 (compatible; Googlebot/2.1; +http://www.google.com/bot.html)" www.jeanscotthomes.com MISS
172.213.11.157 - - [29/Nov/2025:00:25:44 +0000] "GET /featured-listings/19250-newburg-st-orlando-fl-32833/ HTTP/1.1" 200 168729 "" "Mozilla/5.0 AppleWebKit/537.36 (KHTML, like Gecko); compatible; ChatGPT-User/1.0; +https://openai.com/bot" www.jeanscotthomes.com MISS
74.7.36.90 - - [29/Nov/2025:00:25:52 +0000] "GET / HTTP/1.1" 301 769 "" "Mozilla/5.0 AppleWebKit/537.36 (KHTML, like Gecko); compatible; ChatGPT-User/1.0; +https://openai.com/bot" jeanscotthomes.com HIT
136.143.178.50 - - [29/Nov/2025:00:26:15 +0000] "GET / HTTP/1.1" 200 31055 "" "Site24x7" www.jeanscotthomes.com HIT
66.249.74.169 - - [29/Nov/2025:00:26:19 +0000] "GET /homes-details/1909-EDWIN-BLVD-WINTER-PARK-FL-32792/O6362682/32/ HTTP/1.1" 200 15564 "" "Mozilla/5.0 (Linux; Android 6.0.1; Nexus 5X Build/MMB29P) AppleWebKit/537.36 (KHTML, like Gecko) Chrome/141.0.7390.122 Mobile Safari/537.36 (compatible; Googlebot/2.1; +http://www.google.com/bot.html)" www.jeanscotthomes.com MISS
66.249.74.169 - - [29/Nov/2025:00:26:43 +0000] "GET /homes-details/5070-HOOK-HOLLOW-CIR-ORLANDO-FL-32837/O6362686/32/ HTTP/1.1" 200 15563 "" "Mozilla/5.0 (Linux; Android 6.0.1; Nexus 5X Build/MMB29P) AppleWebKit/537.36 (KHTML, like Gecko) Chrome/141.0.7390.122 Mobile Safari/537.36 (compatible; Googlebot/2.1; +http://www.google.com/bot.html)" www.jeanscotthomes.com MISS
66.249.74.161 - - [29/Nov/2025:00:27:06 +0000] "GET /homes-details/36208-SPIRIT-COURT-GRAND-ISLAND-FL-32735/G5104352/32/ HTTP/1.1" 200 84365 "" "Mozilla/5.0 (Linux; Android 6.0.1; Nexus 5X Build/MMB29P) AppleWebKit/537.36 (KHTML, like Gecko) Chrome/141.0.7390.122 Mobile Safari/537.36 (compatible; Googlebot/2.1; +http://www.google.com/bot.html)" www.jeanscotthomes.com MISS
