52.167.144.157 - - [28/Nov/2025:04:31:01 +0000] "GET /properties/321986-3618-LANE-Bartow-FL-33830-Residential/ HTTP/1.1" 404 85763 "" "Mozilla/5.0 AppleWebKit/537.36 (KHTML, like Gecko; compatible; bingbot/2.0; +http://www.bing.com/bingbot.htm) Chrome/116.0.1938.76 Safari/537.36" www.jeanscotthomes.com PASS
136.143.178.51 - - [28/Nov/2025:04:31:09 +0000] "GET / HTTP/1.1" 200 31093 "" "Site24x7" www.jeanscotthomes.com HIT
40.77.167.33 - - [28/Nov/2025:04:32:00 +0000] "GET /nextgen-image/679/1819x1080x85/e999d1b19e0c4eddda2481b73ac82b8d HTTP/1.1" 200 3518 "" "Mozilla/5.0 AppleWebKit/537.36 (KHTML, like Gecko; compatible; bingbot/2.0; +http://www.bing.com/bingbot.htm) Chrome/116.0.1938.76 Safari/537.36" www.jeanscotthomes.com MISS
52.167.144.159 - - [28/Nov/2025:04:33:05 +0000] "GET /geo/central-florida/lake-mary/ HTTP/1.1" 200 102485 "" "Mozilla/5.0 AppleWebKit/537.36 (KHTML, like Gecko; compatible; bingbot/2.0; +http://www.bing.com/bingbot.htm) Chrome/116.0.1938.76 Safari/537.36" www.jeanscotthomes.com MISS
66.249.74.161 - - [28/Nov/2025:04:33:17 +0000] "GET /real-estate-market-news/central-florida-home-sales/april-2024/page/84/ HTTP/1.1" 301 873 "" "Mozilla/5.0 (Linux; Android 6.0.1; Nexus 5X Build/MMB29P) AppleWebKit/537.36 (KHTML, like Gecko) Chrome/141.0.7390.122 Mobile Safari/537.36 (compatible; Googlebot/2.1; +http://www.google.com/bot.html)" www.jeanscotthomes.com MISS
40.77.167.33 - - [28/Nov/2025:04:33:21 +0000] "GET /properties/327451-/ HTTP/1.1" 404 85753 "" "Mozilla/5.0 AppleWebKit/537.36 (KHTML, like Gecko; compatible; bingbot/2.0; +http://www.bing.com/bingbot.htm) Chrome/116.0.1938.76 Safari/537.36" www.jeanscotthomes.com PASS
2a03:2880:16ff:: - - [28/Nov/2025:04:35:24 +0000] "GET /robots.txt HTTP/1.1" 301 780 "" "facebookexternalhit/1.1 (+http://www.facebook.com/externalhit_uatext.php)" jeanscotthomes.com MISS
66.249.74.162 - - [28/Nov/2025:04:35:41 +0000] "GET /featured-listings/3991-campfire-way-casselberry-fl-32707/ HTTP/1.1" 200 19555 "" "Mozilla/5.0 (Linux; Android 6.0.1; Nexus 5X Build/MMB29P) AppleWebKit/537.36 (KHTML, like Gecko) Chrome/141.0.7390.122 Mobile Safari/537.36 (compatible; Googlebot/2.1; +http://www.google.com/bot.html)" www.jeanscotthomes.com MISS
136.143.178.51 - - [28/Nov/2025:04:36:10 +0000] "GET / HTTP/1.1" 200 31093 "" "Site24x7" www.jeanscotthomes.com HIT
40.77.167.33 - - [28/Nov/2025:04:36:10 +0000] "GET /properties/325808-4240-FORT-COURAGE-CIRCLE-KISSIMMEE-Florida-34746-Residential/ HTTP/1.1" 404 85762 "" "Mozilla/5.0 AppleWebKit/537.36 (KHTML, like Gecko; compatible; bingbot/2.0; +http://www.bing.com/bingbot.htm) Chrome/116.0.1938.76 Safari/537.36" www.jeanscotthomes.com PASS
66.249.74.160 - - [28/Nov/2025:04:36:11 +0000] "GET /real-estate-market-news/central-florida-home-sales/april-2024/page/130/ HTTP/1.1" 301 873 "" "Mozilla/5.0 (Linux; Android 6.0.1; Nexus 5X Build/MMB29P) AppleWebKit/537.36 (KHTML, like Gecko) Chrome/141.0.7390.122 Mobile Safari/537.36 (compatible; Googlebot/2.1; +http://www.google.com/bot.html)" www.jeanscotthomes.com MISS
40.77.167.3 - - [28/Nov/2025:04:37:17 +0000] "GET /homes-details/762-STERLING-SPRING-RD-ORLANDO-FL-32828/TB8442971/32/ HTTP/1.1" 200 84413 "" "Mozilla/5.0 AppleWebKit/537.36 (KHTML, like Gecko; compatible; bingbot/2.0; +http://www.bing.com/bingbot.htm) Chrome/116.0.1938.76 Safari/537.36" www.jeanscotthomes.com MISS
66.249.74.160 - - [28/Nov/2025:04:38:14 +0000] "GET /homes-details/1031-MEADOW-LANE-ORLANDO-FL-32807/O6328539/32/ HTTP/1.1" 200 84367 "" "Mozilla/5.0 (Linux; Android 6.0.1; Nexus 5X Build/MMB29P) AppleWebKit/537.36 (KHTML, like Gecko) Chrome/141.0.7390.122 Mobile Safari/537.36 (compatible; Googlebot/2.1; +http://www.google.com/bot.html)" www.jeanscotthomes.com MISS
66.249.74.160 - - [28/Nov/2025:04:38:22 +0000] "GET /real-estate-market-news/central-florida-home-sales/july-2024/page/130/ HTTP/1.1" 301 872 "" "Mozilla/5.0 (Linux; Android 6.0.1; Nexus 5X Build/MMB29P) AppleWebKit/537.36 (KHTML, like Gecko) Chrome/141.0.7390.122 Mobile Safari/537.36 (compatible; Googlebot/2.1; +http://www.google.com/bot.html)" www.jeanscotthomes.com MISS
66.249.74.161 - - [28/Nov/2025:04:40:24 +0000] "GET /real-estate-market-news/central-florida-home-sales/july-2024/page/9/ HTTP/1.1" 301 872 "" "Mozilla/5.0 (Linux; Android 6.0.1; Nexus 5X Build/MMB29P) AppleWebKit/537.36 (KHTML, like Gecko) Chrome/141.0.7390.122 Mobile Safari/537.36 (compatible; Googlebot/2.1; +http://www.google.com/bot.html)" www.jeanscotthomes.com MISS
136.143.179.51 - - [28/Nov/2025:04:41:11 +0000] "GET / HTTP/1.1" 200 31093 "" "Site24x7" www.jeanscotthomes.com HIT
66.249.74.160 - - [28/Nov/2025:04:41:48 +0000] "GET /real-estate-market-news/central-florida-home-sales/july-2024/page/103/ HTTP/1.1" 301 873 "" "Mozilla/5.0 (Linux; Android 6.0.1; Nexus 5X Build/MMB29P) AppleWebKit/537.36 (KHTML, like Gecko) Chrome/141.0.7390.122 Mobile Safari/537.36 (compatible; Googlebot/2.1; +http://www.google.com/bot.html)" www.jeanscotthomes.com MISS
66.249.74.160 - - [28/Nov/2025:04:43:14 +0000] "GET /real-estate-market-news/central-florida-home-sales/july-2024/page/3/ HTTP/1.1" 301 873 "" "Mozilla/5.0 (Linux; Android 6.0.1; Nexus 5X Build/MMB29P) AppleWebKit/537.36 (KHTML, like Gecko) Chrome/141.0.7390.122 Mobile Safari/537.36 (compatible; Googlebot/2.1; +http://www.google.com/bot.html)" www.jeanscotthomes.com MISS
66.249.74.160 - - [28/Nov/2025:04:43:18 +0000] "GET /real-estate-market-news/central-florida-home-sales/july-2024/page/106/ HTTP/1.1" 301 872 "" "Mozilla/5.0 (Linux; Android 6.0.1; Nexus 5X Build/MMB29P) AppleWebKit/537.36 (KHTML, like Gecko) Chrome/141.0.7390.122 Mobile Safari/537.36 (compatible; Googlebot/2.1; +http://www.google.com/bot.html)" www.jeanscotthomes.com MISS
20.169.73.185 - - [28/Nov/2025:04:43:44 +0000] "GET /resources/homebuyers/when-do-i-get-the-keys/ HTTP/1.1" 200 20050 "" "Mozilla/5.0 AppleWebKit/537.36 (KHTML, like Gecko); compatible; ChatGPT-User/1.0; +https://openai.com/bot" www.jeanscotthomes.com MISS
66.249.74.169 - - [28/Nov/2025:04:43:53 +0000] "GET /news-resources/orlando-florida-home-sales/august-2021/ HTTP/1.1" 301 864 "" "Mozilla/5.0 (Linux; Android 6.0.1; Nexus 5X Build/MMB29P) AppleWebKit/537.36 (KHTML, like Gecko) Chrome/141.0.7390.122 Mobile Safari/537.36 (compatible; Googlebot/2.1; +http://www.google.com/bot.html)" www.jeanscotthomes.com MISS
85.208.96.205 - - [28/Nov/2025:04:44:35 +0000] "GET /properties/443629-2033-PLACE-Clearwater-FL-33760-Residential/ HTTP/1.1" 404 85791 "" "Mozilla/5.0 (compatible; SemrushBot/7~bl; +http://www.semrush.com/bot.html)" www.jeanscotthomes.com PASS
66.249.74.169 - - [28/Nov/2025:04:44:47 +0000] "GET /real-estate-market-news/central-florida-home-sales/august-2025/page/2/ HTTP/1.1" 301 874 "" "Mozilla/5.0 (Linux; Android 6.0.1; Nexus 5X Build/MMB29P) AppleWebKit/537.36 (KHTML, like Gecko) Chrome/141.0.7390.122 Mobile Safari/537.36 (compatible; Googlebot/2.1; +http://www.google.com/bot.html)" www.jeanscotthomes.com MISS
128.140.8.200 - - [28/Nov/2025:04:45:02 +0000] "GET /wp-cron.php?doing_wp_cron HTTP/1.1" 200 845 "" "Mozilla/4.0 (compatible; cron-job.org; http://cron-job.org/abuse/)" www.jeanscotthomes.com PASS
185.191.171.14 - - [28/Nov/2025:04:45:30 +0000] "GET /properties/510463-107-ROAD-Venice-FL-34293-Residential/ HTTP/1.1" 404 85761 "" "Mozilla/5.0 (compatible; SemrushBot/7~bl; +http://www.semrush.com/bot.html)" www.jeanscotthomes.com PASS
136.143.178.51 - - [28/Nov/2025:04:46:12 +0000] "GET / HTTP/1.1" 200 31093 "" "Site24x7" www.jeanscotthomes.com HIT
52.167.144.187 - - [28/Nov/2025:04:46:47 +0000] "GET /homes-details/727-FOSTERS-GROVE-LOOP-OVIEDO-FL-32765/S5138175/32/ HTTP/1.1" 200 84394 "" "Mozilla/5.0 AppleWebKit/537.36 (KHTML, like Gecko; compatible; bingbot/2.0; +http://www.bing.com/bingbot.htm) Chrome/116.0.1938.76 Safari/537.36" www.jeanscotthomes.com MISS
66.249.74.169 - - [28/Nov/2025:04:47:48 +0000] "GET /real-estate-market-news/central-florida-home-sales/february-2024/page/89/ HTTP/1.1" 301 877 "" "Mozilla/5.0 (Linux; Android 6.0.1; Nexus 5X Build/MMB29P) AppleWebKit/537.36 (KHTML, like Gecko) Chrome/141.0.7390.122 Mobile Safari/537.36 (compatible; Googlebot/2.1; +http://www.google.com/bot.html)" www.jeanscotthomes.com MISS
66.249.74.169 - - [28/Nov/2025:04:47:50 +0000] "GET /real-estate-market-news/central-florida-home-sales/february-2024/ HTTP/1.1" 200 120405 "" "Mozilla/5.0 (Linux; Android 6.0.1; Nexus 5X Build/MMB29P) AppleWebKit/537.36 (KHTML, like Gecko) Chrome/141.0.7390.122 Mobile Safari/537.36 (compatible; Googlebot/2.1; +http://www.google.com/bot.html)" www.jeanscotthomes.com MISS
52.167.144.202 - - [28/Nov/2025:04:49:28 +0000] "GET /homes-details/5619-PADGETT-CIR-ORLANDO-FL-32839/O6348249/32/ HTTP/1.1" 200 84384 "" "Mozilla/5.0 AppleWebKit/537.36 (KHTML, like Gecko; compatible; bingbot/2.0; +http://www.bing.com/bingbot.htm) Chrome/116.0.1938.76 Safari/537.36" www.jeanscotthomes.com MISS
66.249.74.162 - - [28/Nov/2025:04:51:12 +0000] "GET /real-estate-market-news/central-florida-home-sales/february-2024/page/11/ HTTP/1.1" 301 877 "" "Mozilla/5.0 (Linux; Android 6.0.1; Nexus 5X Build/MMB29P) AppleWebKit/537.36 (KHTML, like Gecko) Chrome/141.0.7390.122 Mobile Safari/537.36 (compatible; Googlebot/2.1; +http://www.google.com/bot.html)" www.jeanscotthomes.com MISS
136.143.179.50 - - [28/Nov/2025:04:51:13 +0000] "GET / HTTP/1.1" 200 31093 "" "Site24x7" www.jeanscotthomes.com HIT
66.249.74.161 - - [28/Nov/2025:04:51:27 +0000] "GET /homes-details/6165-CARRIER-DRIVE-2804-ORLANDO-FL-32819/O6345649/32/ HTTP/1.1" 200 84414 "" "Mozilla/5.0 (Linux; Android 6.0.1; Nexus 5X Build/MMB29P) AppleWebKit/537.36 (KHTML, like Gecko) Chrome/141.0.7390.122 Mobile Safari/537.36 (compatible; Googlebot/2.1; +http://www.google.com/bot.html)" www.jeanscotthomes.com MISS
40.77.167.20 - - [28/Nov/2025:04:52:17 +0000] "GET /homes-details/165-PINECREST-DRIVE-SANFORD-FL-32773/O6362546/32/ HTTP/1.1" 200 84384 "" "Mozilla/5.0 AppleWebKit/537.36 (KHTML, like Gecko; compatible; bingbot/2.0; +http://www.bing.com/bingbot.htm) Chrome/116.0.1938.76 Safari/537.36" www.jeanscotthomes.com MISS
40.77.167.20 - - [28/Nov/2025:04:53:20 +0000] "GET /properties/306226-3047-JUNIPER-DRIVE-EDGEWATER-Florida-32141-Residential/ HTTP/1.1" 404 85733 "" "Mozilla/5.0 AppleWebKit/537.36 (KHTML, like Gecko; compatible; bingbot/2.0; +http://www.bing.com/bingbot.htm) Chrome/116.0.1938.76 Safari/537.36" www.jeanscotthomes.com PASS
40.77.167.20 - - [28/Nov/2025:04:54:20 +0000] "GET /properties/322790-847-STREET-Sarasota-FL-34234-Residential/ HTTP/1.1" 404 85819 "" "Mozilla/5.0 AppleWebKit/537.36 (KHTML, like Gecko; compatible; bingbot/2.0; +http://www.bing.com/bingbot.htm) Chrome/116.0.1938.76 Safari/537.36" www.jeanscotthomes.com PASS
52.167.144.234 - - [28/Nov/2025:04:54:41 +0000] "GET /properties/380365-/ HTTP/1.1" 404 85733 "" "Mozilla/5.0 AppleWebKit/537.36 (KHTML, like Gecko; compatible; bingbot/2.0; +http://www.bing.com/bingbot.htm) Chrome/116.0.1938.76 Safari/537.36" www.jeanscotthomes.com PASS
66.249.74.162 - - [28/Nov/2025:04:55:17 +0000] "GET /real-estate-market-news/central-florida-home-sales/july-2024/page/83/ HTTP/1.1" 301 872 "" "Mozilla/5.0 (Linux; Android 6.0.1; Nexus 5X Build/MMB29P) AppleWebKit/537.36 (KHTML, like Gecko) Chrome/141.0.7390.122 Mobile Safari/537.36 (compatible; Googlebot/2.1; +http://www.google.com/bot.html)" www.jeanscotthomes.com MISS
66.249.74.160 - - [28/Nov/2025:04:55:23 +0000] "GET /real-estate-market-news/central-florida-home-sales/july-2024/page/132/ HTTP/1.1" 301 872 "" "Mozilla/5.0 (Linux; Android 6.0.1; Nexus 5X Build/MMB29P) AppleWebKit/537.36 (KHTML, like Gecko) Chrome/141.0.7390.122 Mobile Safari/537.36 (compatible; Googlebot/2.1; +http://www.google.com/bot.html)" www.jeanscotthomes.com MISS
40.77.167.20 - - [28/Nov/2025:04:55:59 +0000] "GET /cities/orlando/ HTTP/1.1" 301 836 "" "Mozilla/5.0 AppleWebKit/537.36 (KHTML, like Gecko; compatible; bingbot/2.0; +http://www.bing.com/bingbot.htm) Chrome/116.0.1938.76 Safari/537.36" www.jeanscotthomes.com MISS
136.143.179.51 - - [28/Nov/2025:04:56:14 +0000] "GET / HTTP/1.1" 200 31093 "" "Site24x7" www.jeanscotthomes.com HIT
185.191.171.15 - - [28/Nov/2025:04:56:17 +0000] "GET /properties/550409-5098-ROAD-Ocala-FL-34482-Residential/ HTTP/1.1" 404 85748 "" "Mozilla/5.0 (compatible; SemrushBot/7~bl; +http://www.semrush.com/bot.html)" www.jeanscotthomes.com PASS
66.249.74.161 - - [28/Nov/2025:04:56:30 +0000] "GET /real-estate-market-news/central-florida-home-sales/july-2024/page/60/ HTTP/1.1" 301 860 "" "Mozilla/5.0 (Linux; Android 6.0.1; Nexus 5X Build/MMB29P) AppleWebKit/537.36 (KHTML, like Gecko) Chrome/141.0.7390.122 Mobile Safari/537.36 (compatible; Googlebot/2.1; +http://www.google.com/bot.html)" www.jeanscotthomes.com MISS
66.249.74.160 - - [28/Nov/2025:04:58:53 +0000] "GET /homes-details/3318-WESTLAND-DRIVE-ORLANDO-FL-32818/TB8451320/32/ HTTP/1.1" 200 84384 "" "Mozilla/5.0 (Linux; Android 6.0.1; Nexus 5X Build/MMB29P) AppleWebKit/537.36 (KHTML, like Gecko) Chrome/141.0.7390.122 Mobile Safari/537.36 (compatible; Googlebot/2.1; +http://www.google.com/bot.html)" www.jeanscotthomes.com MISS
40.77.167.20 - - [28/Nov/2025:04:59:08 +0000] "GET /homes-details/2616-CEDAR-SHAKE-COURT-OVIEDO-FL-32765/TB8450888/32/ HTTP/1.1" 200 15600 "" "Mozilla/5.0 AppleWebKit/537.36 (KHTML, like Gecko; compatible; bingbot/2.0; +http://www.bing.com/bingbot.htm) Chrome/116.0.1938.76 Safari/537.36" www.jeanscotthomes.com MISS
52.173.235.91 - - [28/Nov/2025:04:59:29 +0000] "GET /real-estate-market-news/central-florida-home-sales/ HTTP/1.1" 200 22050 "" "Mozilla/5.0 AppleWebKit/537.36 (KHTML, like Gecko); compatible; ChatGPT-User/1.0; +https://openai.com/bot" www.jeanscotthomes.com MISS
66.249.74.169 - - [28/Nov/2025:04:59:31 +0000] "GET /real-estate-market-news/central-florida-home-sales/july-2024/page/80/ HTTP/1.1" 301 860 "" "Mozilla/5.0 (Linux; Android 6.0.1; Nexus 5X Build/MMB29P) AppleWebKit/537.36 (KHTML, like Gecko) Chrome/141.0.7390.122 Mobile Safari/537.36 (compatible; Googlebot/2.1; +http://www.google.com/bot.html)" www.jeanscotthomes.com MISS
128.140.8.200 - - [28/Nov/2025:05:00:04 +0000] "GET /wp-cron.php?doing_wp_cron HTTP/1.1" 200 845 "" "Mozilla/4.0 (compatible; cron-job.org; http://cron-job.org/abuse/)" www.jeanscotthomes.com PASS
34.69.106.19 - - [28/Nov/2025:05:00:08 +0000] "GET / HTTP/1.1" 200 31096 "" "WordPress/6.8.3; https://www.jeanscotthomes.com" www.jeanscotthomes.com MISS
172.204.16.69 - - [28/Nov/2025:05:00:49 +0000] "GET /real-estate-market-news/central-florida-home-sales/ HTTP/1.1" 200 22037 "" "Mozilla/5.0 AppleWebKit/537.36 (KHTML, like Gecko); compatible; ChatGPT-User/1.0; +https://openai.com/bot" www.jeanscotthomes.com MISS
34.69.106.19 - - [28/Nov/2025:05:00:50 +0000] "POST /wp-cron.php?doing_wp_cron=1764306050.1297481060028076171875 HTTP/1.1" 200 844 "" "WordPress/6.8.3; https://www.jeanscotthomes.com" www.jeanscotthomes.com PASS
40.77.167.247 - - [28/Nov/2025:05:00:53 +0000] "GET /properties/306414-4162-BLUE-MAJOR-DRIVE-Windermere-Florida-34786-Residential/ HTTP/1.1" 404 85726 "" "Mozilla/5.0 AppleWebKit/537.36 (KHTML, like Gecko; compatible; bingbot/2.0; +http://www.bing.com/bingbot.htm) Chrome/116.0.1938.76 Safari/537.36" www.jeanscotthomes.com PASS
136.143.178.50 - - [28/Nov/2025:05:01:15 +0000] "GET / HTTP/1.1" 200 31093 "" "Site24x7" www.jeanscotthomes.com HIT
40.77.167.247 - - [28/Nov/2025:05:01:39 +0000] "GET /homes-details/1158-PERPIGNAN-COURT-KISSIMMEE-FL-34759/S5139127/32/ HTTP/1.1" 200 15594 "" "Mozilla/5.0 AppleWebKit/537.36 (KHTML, like Gecko; compatible; bingbot/2.0; +http://www.bing.com/bingbot.htm) Chrome/116.0.1938.76 Safari/537.36" www.jeanscotthomes.com MISS
66.249.74.162 - - [28/Nov/2025:05:04:25 +0000] "GET /real-estate-market-news/central-florida-home-sales/july-2024/page/129/ HTTP/1.1" 301 873 "" "Mozilla/5.0 (Linux; Android 6.0.1; Nexus 5X Build/MMB29P) AppleWebKit/537.36 (KHTML, like Gecko) Chrome/141.0.7390.122 Mobile Safari/537.36 (compatible; Googlebot/2.1; +http://www.google.com/bot.html)" www.jeanscotthomes.com MISS
40.77.167.13 - - [28/Nov/2025:05:04:51 +0000] "GET /homes-details/3324-MYAKKA-RIVER-RD-TAVARES-FL-32778/G5103357/32/ HTTP/1.1" 200 84402 "" "Mozilla/5.0 AppleWebKit/537.36 (KHTML, like Gecko; compatible; bingbot/2.0; +http://www.bing.com/bingbot.htm) Chrome/116.0.1938.76 Safari/537.36" www.jeanscotthomes.com MISS
66.249.74.161 - - [28/Nov/2025:05:05:01 +0000] "GET /real-estate-market-news/central-florida-home-sales/july-2024/page/71/ HTTP/1.1" 301 862 "" "Mozilla/5.0 (Linux; Android 6.0.1; Nexus 5X Build/MMB29P) AppleWebKit/537.36 (KHTML, like Gecko) Chrome/141.0.7390.122 Mobile Safari/537.36 (compatible; Googlebot/2.1; +http://www.google.com/bot.html)" www.jeanscotthomes.com MISS
52.167.144.24 - - [28/Nov/2025:05:06:02 +0000] "GET /properties/501919-/ HTTP/1.1" 404 85740 "" "Mozilla/5.0 AppleWebKit/537.36 (KHTML, like Gecko; compatible; bingbot/2.0; +http://www.bing.com/bingbot.htm) Chrome/116.0.1938.76 Safari/537.36" www.jeanscotthomes.com PASS
185.191.171.12 - - [28/Nov/2025:05:06:04 +0000] "GET /properties/510444-7600-STREET-Seminole-FL-33776-Residential/ HTTP/1.1" 404 85831 "" "Mozilla/5.0 (compatible; SemrushBot/7~bl; +http://www.semrush.com/bot.html)" www.jeanscotthomes.com PASS
136.143.178.50 - - [28/Nov/2025:05:06:16 +0000] "GET / HTTP/1.1" 200 31093 "" "Site24x7" www.jeanscotthomes.com HIT
40.77.167.13 - - [28/Nov/2025:05:07:50 +0000] "GET /properties/301088-184-ELLA-J-GILMORE-STREET-APOPKA-Florida-32703-Residential/ HTTP/1.1" 404 85776 "" "Mozilla/5.0 AppleWebKit/537.36 (KHTML, like Gecko; compatible; bingbot/2.0; +http://www.bing.com/bingbot.htm) Chrome/116.0.1938.76 Safari/537.36" www.jeanscotthomes.com PASS
40.77.167.13 - - [28/Nov/2025:05:08:39 +0000] "GET /homes-details/4973-KEENELAND-CIR-ORLANDO-FL-32819/O6353259/32/ HTTP/1.1" 200 84395 "" "Mozilla/5.0 AppleWebKit/537.36 (KHTML, like Gecko; compatible; bingbot/2.0; +http://www.bing.com/bingbot.htm) Chrome/116.0.1938.76 Safari/537.36" www.jeanscotthomes.com MISS
136.143.178.50 - - [28/Nov/2025:05:11:17 +0000] "GET / HTTP/1.1" 200 31093 "" "Site24x7" www.jeanscotthomes.com HIT
66.249.74.162 - - [28/Nov/2025:05:13:29 +0000] "GET /real-estate-market-news/central-florida-home-sales/july-2024/page/139/ HTTP/1.1" 301 872 "" "Mozilla/5.0 (Linux; Android 6.0.1; Nexus 5X Build/MMB29P) AppleWebKit/537.36 (KHTML, like Gecko) Chrome/141.0.7390.122 Mobile Safari/537.36 (compatible; Googlebot/2.1; +http://www.google.com/bot.html)" www.jeanscotthomes.com MISS
66.249.74.160 - - [28/Nov/2025:05:13:30 +0000] "GET /real-estate-market-news/central-florida-home-sales/july-2024/page/33/ HTTP/1.1" 301 872 "" "Mozilla/5.0 (Linux; Android 6.0.1; Nexus 5X Build/MMB29P) AppleWebKit/537.36 (KHTML, like Gecko) Chrome/141.0.7390.122 Mobile Safari/537.36 (compatible; Googlebot/2.1; +http://www.google.com/bot.html)" www.jeanscotthomes.com MISS
66.249.74.160 - - [28/Nov/2025:05:13:53 +0000] "GET /homes-details/UNDISCLOSED-OVIEDO-FL-32765/O6362856/32/ HTTP/1.1" 200 84386 "" "Mozilla/5.0 (Linux; Android 6.0.1; Nexus 5X Build/MMB29P) AppleWebKit/537.36 (KHTML, like Gecko) Chrome/141.0.7390.122 Mobile Safari/537.36 (compatible; Googlebot/2.1; +http://www.google.com/bot.html)" www.jeanscotthomes.com MISS
128.140.8.200 - - [28/Nov/2025:05:15:02 +0000] "GET /wp-cron.php?doing_wp_cron HTTP/1.1" 200 845 "" "Mozilla/4.0 (compatible; cron-job.org; http://cron-job.org/abuse/)" www.jeanscotthomes.com PASS
20.169.78.161 - - [28/Nov/2025:05:15:03 +0000] "GET /real-estate-market-news/central-florida-home-sales/february-2025/ HTTP/1.1" 200 21127 "" "Mozilla/5.0 AppleWebKit/537.36 (KHTML, like Gecko); compatible; ChatGPT-User/1.0; +https://openai.com/bot" www.jeanscotthomes.com MISS
34.69.106.19 - - [28/Nov/2025:05:15:05 +0000] "POST /wp-cron.php?doing_wp_cron=1764306904.9916739463806152343750 HTTP/1.1" 200 844 "" "WordPress/6.8.3; https://www.jeanscotthomes.com" www.jeanscotthomes.com PASS
104.210.140.130 - - [28/Nov/2025:05:15:37 +0000] "GET /robots.txt HTTP/1.1" 301 781 "" "Mozilla/5.0 (Macintosh; Intel Mac OS X 10_15_7) AppleWebKit/537.36 (KHTML, like Gecko) Chrome/131.0.0.0 Safari/537.36; compatible; OAI-SearchBot/1.0; +https://openai.com/searchbot" jeanscotthomes.com MISS
136.143.179.50 - - [28/Nov/2025:05:16:18 +0000] "GET / HTTP/1.1" 200 31093 "" "Site24x7" www.jeanscotthomes.com HIT
40.77.167.58 - - [28/Nov/2025:05:17:44 +0000] "GET /properties/378599-/ HTTP/1.1" 404 85756 "" "Mozilla/5.0 AppleWebKit/537.36 (KHTML, like Gecko; compatible; bingbot/2.0; +http://www.bing.com/bingbot.htm) Chrome/116.0.1938.76 Safari/537.36" www.jeanscotthomes.com PASS
85.208.96.196 - - [28/Nov/2025:05:18:08 +0000] "GET /properties/458955-5635-Sarasota-FL-34243-Residential/ HTTP/1.1" 404 85814 "" "Mozilla/5.0 (compatible; SemrushBot/7~bl; +http://www.semrush.com/bot.html)" www.jeanscotthomes.com PASS
52.167.144.166 - - [28/Nov/2025:05:19:00 +0000] "GET /homes-details/2022-TILLMAN-AVE-WINTER-GARDEN-FL-34787/O6363253/32/ HTTP/1.1" 200 84413 "" "Mozilla/5.0 AppleWebKit/537.36 (KHTML, like Gecko; compatible; bingbot/2.0; +http://www.bing.com/bingbot.htm) Chrome/116.0.1938.76 Safari/537.36" www.jeanscotthomes.com MISS
66.249.74.169 - - [28/Nov/2025:05:20:23 +0000] "GET /real-estate-market-news/central-florida-home-sales/july-2024/page/15/ HTTP/1.1" 301 872 "" "Mozilla/5.0 (Linux; Android 6.0.1; Nexus 5X Build/MMB29P) AppleWebKit/537.36 (KHTML, like Gecko) Chrome/141.0.7390.122 Mobile Safari/537.36 (compatible; Googlebot/2.1; +http://www.google.com/bot.html)" www.jeanscotthomes.com MISS
136.143.178.51 - - [28/Nov/2025:05:21:19 +0000] "GET / HTTP/1.1" 200 31093 "" "Site24x7" www.jeanscotthomes.com HIT
66.249.74.169 - - [28/Nov/2025:05:21:44 +0000] "GET /featured-listings/1384-la-paloma-cir-winter-springs-fl-32708/ HTTP/1.1" 200 23518 "" "Mozilla/5.0 (Linux; Android 6.0.1; Nexus 5X Build/MMB29P) AppleWebKit/537.36 (KHTML, like Gecko) Chrome/141.0.7390.122 Mobile Safari/537.36 (compatible; Googlebot/2.1; +http://www.google.com/bot.html)" www.jeanscotthomes.com MISS
66.249.74.160 - - [28/Nov/2025:05:23:48 +0000] "GET /real-estate-market-news/central-florida-home-sales/july-2024/page/94/ HTTP/1.1" 301 873 "" "Mozilla/5.0 (Linux; Android 6.0.1; Nexus 5X Build/MMB29P) AppleWebKit/537.36 (KHTML, like Gecko) Chrome/141.0.7390.122 Mobile Safari/537.36 (compatible; Googlebot/2.1; +http://www.google.com/bot.html)" www.jeanscotthomes.com MISS
74.125.217.169 - - [28/Nov/2025:05:23:55 +0000] "GET /central-florida-home-search/ HTTP/1.1" 200 18493 "" "Mozilla/5.0 (Linux; Android 6.0.1; Nexus 5X Build/MMB29P) AppleWebKit/537.36 (KHTML, like Gecko) Chrome/141.0.7390.122 Mobile Safari/537.36 (compatible; AdsBot-Google-Mobile; +http://www.google.com/mobile/adsbot.html)" www.jeanscotthomes.com MISS
74.125.217.169 - - [28/Nov/2025:05:24:05 +0000] "GET /homes-details/5710-MAGNOLIA-BLOOM-TER-OVIEDO-FL-32765/O6339264/32/ HTTP/1.1" 200 84399 "" "Mozilla/5.0 (Linux; Android 6.0.1; Nexus 5X Build/MMB29P) AppleWebKit/537.36 (KHTML, like Gecko) Chrome/141.0.7390.122 Mobile Safari/537.36 (compatible; AdsBot-Google-Mobile; +http://www.google.com/mobile/adsbot.html)" www.jeanscotthomes.com MISS
40.77.167.58 - - [28/Nov/2025:05:25:11 +0000] "GET /homes-details/5710-MAGNOLIA-BLOOM-TER-OVIEDO-FL-32765/O6339264/32/ HTTP/1.1" 200 84399 "" "Mozilla/5.0 AppleWebKit/537.36 (KHTML, like Gecko; compatible; bingbot/2.0; +http://www.bing.com/bingbot.htm) Chrome/116.0.1938.76 Safari/537.36" www.jeanscotthomes.com MISS
74.125.217.169 - - [28/Nov/2025:05:25:56 +0000] "GET /central-florida/lake-mary/ HTTP/1.1" 200 20539 "" "Mozilla/5.0 (Linux; Android 6.0.1; Nexus 5X Build/MMB29P) AppleWebKit/537.36 (KHTML, like Gecko) Chrome/141.0.7390.122 Mobile Safari/537.36 (compatible; AdsBot-Google-Mobile; +http://www.google.com/mobile/adsbot.html)" www.jeanscotthomes.com MISS
74.125.217.169 - - [28/Nov/2025:05:26:02 +0000] "GET /resources/seminole-county-public-schools/paul-j-hagerty-high-school/ HTTP/1.1" 200 101483 "" "Mozilla/5.0 (Linux; Android 6.0.1; Nexus 5X Build/MMB29P) AppleWebKit/537.36 (KHTML, like Gecko) Chrome/141.0.7390.122 Mobile Safari/537.36 (compatible; AdsBot-Google-Mobile; +http://www.google.com/mobile/adsbot.html)" www.jeanscotthomes.com MISS
66.249.74.169 - - [28/Nov/2025:05:26:04 +0000] "GET /real-estate-market-news/central-florida-home-sales/july-2024/page/36/ HTTP/1.1" 301 873 "" "Mozilla/5.0 (Linux; Android 6.0.1; Nexus 5X Build/MMB29P) AppleWebKit/537.36 (KHTML, like Gecko) Chrome/141.0.7390.122 Mobile Safari/537.36 (compatible; Googlebot/2.1; +http://www.google.com/bot.html)" www.jeanscotthomes.com MISS
136.143.179.50 - - [28/Nov/2025:05:26:20 +0000] "GET / HTTP/1.1" 200 31093 "" "Site24x7" www.jeanscotthomes.com HIT
66.249.74.169 - - [28/Nov/2025:05:27:26 +0000] "GET /privacy-policy/ HTTP/1.1" 200 95625 "" "Mozilla/5.0 (Linux; Android 6.0.1; Nexus 5X Build/MMB29P) AppleWebKit/537.36 (KHTML, like Gecko) Chrome/141.0.7390.122 Mobile Safari/537.36 (compatible; Googlebot/2.1; +http://www.google.com/bot.html)" www.jeanscotthomes.com MISS
74.125.217.169 - - [28/Nov/2025:05:27:56 +0000] "GET /resources/seminole-county-public-schools/ HTTP/1.1" 200 21143 "" "Mozilla/5.0 (Linux; Android 6.0.1; Nexus 5X Build/MMB29P) AppleWebKit/537.36 (KHTML, like Gecko) Chrome/141.0.7390.122 Mobile Safari/537.36 (compatible; AdsBot-Google-Mobile; +http://www.google.com/mobile/adsbot.html)" www.jeanscotthomes.com MISS
52.187.246.138 - - [28/Nov/2025:05:28:19 +0000] "GET / HTTP/1.1" 200 177561 "" "Mozilla/5.0 AppleWebKit/537.36 (KHTML, like Gecko); compatible; ChatGPT-User/1.0; +https://openai.com/bot" www.jeanscotthomes.com MISS
66.249.74.169 - - [28/Nov/2025:05:28:53 +0000] "GET /geo/central-florida/oviedo/page/16/ HTTP/1.1" 200 115388 "" "Mozilla/5.0 (Linux; Android 6.0.1; Nexus 5X Build/MMB29P) AppleWebKit/537.36 (KHTML, like Gecko) Chrome/141.0.7390.122 Mobile Safari/537.36 (compatible; Googlebot/2.1; +http://www.google.com/bot.html)" www.jeanscotthomes.com MISS
52.167.144.150 - - [28/Nov/2025:05:28:53 +0000] "GET /properties/323601-/ HTTP/1.1" 404 85740 "" "Mozilla/5.0 AppleWebKit/537.36 (KHTML, like Gecko; compatible; bingbot/2.0; +http://www.bing.com/bingbot.htm) Chrome/116.0.1938.76 Safari/537.36" www.jeanscotthomes.com PASS
128.140.8.200 - - [28/Nov/2025:05:30:03 +0000] "GET /wp-cron.php?doing_wp_cron HTTP/1.1" 200 845 "" "Mozilla/4.0 (compatible; cron-job.org; http://cron-job.org/abuse/)" www.jeanscotthomes.com PASS
37.27.51.140 - - [28/Nov/2025:05:30:10 +0000] "GET /geo/florida/oviedo/page/34/ HTTP/1.1" 200 103245 "" "Mozilla/5.0 (compatible; SERankingBacklinksBot/1.0; +https://seranking.com/backlinks-crawler)" www.jeanscotthomes.com MISS
37.27.51.140 - - [28/Nov/2025:05:30:19 +0000] "GET /geo/florida/oviedo/page/35/ HTTP/1.1" 200 103163 "" "Mozilla/5.0 (compatible; SERankingBacklinksBot/1.0; +https://seranking.com/backlinks-crawler)" www.jeanscotthomes.com MISS
37.27.51.140 - - [28/Nov/2025:05:30:25 +0000] "GET /geo/florida/oviedo/page/41/ HTTP/1.1" 200 105396 "" "Mozilla/5.0 (compatible; SERankingBacklinksBot/1.0; +https://seranking.com/backlinks-crawler)" www.jeanscotthomes.com MISS
37.27.51.140 - - [28/Nov/2025:05:30:31 +0000] "GET /geo/florida/oviedo/page/42/ HTTP/1.1" 200 104519 "" "Mozilla/5.0 (compatible; SERankingBacklinksBot/1.0; +https://seranking.com/backlinks-crawler)" www.jeanscotthomes.com MISS
37.27.51.140 - - [28/Nov/2025:05:30:40 +0000] "GET /geo/central-florida/oviedo/page/32/ HTTP/1.1" 200 107735 "" "Mozilla/5.0 (compatible; SERankingBacklinksBot/1.0; +https://seranking.com/backlinks-crawler)" www.jeanscotthomes.com MISS
40.77.167.70 - - [28/Nov/2025:05:31:01 +0000] "GET /geo/florida/oviedo/page/35/ HTTP/1.1" 200 103163 "" "Mozilla/5.0 AppleWebKit/537.36 (KHTML, like Gecko; compatible; bingbot/2.0; +http://www.bing.com/bingbot.htm) Chrome/116.0.1938.76 Safari/537.36" www.jeanscotthomes.com MISS
37.27.51.140 - - [28/Nov/2025:05:31:03 +0000] "GET /geo/central-florida/oviedo/page/33/ HTTP/1.1" 200 105299 "" "Mozilla/5.0 (compatible; SERankingBacklinksBot/1.0; +https://seranking.com/backlinks-crawler)" www.jeanscotthomes.com MISS
37.27.51.140 - - [28/Nov/2025:05:31:09 +0000] "GET /geo/central-florida/oviedo/page/43/ HTTP/1.1" 200 102063 "" "Mozilla/5.0 (compatible; SERankingBacklinksBot/1.0; +https://seranking.com/backlinks-crawler)" www.jeanscotthomes.com MISS
37.27.51.140 - - [28/Nov/2025:05:31:16 +0000] "GET /geo/central-florida/oviedo/page/44/ HTTP/1.1" 200 103011 "" "Mozilla/5.0 (compatible; SERankingBacklinksBot/1.0; +https://seranking.com/backlinks-crawler)" www.jeanscotthomes.com MISS
40.77.167.54 - - [28/Nov/2025:05:31:21 +0000] "GET /geo/florida/oviedo/page/34/ HTTP/1.1" 200 103244 "" "Mozilla/5.0 AppleWebKit/537.36 (KHTML, like Gecko; compatible; bingbot/2.0; +http://www.bing.com/bingbot.htm) Chrome/116.0.1938.76 Safari/537.36" www.jeanscotthomes.com MISS
136.143.179.50 - - [28/Nov/2025:05:31:21 +0000] "GET / HTTP/1.1" 200 31093 "" "Site24x7" www.jeanscotthomes.com HIT
40.77.167.54 - - [28/Nov/2025:05:31:22 +0000] "GET /homes-details/131-LUCERNE-DRIVE-DEBARY-FL-32713/V4945728/32/ HTTP/1.1" 200 84363 "" "Mozilla/5.0 AppleWebKit/537.36 (KHTML, like Gecko; compatible; bingbot/2.0; +http://www.bing.com/bingbot.htm) Chrome/116.0.1938.76 Safari/537.36" www.jeanscotthomes.com MISS
40.77.167.70 - - [28/Nov/2025:05:31:26 +0000] "GET /geo/florida/oviedo/page/41/ HTTP/1.1" 200 105396 "" "Mozilla/5.0 AppleWebKit/537.36 (KHTML, like Gecko; compatible; bingbot/2.0; +http://www.bing.com/bingbot.htm) Chrome/116.0.1938.76 Safari/537.36" www.jeanscotthomes.com MISS
40.77.167.70 - - [28/Nov/2025:05:31:27 +0000] "GET /homes-details/416-TENNESSEE-AVENUE-ST-CLOUD-FL-34769/S5137512/32/ HTTP/1.1" 200 84397 "" "Mozilla/5.0 AppleWebKit/537.36 (KHTML, like Gecko; compatible; bingbot/2.0; +http://www.bing.com/bingbot.htm) Chrome/116.0.1938.76 Safari/537.36" www.jeanscotthomes.com MISS
66.249.74.162 - - [28/Nov/2025:05:31:49 +0000] "GET /real-estate-market-news/central-florida-home-sales/july-2024/page/40/ HTTP/1.1" 301 872 "" "Mozilla/5.0 (Linux; Android 6.0.1; Nexus 5X Build/MMB29P) AppleWebKit/537.36 (KHTML, like Gecko) Chrome/141.0.7390.122 Mobile Safari/537.36 (compatible; Googlebot/2.1; +http://www.google.com/bot.html)" www.jeanscotthomes.com MISS
40.77.167.54 - - [28/Nov/2025:05:31:52 +0000] "GET /geo/florida/oviedo/page/42/ HTTP/1.1" 200 104519 "" "Mozilla/5.0 AppleWebKit/537.36 (KHTML, like Gecko; compatible; bingbot/2.0; +http://www.bing.com/bingbot.htm) Chrome/116.0.1938.76 Safari/537.36" www.jeanscotthomes.com MISS
66.249.74.161 - - [28/Nov/2025:05:33:18 +0000] "GET /real-estate-market-news/central-florida-home-sales/july-2024/page/89/ HTTP/1.1" 301 873 "" "Mozilla/5.0 (Linux; Android 6.0.1; Nexus 5X Build/MMB29P) AppleWebKit/537.36 (KHTML, like Gecko) Chrome/141.0.7390.122 Mobile Safari/537.36 (compatible; Googlebot/2.1; +http://www.google.com/bot.html)" www.jeanscotthomes.com MISS
66.249.74.161 - - [28/Nov/2025:05:33:21 +0000] "GET /real-estate-market-news/central-florida-home-sales/july-2024/page/66/ HTTP/1.1" 301 872 "" "Mozilla/5.0 (Linux; Android 6.0.1; Nexus 5X Build/MMB29P) AppleWebKit/537.36 (KHTML, like Gecko) Chrome/141.0.7390.122 Mobile Safari/537.36 (compatible; Googlebot/2.1; +http://www.google.com/bot.html)" www.jeanscotthomes.com MISS
40.77.167.70 - - [28/Nov/2025:05:33:45 +0000] "GET /properties/377859-/ HTTP/1.1" 404 85803 "" "Mozilla/5.0 AppleWebKit/537.36 (KHTML, like Gecko; compatible; bingbot/2.0; +http://www.bing.com/bingbot.htm) Chrome/116.0.1938.76 Safari/537.36" www.jeanscotthomes.com PASS
52.167.144.150 - - [28/Nov/2025:05:34:01 +0000] "GET /homes-details/58-HERRING-COURT-POINCIANA-FL-34759/TB8445067/32/ HTTP/1.1" 200 84381 "" "Mozilla/5.0 AppleWebKit/537.36 (KHTML, like Gecko; compatible; bingbot/2.0; +http://www.bing.com/bingbot.htm) Chrome/116.0.1938.76 Safari/537.36" www.jeanscotthomes.com MISS
66.249.74.161 - - [28/Nov/2025:05:34:22 +0000] "GET /real-estate-market-news/central-florida-home-sales/july-2024/page/98/ HTTP/1.1" 301 873 "" "Mozilla/5.0 (Linux; Android 6.0.1; Nexus 5X Build/MMB29P) AppleWebKit/537.36 (KHTML, like Gecko) Chrome/141.0.7390.122 Mobile Safari/537.36 (compatible; Googlebot/2.1; +http://www.google.com/bot.html)" www.jeanscotthomes.com MISS
85.208.96.202 - - [28/Nov/2025:05:34:42 +0000] "GET /mobile-policy/ HTTP/1.1" 200 88945 "" "Mozilla/5.0 (compatible; SemrushBot/7~bl; +http://www.semrush.com/bot.html)" www.jeanscotthomes.com MISS
23.98.186.184 - - [28/Nov/2025:05:35:53 +0000] "GET /real-estate-market-news/central-florida-home-sales/ HTTP/1.1" 200 22051 "" "Mozilla/5.0 AppleWebKit/537.36 (KHTML, like Gecko); compatible; ChatGPT-User/1.0; +https://openai.com/bot" www.jeanscotthomes.com MISS
136.143.179.50 - - [28/Nov/2025:05:36:22 +0000] "GET / HTTP/1.1" 200 31093 "" "Site24x7" www.jeanscotthomes.com HIT
66.249.74.161 - - [28/Nov/2025:05:36:28 +0000] "GET /real-estate-market-news/central-florida-home-sales/july-2024/page/37/ HTTP/1.1" 301 872 "" "Mozilla/5.0 (Linux; Android 6.0.1; Nexus 5X Build/MMB29P) AppleWebKit/537.36 (KHTML, like Gecko) Chrome/141.0.7390.122 Mobile Safari/537.36 (compatible; Googlebot/2.1; +http://www.google.com/bot.html)" www.jeanscotthomes.com MISS
138.91.30.58 - - [28/Nov/2025:05:36:54 +0000] "GET /real-estate-market-news/central-florida-home-sales/august-2025/ HTTP/1.1" 200 125208 "" "Mozilla/5.0 AppleWebKit/537.36 (KHTML, like Gecko); compatible; ChatGPT-User/1.0; +https://openai.com/bot" www.jeanscotthomes.com MISS
66.249.74.160 - - [28/Nov/2025:05:38:19 +0000] "GET /geo/central-florida/oviedo/whispering-woods/ HTTP/1.1" 200 91320 "" "Mozilla/5.0 (Linux; Android 6.0.1; Nexus 5X Build/MMB29P) AppleWebKit/537.36 (KHTML, like Gecko) Chrome/141.0.7390.122 Mobile Safari/537.36 (compatible; Googlebot/2.1; +http://www.google.com/bot.html)" www.jeanscotthomes.com MISS
40.77.167.132 - - [28/Nov/2025:05:38:32 +0000] "GET /homes-details/220-COLLEGE-GROVE-CIRCLE-NE-WINTER-HAVEN-FL-33881/S5138702/32/ HTTP/1.1" 200 84471 "" "Mozilla/5.0 AppleWebKit/537.36 (KHTML, like Gecko; compatible; bingbot/2.0; +http://www.bing.com/bingbot.htm) Chrome/116.0.1938.76 Safari/537.36" www.jeanscotthomes.com MISS
66.249.74.160 - - [28/Nov/2025:05:39:17 +0000] "GET /real-estate-market-news/central-florida-home-sales/july-2024/page/141/ HTTP/1.1" 301 872 "" "Mozilla/5.0 (Linux; Android 6.0.1; Nexus 5X Build/MMB29P) AppleWebKit/537.36 (KHTML, like Gecko) Chrome/141.0.7390.122 Mobile Safari/537.36 (compatible; Googlebot/2.1; +http://www.google.com/bot.html)" www.jeanscotthomes.com MISS
40.77.167.132 - - [28/Nov/2025:05:39:52 +0000] "GET /homes-details/5253-HAYLOFT-DRIVE-APOPKA-FL-32712/O6363274/32/ HTTP/1.1" 200 84369 "" "Mozilla/5.0 AppleWebKit/537.36 (KHTML, like Gecko; compatible; bingbot/2.0; +http://www.bing.com/bingbot.htm) Chrome/116.0.1938.76 Safari/537.36" www.jeanscotthomes.com MISS
66.249.74.161 - - [28/Nov/2025:05:40:09 +0000] "GET /real-estate-market-news/central-florida-home-sales/july-2024/page/65/ HTTP/1.1" 301 872 "" "Mozilla/5.0 (Linux; Android 6.0.1; Nexus 5X Build/MMB29P) AppleWebKit/537.36 (KHTML, like Gecko) Chrome/141.0.7390.122 Mobile Safari/537.36 (compatible; Googlebot/2.1; +http://www.google.com/bot.html)" www.jeanscotthomes.com MISS
66.249.74.169 - - [28/Nov/2025:05:40:14 +0000] "GET /real-estate-market-news/central-florida-home-sales/july-2024/page/100/ HTTP/1.1" 301 862 "" "Mozilla/5.0 (Linux; Android 6.0.1; Nexus 5X Build/MMB29P) AppleWebKit/537.36 (KHTML, like Gecko) Chrome/141.0.7390.122 Mobile Safari/537.36 (compatible; Googlebot/2.1; +http://www.google.com/bot.html)" www.jeanscotthomes.com MISS
136.143.179.51 - - [28/Nov/2025:05:41:23 +0000] "GET / HTTP/1.1" 200 31093 "" "Site24x7" www.jeanscotthomes.com HIT
40.77.167.123 - - [28/Nov/2025:05:42:02 +0000] "GET /homes-details/540-STICKS-STREET-DAVENPORT-FL-33896/O6284166/32/ HTTP/1.1" 200 84388 "" "Mozilla/5.0 AppleWebKit/537.36 (KHTML, like Gecko; compatible; bingbot/2.0; +http://www.bing.com/bingbot.htm) Chrome/116.0.1938.76 Safari/537.36" www.jeanscotthomes.com MISS
85.208.96.197 - - [28/Nov/2025:05:42:38 +0000] "GET /resources/home-sellers/remodeling-for-the-highest-return-on-investment/ HTTP/1.1" 200 18248 "" "Mozilla/5.0 (compatible; SemrushBot/7~bl; +http://www.semrush.com/bot.html)" www.jeanscotthomes.com MISS
52.167.144.24 - - [28/Nov/2025:05:43:24 +0000] "GET /featured-listings/?e-page-ee9aea0=3&e-page-6cf9f55=14 HTTP/1.1" 200 25550 "" "Mozilla/5.0 AppleWebKit/537.36 (KHTML, like Gecko; compatible; bingbot/2.0; +http://www.bing.com/bingbot.htm) Chrome/116.0.1938.76 Safari/537.36" www.jeanscotthomes.com MISS
66.249.74.160 - - [28/Nov/2025:05:44:16 +0000] "GET /real-estate-market-news/central-florida-home-sales/july-2024/page/77/ HTTP/1.1" 301 872 "" "Mozilla/5.0 (Linux; Android 6.0.1; Nexus 5X Build/MMB29P) AppleWebKit/537.36 (KHTML, like Gecko) Chrome/141.0.7390.122 Mobile Safari/537.36 (compatible; Googlebot/2.1; +http://www.google.com/bot.html)" www.jeanscotthomes.com MISS
66.249.74.161 - - [28/Nov/2025:05:44:23 +0000] "GET /real-estate-market-news/central-florida-home-sales/june-2022/ HTTP/1.1" 200 94030 "" "Mozilla/5.0 (Linux; Android 6.0.1; Nexus 5X Build/MMB29P) AppleWebKit/537.36 (KHTML, like Gecko) Chrome/141.0.7390.122 Mobile Safari/537.36 (compatible; Googlebot/2.1; +http://www.google.com/bot.html)" www.jeanscotthomes.com MISS
128.140.8.200 - - [28/Nov/2025:05:45:02 +0000] "GET /wp-cron.php?doing_wp_cron HTTP/1.1" 200 845 "" "Mozilla/4.0 (compatible; cron-job.org; http://cron-job.org/abuse/)" www.jeanscotthomes.com PASS
34.69.106.19 - - [28/Nov/2025:05:45:05 +0000] "POST /wp-cron.php?doing_wp_cron=1764308705.3329789638519287109375 HTTP/1.1" 200 844 "" "WordPress/6.8.3; https://www.jeanscotthomes.com" www.jeanscotthomes.com PASS
40.77.167.132 - - [28/Nov/2025:05:46:03 +0000] "GET /homes-details/307-NICHOLSON-DRIVE-DAVENPORT-FL-33837/S5138086/32/ HTTP/1.1" 200 84400 "" "Mozilla/5.0 AppleWebKit/537.36 (KHTML, like Gecko; compatible; bingbot/2.0; +http://www.bing.com/bingbot.htm) Chrome/116.0.1938.76 Safari/537.36" www.jeanscotthomes.com MISS
136.143.178.50 - - [28/Nov/2025:05:46:24 +0000] "GET / HTTP/1.1" 200 31093 "" "Site24x7" www.jeanscotthomes.com HIT
40.77.167.6 - - [28/Nov/2025:05:48:15 +0000] "GET /wp-content/uploads/950-March-Hare-Court-Winter-Springs-FL-32708-400x211.jpg.webp HTTP/1.1" 200 13561 "" "Mozilla/5.0 AppleWebKit/537.36 (KHTML, like Gecko; compatible; bingbot/2.0; +http://www.bing.com/bingbot.htm) Chrome/116.0.1938.76 Safari/537.36" www.jeanscotthomes.com MISS
66.249.74.162 - - [28/Nov/2025:05:50:22 +0000] "GET /real-estate-market-news/central-florida-home-sales/july-2024/page/91/ HTTP/1.1" 301 873 "" "Mozilla/5.0 (Linux; Android 6.0.1; Nexus 5X Build/MMB29P) AppleWebKit/537.36 (KHTML, like Gecko) Chrome/141.0.7390.122 Mobile Safari/537.36 (compatible; Googlebot/2.1; +http://www.google.com/bot.html)" www.jeanscotthomes.com MISS
136.143.178.51 - - [28/Nov/2025:05:51:25 +0000] "GET / HTTP/1.1" 200 31093 "" "Site24x7" www.jeanscotthomes.com HIT
40.77.167.6 - - [28/Nov/2025:05:52:04 +0000] "GET /homes-details/9254-SOMMERSET-HILLS-DRIVE-DAVENPORT-FL-33896/S5139134/32/ HTTP/1.1" 200 84441 "" "Mozilla/5.0 AppleWebKit/537.36 (KHTML, like Gecko; compatible; bingbot/2.0; +http://www.bing.com/bingbot.htm) Chrome/116.0.1938.76 Safari/537.36" www.jeanscotthomes.com MISS
66.249.74.162 - - [28/Nov/2025:05:53:04 +0000] "GET /real-estate-market-news/central-florida-home-sales/july-2024/page/12/ HTTP/1.1" 301 862 "" "Mozilla/5.0 (Linux; Android 6.0.1; Nexus 5X Build/MMB29P) AppleWebKit/537.36 (KHTML, like Gecko) Chrome/141.0.7390.122 Mobile Safari/537.36 (compatible; Googlebot/2.1; +http://www.google.com/bot.html)" www.jeanscotthomes.com MISS
66.249.74.160 - - [28/Nov/2025:05:53:58 +0000] "GET /real-estate-market-news/central-florida-home-sales/july-2024/page/131/ HTTP/1.1" 301 873 "" "Mozilla/5.0 (Linux; Android 6.0.1; Nexus 5X Build/MMB29P) AppleWebKit/537.36 (KHTML, like Gecko) Chrome/141.0.7390.122 Mobile Safari/537.36 (compatible; Googlebot/2.1; +http://www.google.com/bot.html)" www.jeanscotthomes.com MISS
66.249.74.161 - - [28/Nov/2025:05:55:10 +0000] "GET /real-estate-market-news/central-florida-home-sales/july-2024/page/113/ HTTP/1.1" 301 873 "" "Mozilla/5.0 (Linux; Android 6.0.1; Nexus 5X Build/MMB29P) AppleWebKit/537.36 (KHTML, like Gecko) Chrome/141.0.7390.122 Mobile Safari/537.36 (compatible; Googlebot/2.1; +http://www.google.com/bot.html)" www.jeanscotthomes.com MISS
136.143.179.51 - - [28/Nov/2025:05:56:26 +0000] "GET / HTTP/1.1" 200 31093 "" "Site24x7" www.jeanscotthomes.com HIT
40.77.167.6 - - [28/Nov/2025:05:57:07 +0000] "GET /properties/321893-2311-AVENUE-Lutz-FL-33549-Residential/ HTTP/1.1" 404 85793 "" "Mozilla/5.0 AppleWebKit/537.36 (KHTML, like Gecko; compatible; bingbot/2.0; +http://www.bing.com/bingbot.htm) Chrome/116.0.1938.76 Safari/537.36" www.jeanscotthomes.com PASS
66.249.74.160 - - [28/Nov/2025:05:58:27 +0000] "GET /real-estate-market-news/central-florida-home-sales/july-2024/page/32/ HTTP/1.1" 301 873 "" "Mozilla/5.0 (Linux; Android 6.0.1; Nexus 5X Build/MMB29P) AppleWebKit/537.36 (KHTML, like Gecko) Chrome/141.0.7390.122 Mobile Safari/537.36 (compatible; Googlebot/2.1; +http://www.google.com/bot.html)" www.jeanscotthomes.com MISS
40.77.167.38 - - [28/Nov/2025:05:59:24 +0000] "GET /homes-details/9743-COVENT-GARDEN-DR-ORLANDO-FL-32827/O6359517/32/ HTTP/1.1" 200 84413 "" "Mozilla/5.0 AppleWebKit/537.36 (KHTML, like Gecko; compatible; bingbot/2.0; +http://www.bing.com/bingbot.htm) Chrome/116.0.1938.76 Safari/537.36" www.jeanscotthomes.com MISS
66.249.74.161 - - [28/Nov/2025:05:59:31 +0000] "GET /homes-details/1715-CANTON-STREET-ORLANDO-FL-32803/O6360588/32/ HTTP/1.1" 200 84378 "" "Mozilla/5.0 (Linux; Android 6.0.1; Nexus 5X Build/MMB29P) AppleWebKit/537.36 (KHTML, like Gecko) Chrome/141.0.7390.122 Mobile Safari/537.36 (compatible; Googlebot/2.1; +http://www.google.com/bot.html)" www.jeanscotthomes.com MISS
66.249.74.160 - - [28/Nov/2025:05:59:34 +0000] "GET /featured-listings/17158-cypress-preserve-pkwy-orlando-fl-32820/ HTTP/1.1" 200 22769 "" "Mozilla/5.0 (Linux; Android 6.0.1; Nexus 5X Build/MMB29P) AppleWebKit/537.36 (KHTML, like Gecko) Chrome/141.0.7390.122 Mobile Safari/537.36 (compatible; Googlebot/2.1; +http://www.google.com/bot.html)" www.jeanscotthomes.com MISS
128.140.8.200 - - [28/Nov/2025:06:00:04 +0000] "GET /wp-cron.php?doing_wp_cron HTTP/1.1" 200 845 "" "Mozilla/4.0 (compatible; cron-job.org; http://cron-job.org/abuse/)" www.jeanscotthomes.com PASS
66.249.74.161 - - [28/Nov/2025:06:00:23 +0000] "GET /real-estate-market-news/central-florida-home-sales/july-2024/page/52/ HTTP/1.1" 301 862 "" "Mozilla/5.0 (Linux; Android 6.0.1; Nexus 5X Build/MMB29P) AppleWebKit/537.36 (KHTML, like Gecko) Chrome/141.0.7390.122 Mobile Safari/537.36 (compatible; Googlebot/2.1; +http://www.google.com/bot.html)" www.jeanscotthomes.com MISS
66.249.74.160 - - [28/Nov/2025:06:00:26 +0000] "GET /real-estate-market-news/central-florida-home-sales/july-2024/page/11/ HTTP/1.1" 301 872 "" "Mozilla/5.0 (Linux; Android 6.0.1; Nexus 5X Build/MMB29P) AppleWebKit/537.36 (KHTML, like Gecko) Chrome/141.0.7390.122 Mobile Safari/537.36 (compatible; Googlebot/2.1; +http://www.google.com/bot.html)" www.jeanscotthomes.com MISS
66.249.74.162 - - [28/Nov/2025:06:01:12 +0000] "GET /real-estate-market-news/central-florida-home-sales/july-2024/page/6/ HTTP/1.1" 301 859 "" "Mozilla/5.0 (Linux; Android 6.0.1; Nexus 5X Build/MMB29P) AppleWebKit/537.36 (KHTML, like Gecko) Chrome/141.0.7390.122 Mobile Safari/537.36 (compatible; Googlebot/2.1; +http://www.google.com/bot.html)" www.jeanscotthomes.com MISS
136.143.179.51 - - [28/Nov/2025:06:01:27 +0000] "GET / HTTP/1.1" 200 31093 "" "Site24x7" www.jeanscotthomes.com HIT
40.77.167.38 - - [28/Nov/2025:06:01:34 +0000] "GET /homes-details/260-S-OSCEOLA-AVE-UNIT-1207-ORLANDO-FL-32801/O6357811/32/ HTTP/1.1" 200 15609 "" "Mozilla/5.0 AppleWebKit/537.36 (KHTML, like Gecko; compatible; bingbot/2.0; +http://www.bing.com/bingbot.htm) Chrome/116.0.1938.76 Safari/537.36" www.jeanscotthomes.com MISS
66.249.74.160 - - [28/Nov/2025:06:02:05 +0000] "GET /real-estate-market-news/central-florida-home-sales/july-2024/page/38/ HTTP/1.1" 301 872 "" "Mozilla/5.0 (Linux; Android 6.0.1; Nexus 5X Build/MMB29P) AppleWebKit/537.36 (KHTML, like Gecko) Chrome/141.0.7390.122 Mobile Safari/537.36 (compatible; Googlebot/2.1; +http://www.google.com/bot.html)" www.jeanscotthomes.com MISS
66.249.74.161 - - [28/Nov/2025:06:02:21 +0000] "GET /real-estate-market-news/central-florida-home-sales/july-2024/page/17/ HTTP/1.1" 301 873 "" "Mozilla/5.0 (Linux; Android 6.0.1; Nexus 5X Build/MMB29P) AppleWebKit/537.36 (KHTML, like Gecko) Chrome/141.0.7390.122 Mobile Safari/537.36 (compatible; Googlebot/2.1; +http://www.google.com/bot.html)" www.jeanscotthomes.com MISS
52.173.235.87 - - [28/Nov/2025:06:02:30 +0000] "GET /real-estate-market-news/central-florida-home-sales/february-2025/ HTTP/1.1" 200 21126 "" "Mozilla/5.0 AppleWebKit/537.36 (KHTML, like Gecko); compatible; ChatGPT-User/1.0; +https://openai.com/bot" www.jeanscotthomes.com MISS
66.249.74.160 - - [28/Nov/2025:06:02:35 +0000] "GET /homes-details/2960-KOKOMO-LOOP-LOOP-HAINES-CITY-FL-33844/P4937127/32/ HTTP/1.1" 200 84414 "" "Mozilla/5.0 (Linux; Android 6.0.1; Nexus 5X Build/MMB29P) AppleWebKit/537.36 (KHTML, like Gecko) Chrome/141.0.7390.122 Mobile Safari/537.36 (compatible; Googlebot/2.1; +http://www.google.com/bot.html)" www.jeanscotthomes.com MISS
40.77.167.38 - - [28/Nov/2025:06:03:24 +0000] "GET /homes-details/150-SHERYL-DRIVE-DELTONA-FL-32738/O6356906/32/ HTTP/1.1" 200 15591 "" "Mozilla/5.0 AppleWebKit/537.36 (KHTML, like Gecko; compatible; bingbot/2.0; +http://www.bing.com/bingbot.htm) Chrome/116.0.1938.76 Safari/537.36" www.jeanscotthomes.com MISS
66.249.74.160 - - [28/Nov/2025:06:04:11 +0000] "GET /real-estate-market-news/central-florida-home-sales/july-2024/page/70/ HTTP/1.1" 301 872 "" "Mozilla/5.0 (Linux; Android 6.0.1; Nexus 5X Build/MMB29P) AppleWebKit/537.36 (KHTML, like Gecko) Chrome/141.0.7390.122 Mobile Safari/537.36 (compatible; Googlebot/2.1; +http://www.google.com/bot.html)" www.jeanscotthomes.com MISS
66.249.74.161 - - [28/Nov/2025:06:04:30 +0000] "GET /real-estate-market-news/central-florida-home-sales/july-2024/page/28/ HTTP/1.1" 301 873 "" "Mozilla/5.0 (Linux; Android 6.0.1; Nexus 5X Build/MMB29P) AppleWebKit/537.36 (KHTML, like Gecko) Chrome/141.0.7390.122 Mobile Safari/537.36 (compatible; Googlebot/2.1; +http://www.google.com/bot.html)" www.jeanscotthomes.com MISS
34.69.106.19 - - [28/Nov/2025:06:05:04 +0000] "POST /wp-cron.php?doing_wp_cron=1764309904.8295660018920898437500 HTTP/1.1" 200 844 "" "WordPress/6.8.3; https://www.jeanscotthomes.com" www.jeanscotthomes.com PASS
40.77.167.38 - - [28/Nov/2025:06:05:25 +0000] "GET /homes-details/6288-BLAKEFORD-DRIVE-WINDERMERE-FL-34786/O6361679/32/ HTTP/1.1" 200 84414 "" "Mozilla/5.0 AppleWebKit/537.36 (KHTML, like Gecko; compatible; bingbot/2.0; +http://www.bing.com/bingbot.htm) Chrome/116.0.1938.76 Safari/537.36" www.jeanscotthomes.com MISS
40.77.167.224 - - [28/Nov/2025:06:05:30 +0000] "GET /properties/276658-7560-RED-BUG-LAKE-ROAD-Oviedo-Florida-32765-Commercial-Sale/ HTTP/1.1" 404 85751 "" "Mozilla/5.0 AppleWebKit/537.36 (KHTML, like Gecko; compatible; bingbot/2.0; +http://www.bing.com/bingbot.htm) Chrome/116.0.1938.76 Safari/537.36" www.jeanscotthomes.com PASS
185.191.171.2 - - [28/Nov/2025:06:06:10 +0000] "GET /featured-listings/16978-cornerwood-dr-orlando-fl-32820/ HTTP/1.1" 200 23386 "" "Mozilla/5.0 (compatible; SemrushBot/7~bl; +http://www.semrush.com/bot.html)" www.jeanscotthomes.com MISS
136.143.178.50 - - [28/Nov/2025:06:06:28 +0000] "GET / HTTP/1.1" 200 31093 "" "Site24x7" www.jeanscotthomes.com HIT
40.77.167.224 - - [28/Nov/2025:06:06:55 +0000] "GET /homes-details/1175-CROWNING-RIDGE-WAY-MINNEOLA-FL-34715/O6363107/32/ HTTP/1.1" 200 84402 "" "Mozilla/5.0 AppleWebKit/537.36 (KHTML, like Gecko; compatible; bingbot/2.0; +http://www.bing.com/bingbot.htm) Chrome/116.0.1938.76 Safari/537.36" www.jeanscotthomes.com MISS
66.249.74.160 - - [28/Nov/2025:06:07:26 +0000] "GET /real-estate-market-news/central-florida-home-sales/july-2024/page/116/ HTTP/1.1" 301 873 "" "Mozilla/5.0 (Linux; Android 6.0.1; Nexus 5X Build/MMB29P) AppleWebKit/537.36 (KHTML, like Gecko) Chrome/141.0.7390.122 Mobile Safari/537.36 (compatible; Googlebot/2.1; +http://www.google.com/bot.html)" www.jeanscotthomes.com MISS
40.77.167.224 - - [28/Nov/2025:06:08:09 +0000] "GET /properties/318974-1075-COURT-Longwood-FL-32750-Residential/ HTTP/1.1" 404 85803 "" "Mozilla/5.0 AppleWebKit/537.36 (KHTML, like Gecko; compatible; bingbot/2.0; +http://www.bing.com/bingbot.htm) Chrome/116.0.1938.76 Safari/537.36" www.jeanscotthomes.com PASS
52.167.144.166 - - [28/Nov/2025:06:10:06 +0000] "GET /properties/291833-5302-DOVE-TREE-STREET-ORLANDO-Florida-32811-Residential/ HTTP/1.1" 404 85727 "" "Mozilla/5.0 AppleWebKit/537.36 (KHTML, like Gecko; compatible; bingbot/2.0; +http://www.bing.com/bingbot.htm) Chrome/116.0.1938.76 Safari/537.36" www.jeanscotthomes.com PASS
34.69.106.19 - - [28/Nov/2025:06:10:09 +0000] "POST /wp-cron.php?doing_wp_cron=1764310209.4743800163269042968750 HTTP/1.1" 200 844 "" "WordPress/6.8.3; https://www.jeanscotthomes.com" www.jeanscotthomes.com PASS
66.249.74.160 - - [28/Nov/2025:06:11:27 +0000] "GET /real-estate-market-news/central-florida-home-sales/july-2024/page/69/ HTTP/1.1" 301 873 "" "Mozilla/5.0 (Linux; Android 6.0.1; Nexus 5X Build/MMB29P) AppleWebKit/537.36 (KHTML, like Gecko) Chrome/141.0.7390.122 Mobile Safari/537.36 (compatible; Googlebot/2.1; +http://www.google.com/bot.html)" www.jeanscotthomes.com MISS
136.143.178.51 - - [28/Nov/2025:06:11:29 +0000] "GET / HTTP/1.1" 200 31093 "" "Site24x7" www.jeanscotthomes.com HIT
128.140.8.200 - - [28/Nov/2025:06:15:02 +0000] "GET /wp-cron.php?doing_wp_cron HTTP/1.1" 200 845 "" "Mozilla/4.0 (compatible; cron-job.org; http://cron-job.org/abuse/)" www.jeanscotthomes.com PASS
