85.208.98.199 - - [28/Nov/2025:03:38:22 +0000] "GET /featured-listings/1220-allendale-dr-oviedo-fl-32765/ HTTP/1.1" 200 135655 "" "Mozilla/5.0 (iPhone; CPU iPhone OS 6_0 like Mac OS X) AppleWebKit/536.26 (KHTML, like Gecko) Version/6.0 Mobile/10A5376e Safari/8536.25 (compatible; SiteAuditBot/0.97; +http://www.semrush.com/bot.html)" www.jeanscotthomes.com MISS
85.208.98.199 - - [28/Nov/2025:03:38:25 +0000] "GET /featured-listings/2837-strand-cir-oviedo-fl-32765/ HTTP/1.1" 200 168747 "" "Mozilla/5.0 (iPhone; CPU iPhone OS 6_0 like Mac OS X) AppleWebKit/536.26 (KHTML, like Gecko) Version/6.0 Mobile/10A5376e Safari/8536.25 (compatible; SiteAuditBot/0.97; +http://www.semrush.com/bot.html)" www.jeanscotthomes.com MISS
85.208.98.199 - - [28/Nov/2025:03:38:28 +0000] "GET /featured-listings/6057-apollos-corner-way-orlando-fl-32829/ HTTP/1.1" 200 96068 "" "Mozilla/5.0 (iPhone; CPU iPhone OS 6_0 like Mac OS X) AppleWebKit/536.26 (KHTML, like Gecko) Version/6.0 Mobile/10A5376e Safari/8536.25 (compatible; SiteAuditBot/0.97; +http://www.semrush.com/bot.html)" www.jeanscotthomes.com MISS
85.208.98.199 - - [28/Nov/2025:03:38:30 +0000] "GET /featured-listings/1043-willa-lake-cir-oviedo-fl-32765/ HTTP/1.1" 200 23951 "" "Mozilla/5.0 (iPhone; CPU iPhone OS 6_0 like Mac OS X) AppleWebKit/536.26 (KHTML, like Gecko) Version/6.0 Mobile/10A5376e Safari/8536.25 (compatible; SiteAuditBot/0.97; +http://www.semrush.com/bot.html)" www.jeanscotthomes.com MISS
85.208.98.199 - - [28/Nov/2025:03:38:33 +0000] "GET /featured-listings/613-cranebrook-ct-oviedo-fl-32766/ HTTP/1.1" 200 161711 "" "Mozilla/5.0 (iPhone; CPU iPhone OS 6_0 like Mac OS X) AppleWebKit/536.26 (KHTML, like Gecko) Version/6.0 Mobile/10A5376e Safari/8536.25 (compatible; SiteAuditBot/0.97; +http://www.semrush.com/bot.html)" www.jeanscotthomes.com MISS
85.208.98.199 - - [28/Nov/2025:03:38:36 +0000] "GET /featured-listings/2328-foliage-oak-ter-oviedo-fl-32766/ HTTP/1.1" 200 178157 "" "Mozilla/5.0 (iPhone; CPU iPhone OS 6_0 like Mac OS X) AppleWebKit/536.26 (KHTML, like Gecko) Version/6.0 Mobile/10A5376e Safari/8536.25 (compatible; SiteAuditBot/0.97; +http://www.semrush.com/bot.html)" www.jeanscotthomes.com MISS
85.208.98.199 - - [28/Nov/2025:03:38:39 +0000] "GET /featured-listings/3720-valley-oaks-ct-oviedo-fl-32766-2/ HTTP/1.1" 200 25335 "" "Mozilla/5.0 (iPhone; CPU iPhone OS 6_0 like Mac OS X) AppleWebKit/536.26 (KHTML, like Gecko) Version/6.0 Mobile/10A5376e Safari/8536.25 (compatible; SiteAuditBot/0.97; +http://www.semrush.com/bot.html)" www.jeanscotthomes.com MISS
85.208.98.199 - - [28/Nov/2025:03:38:42 +0000] "GET /featured-listings/1614-riveredge-rd-oviedo-fl-32766/ HTTP/1.1" 200 154726 "" "Mozilla/5.0 (iPhone; CPU iPhone OS 6_0 like Mac OS X) AppleWebKit/536.26 (KHTML, like Gecko) Version/6.0 Mobile/10A5376e Safari/8536.25 (compatible; SiteAuditBot/0.97; +http://www.semrush.com/bot.html)" www.jeanscotthomes.com MISS
85.208.98.199 - - [28/Nov/2025:03:38:44 +0000] "GET /featured-listings/1880-greenbrook-ct-oviedo-fl-32766/ HTTP/1.1" 200 160947 "" "Mozilla/5.0 (iPhone; CPU iPhone OS 6_0 like Mac OS X) AppleWebKit/536.26 (KHTML, like Gecko) Version/6.0 Mobile/10A5376e Safari/8536.25 (compatible; SiteAuditBot/0.97; +http://www.semrush.com/bot.html)" www.jeanscotthomes.com MISS
85.208.98.199 - - [28/Nov/2025:03:38:47 +0000] "GET /featured-listings/1028-manigan-ave-oviedo-fl-32765/ HTTP/1.1" 200 148369 "" "Mozilla/5.0 (iPhone; CPU iPhone OS 6_0 like Mac OS X) AppleWebKit/536.26 (KHTML, like Gecko) Version/6.0 Mobile/10A5376e Safari/8536.25 (compatible; SiteAuditBot/0.97; +http://www.semrush.com/bot.html)" www.jeanscotthomes.com MISS
85.208.98.199 - - [28/Nov/2025:03:38:50 +0000] "GET /featured-listings/1883-royal-majesty-ct-oviedo-fl-32765/ HTTP/1.1" 200 151163 "" "Mozilla/5.0 (iPhone; CPU iPhone OS 6_0 like Mac OS X) AppleWebKit/536.26 (KHTML, like Gecko) Version/6.0 Mobile/10A5376e Safari/8536.25 (compatible; SiteAuditBot/0.97; +http://www.semrush.com/bot.html)" www.jeanscotthomes.com MISS
85.208.98.199 - - [28/Nov/2025:03:38:53 +0000] "GET /featured-listings/2522-double-tree-pl-oviedo-fl-32766/ HTTP/1.1" 200 25503 "" "Mozilla/5.0 (iPhone; CPU iPhone OS 6_0 like Mac OS X) AppleWebKit/536.26 (KHTML, like Gecko) Version/6.0 Mobile/10A5376e Safari/8536.25 (compatible; SiteAuditBot/0.97; +http://www.semrush.com/bot.html)" www.jeanscotthomes.com MISS
85.208.98.199 - - [28/Nov/2025:03:38:56 +0000] "GET /featured-listings/342-lakepark-trl-oviedo-fl-32765/ HTTP/1.1" 200 148727 "" "Mozilla/5.0 (iPhone; CPU iPhone OS 6_0 like Mac OS X) AppleWebKit/536.26 (KHTML, like Gecko) Version/6.0 Mobile/10A5376e Safari/8536.25 (compatible; SiteAuditBot/0.97; +http://www.semrush.com/bot.html)" www.jeanscotthomes.com MISS
85.208.98.199 - - [28/Nov/2025:03:38:59 +0000] "GET /featured-listings/3342-gambel-oak-ct-oviedo-fl-32766/ HTTP/1.1" 200 162522 "" "Mozilla/5.0 (iPhone; CPU iPhone OS 6_0 like Mac OS X) AppleWebKit/536.26 (KHTML, like Gecko) Version/6.0 Mobile/10A5376e Safari/8536.25 (compatible; SiteAuditBot/0.97; +http://www.semrush.com/bot.html)" www.jeanscotthomes.com MISS
40.77.167.144 - - [28/Nov/2025:03:39:01 +0000] "GET /homes-details/8852-BRIDGEPORT-BAY-CIRCLE-MOUNT-DORA-FL-32757/G5102771/32/ HTTP/1.1" 200 84450 "" "Mozilla/5.0 AppleWebKit/537.36 (KHTML, like Gecko; compatible; bingbot/2.0; +http://www.bing.com/bingbot.htm) Chrome/116.0.1938.76 Safari/537.36" www.jeanscotthomes.com MISS
85.208.98.199 - - [28/Nov/2025:03:39:02 +0000] "GET /featured-listings/2015-kelly-creek-cir-oviedo-fl-32765/ HTTP/1.1" 200 134957 "" "Mozilla/5.0 (iPhone; CPU iPhone OS 6_0 like Mac OS X) AppleWebKit/536.26 (KHTML, like Gecko) Version/6.0 Mobile/10A5376e Safari/8536.25 (compatible; SiteAuditBot/0.97; +http://www.semrush.com/bot.html)" www.jeanscotthomes.com MISS
85.208.98.199 - - [28/Nov/2025:03:39:07 +0000] "GET /featured-listings/441-center-st-chuluota-fl-32766/ HTTP/1.1" 200 151493 "" "Mozilla/5.0 (iPhone; CPU iPhone OS 6_0 like Mac OS X) AppleWebKit/536.26 (KHTML, like Gecko) Version/6.0 Mobile/10A5376e Safari/8536.25 (compatible; SiteAuditBot/0.97; +http://www.semrush.com/bot.html)" www.jeanscotthomes.com MISS
85.208.98.199 - - [28/Nov/2025:03:39:10 +0000] "GET /featured-listings/2290-foliage-oak-ter-oviedo-fl-32766-2/ HTTP/1.1" 200 164390 "" "Mozilla/5.0 (iPhone; CPU iPhone OS 6_0 like Mac OS X) AppleWebKit/536.26 (KHTML, like Gecko) Version/6.0 Mobile/10A5376e Safari/8536.25 (compatible; SiteAuditBot/0.97; +http://www.semrush.com/bot.html)" www.jeanscotthomes.com MISS
85.208.98.199 - - [28/Nov/2025:03:39:12 +0000] "GET /featured-listings/5441-new-haven-ct-orlando-fl-32812/ HTTP/1.1" 200 150182 "" "Mozilla/5.0 (iPhone; CPU iPhone OS 6_0 like Mac OS X) AppleWebKit/536.26 (KHTML, like Gecko) Version/6.0 Mobile/10A5376e Safari/8536.25 (compatible; SiteAuditBot/0.97; +http://www.semrush.com/bot.html)" www.jeanscotthomes.com MISS
66.249.74.169 - - [28/Nov/2025:03:39:13 +0000] "GET /homes-details/3707-BERGAMOT-STREET-LAKE-ALFRED-FL-33850/TB8442853/32/ HTTP/1.1" 200 84412 "" "Mozilla/5.0 (Linux; Android 6.0.1; Nexus 5X Build/MMB29P) AppleWebKit/537.36 (KHTML, like Gecko) Chrome/141.0.7390.122 Mobile Safari/537.36 (compatible; Googlebot/2.1; +http://www.google.com/bot.html)" www.jeanscotthomes.com MISS
85.208.98.199 - - [28/Nov/2025:03:39:15 +0000] "GET /featured-listings/3366-red-ash-cir-oviedo-fl-32766/ HTTP/1.1" 200 154051 "" "Mozilla/5.0 (iPhone; CPU iPhone OS 6_0 like Mac OS X) AppleWebKit/536.26 (KHTML, like Gecko) Version/6.0 Mobile/10A5376e Safari/8536.25 (compatible; SiteAuditBot/0.97; +http://www.semrush.com/bot.html)" www.jeanscotthomes.com MISS
85.208.98.199 - - [28/Nov/2025:03:39:18 +0000] "GET /featured-listings/2845-strand-cir-oviedo-fl-32765/ HTTP/1.1" 200 24152 "" "Mozilla/5.0 (iPhone; CPU iPhone OS 6_0 like Mac OS X) AppleWebKit/536.26 (KHTML, like Gecko) Version/6.0 Mobile/10A5376e Safari/8536.25 (compatible; SiteAuditBot/0.97; +http://www.semrush.com/bot.html)" www.jeanscotthomes.com MISS
85.208.98.199 - - [28/Nov/2025:03:39:21 +0000] "GET /featured-listings/3414-sterling-lake-cir-oviedo-fl-32765-2/ HTTP/1.1" 200 23760 "" "Mozilla/5.0 (iPhone; CPU iPhone OS 6_0 like Mac OS X) AppleWebKit/536.26 (KHTML, like Gecko) Version/6.0 Mobile/10A5376e Safari/8536.25 (compatible; SiteAuditBot/0.97; +http://www.semrush.com/bot.html)" www.jeanscotthomes.com MISS
85.208.98.199 - - [28/Nov/2025:03:39:24 +0000] "GET /featured-listings/2775-limerick-cir-grand-island-fl-32735/ HTTP/1.1" 200 151952 "" "Mozilla/5.0 (iPhone; CPU iPhone OS 6_0 like Mac OS X) AppleWebKit/536.26 (KHTML, like Gecko) Version/6.0 Mobile/10A5376e Safari/8536.25 (compatible; SiteAuditBot/0.97; +http://www.semrush.com/bot.html)" www.jeanscotthomes.com MISS
85.208.98.199 - - [28/Nov/2025:03:39:26 +0000] "GET /featured-listings/3500-hollow-oak-run-oviedo-fl-32766/ HTTP/1.1" 200 25583 "" "Mozilla/5.0 (iPhone; CPU iPhone OS 6_0 like Mac OS X) AppleWebKit/536.26 (KHTML, like Gecko) Version/6.0 Mobile/10A5376e Safari/8536.25 (compatible; SiteAuditBot/0.97; +http://www.semrush.com/bot.html)" www.jeanscotthomes.com MISS
66.249.74.160 - - [28/Nov/2025:03:39:28 +0000] "GET /real-estate-market-news/central-florida-home-sales/may-2024/page/142/ HTTP/1.1" 301 871 "" "Mozilla/5.0 (Linux; Android 6.0.1; Nexus 5X Build/MMB29P) AppleWebKit/537.36 (KHTML, like Gecko) Chrome/141.0.7390.122 Mobile Safari/537.36 (compatible; Googlebot/2.1; +http://www.google.com/bot.html)" www.jeanscotthomes.com MISS
85.208.98.199 - - [28/Nov/2025:03:39:29 +0000] "GET /featured-listings/2280-backwater-ct-oviedo-fl-32766/ HTTP/1.1" 200 153958 "" "Mozilla/5.0 (iPhone; CPU iPhone OS 6_0 like Mac OS X) AppleWebKit/536.26 (KHTML, like Gecko) Version/6.0 Mobile/10A5376e Safari/8536.25 (compatible; SiteAuditBot/0.97; +http://www.semrush.com/bot.html)" www.jeanscotthomes.com MISS
66.249.74.160 - - [28/Nov/2025:03:39:30 +0000] "GET /real-estate-market-news/central-florida-home-sales/may-2024/page/94/ HTTP/1.1" 301 871 "" "Mozilla/5.0 (Linux; Android 6.0.1; Nexus 5X Build/MMB29P) AppleWebKit/537.36 (KHTML, like Gecko) Chrome/141.0.7390.122 Mobile Safari/537.36 (compatible; Googlebot/2.1; +http://www.google.com/bot.html)" www.jeanscotthomes.com MISS
85.208.98.199 - - [28/Nov/2025:03:39:32 +0000] "GET /featured-listings/1558-lawndale-cir-winter-park-fl-32792/ HTTP/1.1" 200 152899 "" "Mozilla/5.0 (iPhone; CPU iPhone OS 6_0 like Mac OS X) AppleWebKit/536.26 (KHTML, like Gecko) Version/6.0 Mobile/10A5376e Safari/8536.25 (compatible; SiteAuditBot/0.97; +http://www.semrush.com/bot.html)" www.jeanscotthomes.com MISS
85.208.98.199 - - [28/Nov/2025:03:39:35 +0000] "GET /featured-listings/1650-ashland-trl-oviedo-fl-32765/ HTTP/1.1" 200 147245 "" "Mozilla/5.0 (iPhone; CPU iPhone OS 6_0 like Mac OS X) AppleWebKit/536.26 (KHTML, like Gecko) Version/6.0 Mobile/10A5376e Safari/8536.25 (compatible; SiteAuditBot/0.97; +http://www.semrush.com/bot.html)" www.jeanscotthomes.com MISS
85.208.98.199 - - [28/Nov/2025:03:39:38 +0000] "GET /featured-listings/1503-sugarwood-cir-winter-park-fl-32792/ HTTP/1.1" 200 23903 "" "Mozilla/5.0 (iPhone; CPU iPhone OS 6_0 like Mac OS X) AppleWebKit/536.26 (KHTML, like Gecko) Version/6.0 Mobile/10A5376e Safari/8536.25 (compatible; SiteAuditBot/0.97; +http://www.semrush.com/bot.html)" www.jeanscotthomes.com MISS
85.208.98.199 - - [28/Nov/2025:03:39:41 +0000] "GET /featured-listings/311-hibiscus-st-chuluota-fl-32766/ HTTP/1.1" 200 90146 "" "Mozilla/5.0 (iPhone; CPU iPhone OS 6_0 like Mac OS X) AppleWebKit/536.26 (KHTML, like Gecko) Version/6.0 Mobile/10A5376e Safari/8536.25 (compatible; SiteAuditBot/0.97; +http://www.semrush.com/bot.html)" www.jeanscotthomes.com MISS
85.208.98.199 - - [28/Nov/2025:03:39:44 +0000] "GET /featured-listings/1580-springtime-loop-winter-park-fl-32792/ HTTP/1.1" 200 89750 "" "Mozilla/5.0 (iPhone; CPU iPhone OS 6_0 like Mac OS X) AppleWebKit/536.26 (KHTML, like Gecko) Version/6.0 Mobile/10A5376e Safari/8536.25 (compatible; SiteAuditBot/0.97; +http://www.semrush.com/bot.html)" www.jeanscotthomes.com MISS
85.208.98.199 - - [28/Nov/2025:03:39:47 +0000] "GET /featured-listings/332-skyview-pl-chuluota-fl-32766/ HTTP/1.1" 200 153297 "" "Mozilla/5.0 (iPhone; CPU iPhone OS 6_0 like Mac OS X) AppleWebKit/536.26 (KHTML, like Gecko) Version/6.0 Mobile/10A5376e Safari/8536.25 (compatible; SiteAuditBot/0.97; +http://www.semrush.com/bot.html)" www.jeanscotthomes.com MISS
66.249.74.169 - - [28/Nov/2025:03:40:15 +0000] "GET /featured-listings/page/16/ HTTP/1.1" 200 113735 "" "Mozilla/5.0 (Linux; Android 6.0.1; Nexus 5X Build/MMB29P) AppleWebKit/537.36 (KHTML, like Gecko) Chrome/141.0.7390.122 Mobile Safari/537.36 (compatible; Googlebot/2.1; +http://www.google.com/bot.html)" www.jeanscotthomes.com MISS
136.143.179.51 - - [28/Nov/2025:03:40:53 +0000] "GET / HTTP/1.1" 200 31093 "" "Site24x7" www.jeanscotthomes.com HIT
66.249.74.160 - - [28/Nov/2025:03:41:16 +0000] "GET /real-estate-market-news/central-florida-home-sales/may-2024/page/55/ HTTP/1.1" 301 872 "" "Mozilla/5.0 (Linux; Android 6.0.1; Nexus 5X Build/MMB29P) AppleWebKit/537.36 (KHTML, like Gecko) Chrome/141.0.7390.122 Mobile Safari/537.36 (compatible; Googlebot/2.1; +http://www.google.com/bot.html)" www.jeanscotthomes.com MISS
66.249.74.161 - - [28/Nov/2025:03:41:19 +0000] "GET /homes-details/265-LAKE-ARIETTA-COURT-AUBURNDALE-FL-33823/O6354982/32/ HTTP/1.1" 200 84426 "" "Mozilla/5.0 (Linux; Android 6.0.1; Nexus 5X Build/MMB29P) AppleWebKit/537.36 (KHTML, like Gecko) Chrome/141.0.7390.122 Mobile Safari/537.36 (compatible; Googlebot/2.1; +http://www.google.com/bot.html)" www.jeanscotthomes.com MISS
40.77.167.143 - - [28/Nov/2025:03:42:30 +0000] "GET /homes-details/32208-ALICE-STREET-TAVARES-FL-32778/O6360209/32/ HTTP/1.1" 200 15593 "" "Mozilla/5.0 AppleWebKit/537.36 (KHTML, like Gecko; compatible; bingbot/2.0; +http://www.bing.com/bingbot.htm) Chrome/116.0.1938.76 Safari/537.36" www.jeanscotthomes.com MISS
85.208.98.196 - - [28/Nov/2025:03:42:37 +0000] "GET /featured-listings/ HTTP/1.1" 200 146804 "" "Mozilla/5.0 (iPhone; CPU iPhone OS 6_0 like Mac OS X) AppleWebKit/536.26 (KHTML, like Gecko) Version/6.0 Mobile/10A5376e Safari/8536.25 (compatible; SiteAuditBot/0.97; +http://www.semrush.com/bot.html)" www.jeanscotthomes.com MISS
85.208.98.196 - - [28/Nov/2025:03:43:19 +0000] "GET /homes-market-report/Lake-Mary-Florida/2877196 HTTP/1.1" 301 858 "" "Mozilla/5.0 (iPhone; CPU iPhone OS 6_0 like Mac OS X) AppleWebKit/536.26 (KHTML, like Gecko) Version/6.0 Mobile/10A5376e Safari/8536.25 (compatible; SiteAuditBot/0.97; +http://www.semrush.com/bot.html)" www.jeanscotthomes.com MISS
85.208.98.196 - - [28/Nov/2025:03:43:24 +0000] "GET /homes-market-report/Oviedo-Florida-s-Twin-Rivers/2887245 HTTP/1.1" 301 868 "" "Mozilla/5.0 (iPhone; CPU iPhone OS 6_0 like Mac OS X) AppleWebKit/536.26 (KHTML, like Gecko) Version/6.0 Mobile/10A5376e Safari/8536.25 (compatible; SiteAuditBot/0.97; +http://www.semrush.com/bot.html)" www.jeanscotthomes.com MISS
85.208.98.196 - - [28/Nov/2025:03:43:26 +0000] "GET /homes-market-report/Ocoee-Florida/2900173 HTTP/1.1" 301 853 "" "Mozilla/5.0 (iPhone; CPU iPhone OS 6_0 like Mac OS X) AppleWebKit/536.26 (KHTML, like Gecko) Version/6.0 Mobile/10A5376e Safari/8536.25 (compatible; SiteAuditBot/0.97; +http://www.semrush.com/bot.html)" www.jeanscotthomes.com MISS
85.208.98.196 - - [28/Nov/2025:03:43:29 +0000] "GET /homes-market-report/Heathrow-Florida/2877195 HTTP/1.1" 301 856 "" "Mozilla/5.0 (iPhone; CPU iPhone OS 6_0 like Mac OS X) AppleWebKit/536.26 (KHTML, like Gecko) Version/6.0 Mobile/10A5376e Safari/8536.25 (compatible; SiteAuditBot/0.97; +http://www.semrush.com/bot.html)" www.jeanscotthomes.com MISS
85.208.98.196 - - [28/Nov/2025:03:43:32 +0000] "GET /homes-market-report/Orlando-Florida-s-Waterford-Lakes/2886990 HTTP/1.1" 301 873 "" "Mozilla/5.0 (iPhone; CPU iPhone OS 6_0 like Mac OS X) AppleWebKit/536.26 (KHTML, like Gecko) Version/6.0 Mobile/10A5376e Safari/8536.25 (compatible; SiteAuditBot/0.97; +http://www.semrush.com/bot.html)" www.jeanscotthomes.com MISS
85.208.98.196 - - [28/Nov/2025:03:43:35 +0000] "GET /homes-market-report/Maitland-Florida/2900174 HTTP/1.1" 301 856 "" "Mozilla/5.0 (iPhone; CPU iPhone OS 6_0 like Mac OS X) AppleWebKit/536.26 (KHTML, like Gecko) Version/6.0 Mobile/10A5376e Safari/8536.25 (compatible; SiteAuditBot/0.97; +http://www.semrush.com/bot.html)" www.jeanscotthomes.com MISS
85.208.98.196 - - [28/Nov/2025:03:43:40 +0000] "GET /homes-market-report/Oviedo-Florida-s-Kingsbridge/2887241 HTTP/1.1" 301 868 "" "Mozilla/5.0 (iPhone; CPU iPhone OS 6_0 like Mac OS X) AppleWebKit/536.26 (KHTML, like Gecko) Version/6.0 Mobile/10A5376e Safari/8536.25 (compatible; SiteAuditBot/0.97; +http://www.semrush.com/bot.html)" www.jeanscotthomes.com MISS
85.208.98.196 - - [28/Nov/2025:03:43:42 +0000] "GET /homes-market-report/Belle-Isle-Florida/2900176 HTTP/1.1" 301 858 "" "Mozilla/5.0 (iPhone; CPU iPhone OS 6_0 like Mac OS X) AppleWebKit/536.26 (KHTML, like Gecko) Version/6.0 Mobile/10A5376e Safari/8536.25 (compatible; SiteAuditBot/0.97; +http://www.semrush.com/bot.html)" www.jeanscotthomes.com MISS
85.208.98.196 - - [28/Nov/2025:03:43:45 +0000] "GET /homes-market-report/Sanford-Florida/2877199 HTTP/1.1" 301 855 "" "Mozilla/5.0 (iPhone; CPU iPhone OS 6_0 like Mac OS X) AppleWebKit/536.26 (KHTML, like Gecko) Version/6.0 Mobile/10A5376e Safari/8536.25 (compatible; SiteAuditBot/0.97; +http://www.semrush.com/bot.html)" www.jeanscotthomes.com MISS
85.208.98.196 - - [28/Nov/2025:03:43:48 +0000] "GET /homes-market-report/Oviedo-Florida-s-Riverside-at-Twin-Rivers/2887243 HTTP/1.1" 301 881 "" "Mozilla/5.0 (iPhone; CPU iPhone OS 6_0 like Mac OS X) AppleWebKit/536.26 (KHTML, like Gecko) Version/6.0 Mobile/10A5376e Safari/8536.25 (compatible; SiteAuditBot/0.97; +http://www.semrush.com/bot.html)" www.jeanscotthomes.com MISS
85.208.98.196 - - [28/Nov/2025:03:43:51 +0000] "GET /homes-market-report/Apopka-Florida/2900171 HTTP/1.1" 301 854 "" "Mozilla/5.0 (iPhone; CPU iPhone OS 6_0 like Mac OS X) AppleWebKit/536.26 (KHTML, like Gecko) Version/6.0 Mobile/10A5376e Safari/8536.25 (compatible; SiteAuditBot/0.97; +http://www.semrush.com/bot.html)" www.jeanscotthomes.com MISS
85.208.98.196 - - [28/Nov/2025:03:43:53 +0000] "GET /homes-market-report/Oviedo-Florida-s-The-Sanctuary/2887244 HTTP/1.1" 301 870 "" "Mozilla/5.0 (iPhone; CPU iPhone OS 6_0 like Mac OS X) AppleWebKit/536.26 (KHTML, like Gecko) Version/6.0 Mobile/10A5376e Safari/8536.25 (compatible; SiteAuditBot/0.97; +http://www.semrush.com/bot.html)" www.jeanscotthomes.com MISS
85.208.98.196 - - [28/Nov/2025:03:43:56 +0000] "GET /homes-market-report/Winter-Garden-Florida/2900172 HTTP/1.1" 301 861 "" "Mozilla/5.0 (iPhone; CPU iPhone OS 6_0 like Mac OS X) AppleWebKit/536.26 (KHTML, like Gecko) Version/6.0 Mobile/10A5376e Safari/8536.25 (compatible; SiteAuditBot/0.97; +http://www.semrush.com/bot.html)" www.jeanscotthomes.com MISS
85.208.98.196 - - [28/Nov/2025:03:43:59 +0000] "GET /homes-market-report/Longwood-Florida/2877197 HTTP/1.1" 301 856 "" "Mozilla/5.0 (iPhone; CPU iPhone OS 6_0 like Mac OS X) AppleWebKit/536.26 (KHTML, like Gecko) Version/6.0 Mobile/10A5376e Safari/8536.25 (compatible; SiteAuditBot/0.97; +http://www.semrush.com/bot.html)" www.jeanscotthomes.com MISS
85.208.98.196 - - [28/Nov/2025:03:44:01 +0000] "GET /homes-market-report/Oviedo-Florida-s-Aloma-Woods/2887240 HTTP/1.1" 301 868 "" "Mozilla/5.0 (iPhone; CPU iPhone OS 6_0 like Mac OS X) AppleWebKit/536.26 (KHTML, like Gecko) Version/6.0 Mobile/10A5376e Safari/8536.25 (compatible; SiteAuditBot/0.97; +http://www.semrush.com/bot.html)" www.jeanscotthomes.com MISS
85.208.98.196 - - [28/Nov/2025:03:44:04 +0000] "GET /homes-market-report/Oviedo-Florida-s-Alafaya-Woods/2887239 HTTP/1.1" 301 870 "" "Mozilla/5.0 (iPhone; CPU iPhone OS 6_0 like Mac OS X) AppleWebKit/536.26 (KHTML, like Gecko) Version/6.0 Mobile/10A5376e Safari/8536.25 (compatible; SiteAuditBot/0.97; +http://www.semrush.com/bot.html)" www.jeanscotthomes.com MISS
85.208.98.196 - - [28/Nov/2025:03:44:07 +0000] "GET /homes-market-report/Central-Florida-Luxury-Estate-Homes/2890760 HTTP/1.1" 301 875 "" "Mozilla/5.0 (iPhone; CPU iPhone OS 6_0 like Mac OS X) AppleWebKit/536.26 (KHTML, like Gecko) Version/6.0 Mobile/10A5376e Safari/8536.25 (compatible; SiteAuditBot/0.97; +http://www.semrush.com/bot.html)" www.jeanscotthomes.com MISS
85.208.98.196 - - [28/Nov/2025:03:44:10 +0000] "GET /homes-market-report/Altamonte-Springs-Florida/2900168 HTTP/1.1" 301 865 "" "Mozilla/5.0 (iPhone; CPU iPhone OS 6_0 like Mac OS X) AppleWebKit/536.26 (KHTML, like Gecko) Version/6.0 Mobile/10A5376e Safari/8536.25 (compatible; SiteAuditBot/0.97; +http://www.semrush.com/bot.html)" www.jeanscotthomes.com MISS
85.208.98.196 - - [28/Nov/2025:03:44:13 +0000] "GET /homes-market-report/Chuluota-Florida/2877191 HTTP/1.1" 301 856 "" "Mozilla/5.0 (iPhone; CPU iPhone OS 6_0 like Mac OS X) AppleWebKit/536.26 (KHTML, like Gecko) Version/6.0 Mobile/10A5376e Safari/8536.25 (compatible; SiteAuditBot/0.97; +http://www.semrush.com/bot.html)" www.jeanscotthomes.com MISS
85.208.98.196 - - [28/Nov/2025:03:44:15 +0000] "GET /homes-market-report/Oviedo-Florida/2877198 HTTP/1.1" 301 854 "" "Mozilla/5.0 (iPhone; CPU iPhone OS 6_0 like Mac OS X) AppleWebKit/536.26 (KHTML, like Gecko) Version/6.0 Mobile/10A5376e Safari/8536.25 (compatible; SiteAuditBot/0.97; +http://www.semrush.com/bot.html)" www.jeanscotthomes.com MISS
85.208.98.196 - - [28/Nov/2025:03:44:18 +0000] "GET /homes-market-report/Orlando-Florida/2870465 HTTP/1.1" 301 855 "" "Mozilla/5.0 (iPhone; CPU iPhone OS 6_0 like Mac OS X) AppleWebKit/536.26 (KHTML, like Gecko) Version/6.0 Mobile/10A5376e Safari/8536.25 (compatible; SiteAuditBot/0.97; +http://www.semrush.com/bot.html)" www.jeanscotthomes.com MISS
85.208.98.196 - - [28/Nov/2025:03:44:21 +0000] "GET /homes-market-report/Tampa-St-Petersburg-Clearwater-MSA/2891929 HTTP/1.1" 301 861 "" "Mozilla/5.0 (iPhone; CPU iPhone OS 6_0 like Mac OS X) AppleWebKit/536.26 (KHTML, like Gecko) Version/6.0 Mobile/10A5376e Safari/8536.25 (compatible; SiteAuditBot/0.97; +http://www.semrush.com/bot.html)" www.jeanscotthomes.com MISS
85.208.98.196 - - [28/Nov/2025:03:44:26 +0000] "GET /homes-market-report/Central-Florida/2877151 HTTP/1.1" 301 855 "" "Mozilla/5.0 (iPhone; CPU iPhone OS 6_0 like Mac OS X) AppleWebKit/536.26 (KHTML, like Gecko) Version/6.0 Mobile/10A5376e Safari/8536.25 (compatible; SiteAuditBot/0.97; +http://www.semrush.com/bot.html)" www.jeanscotthomes.com MISS
85.208.98.196 - - [28/Nov/2025:03:44:28 +0000] "GET /homes-market-report/Deltona-Daytona-Beach-Ormond-Beach-MSA/2891932 HTTP/1.1" 301 878 "" "Mozilla/5.0 (iPhone; CPU iPhone OS 6_0 like Mac OS X) AppleWebKit/536.26 (KHTML, like Gecko) Version/6.0 Mobile/10A5376e Safari/8536.25 (compatible; SiteAuditBot/0.97; +http://www.semrush.com/bot.html)" www.jeanscotthomes.com MISS
85.208.98.196 - - [28/Nov/2025:03:44:31 +0000] "GET /homes-market-report/Winter-Park-Florida/2877203 HTTP/1.1" 301 859 "" "Mozilla/5.0 (iPhone; CPU iPhone OS 6_0 like Mac OS X) AppleWebKit/536.26 (KHTML, like Gecko) Version/6.0 Mobile/10A5376e Safari/8536.25 (compatible; SiteAuditBot/0.97; +http://www.semrush.com/bot.html)" www.jeanscotthomes.com MISS
40.77.167.7 - - [28/Nov/2025:03:44:31 +0000] "GET /homes-details/19334-BANFIELD-PL-ORLANDO-FL-32827/O6342510/32/ HTTP/1.1" 200 84389 "" "Mozilla/5.0 AppleWebKit/537.36 (KHTML, like Gecko; compatible; bingbot/2.0; +http://www.bing.com/bingbot.htm) Chrome/116.0.1938.76 Safari/537.36" www.jeanscotthomes.com MISS
85.208.98.196 - - [28/Nov/2025:03:44:34 +0000] "GET /homes-market-report/Windermere-Florida/2877202 HTTP/1.1" 301 858 "" "Mozilla/5.0 (iPhone; CPU iPhone OS 6_0 like Mac OS X) AppleWebKit/536.26 (KHTML, like Gecko) Version/6.0 Mobile/10A5376e Safari/8536.25 (compatible; SiteAuditBot/0.97; +http://www.semrush.com/bot.html)" www.jeanscotthomes.com MISS
85.208.98.196 - - [28/Nov/2025:03:44:37 +0000] "GET /homes-market-report/Eatonville-Florida/2900179 HTTP/1.1" 301 858 "" "Mozilla/5.0 (iPhone; CPU iPhone OS 6_0 like Mac OS X) AppleWebKit/536.26 (KHTML, like Gecko) Version/6.0 Mobile/10A5376e Safari/8536.25 (compatible; SiteAuditBot/0.97; +http://www.semrush.com/bot.html)" www.jeanscotthomes.com MISS
85.208.98.196 - - [28/Nov/2025:03:44:40 +0000] "GET /homes-market-report/Orlando-Florida-s-Avalon-Park/2885976 HTTP/1.1" 301 869 "" "Mozilla/5.0 (iPhone; CPU iPhone OS 6_0 like Mac OS X) AppleWebKit/536.26 (KHTML, like Gecko) Version/6.0 Mobile/10A5376e Safari/8536.25 (compatible; SiteAuditBot/0.97; +http://www.semrush.com/bot.html)" www.jeanscotthomes.com MISS
85.208.98.196 - - [28/Nov/2025:03:44:42 +0000] "GET /homes-market-report/Winter-Springs-Florida/2877205 HTTP/1.1" 301 862 "" "Mozilla/5.0 (iPhone; CPU iPhone OS 6_0 like Mac OS X) AppleWebKit/536.26 (KHTML, like Gecko) Version/6.0 Mobile/10A5376e Safari/8536.25 (compatible; SiteAuditBot/0.97; +http://www.semrush.com/bot.html)" www.jeanscotthomes.com MISS
85.208.98.196 - - [28/Nov/2025:03:44:45 +0000] "GET /homes-market-report/Edgewood-Florida/2900177 HTTP/1.1" 301 856 "" "Mozilla/5.0 (iPhone; CPU iPhone OS 6_0 like Mac OS X) AppleWebKit/536.26 (KHTML, like Gecko) Version/6.0 Mobile/10A5376e Safari/8536.25 (compatible; SiteAuditBot/0.97; +http://www.semrush.com/bot.html)" www.jeanscotthomes.com MISS
85.208.98.196 - - [28/Nov/2025:03:44:48 +0000] "GET /homes-market-report/Orlando-Kissimmee-Sanford-MSA/2891879 HTTP/1.1" 301 869 "" "Mozilla/5.0 (iPhone; CPU iPhone OS 6_0 like Mac OS X) AppleWebKit/536.26 (KHTML, like Gecko) Version/6.0 Mobile/10A5376e Safari/8536.25 (compatible; SiteAuditBot/0.97; +http://www.semrush.com/bot.html)" www.jeanscotthomes.com MISS
85.208.98.196 - - [28/Nov/2025:03:44:51 +0000] "GET /homes-market-report/Oakland-Florida/2900180 HTTP/1.1" 301 855 "" "Mozilla/5.0 (iPhone; CPU iPhone OS 6_0 like Mac OS X) AppleWebKit/536.26 (KHTML, like Gecko) Version/6.0 Mobile/10A5376e Safari/8536.25 (compatible; SiteAuditBot/0.97; +http://www.semrush.com/bot.html)" www.jeanscotthomes.com MISS
85.208.98.196 - - [28/Nov/2025:03:44:53 +0000] "GET /homes-market-report/Casselberry-Florida/2877180 HTTP/1.1" 301 859 "" "Mozilla/5.0 (iPhone; CPU iPhone OS 6_0 like Mac OS X) AppleWebKit/536.26 (KHTML, like Gecko) Version/6.0 Mobile/10A5376e Safari/8536.25 (compatible; SiteAuditBot/0.97; +http://www.semrush.com/bot.html)" www.jeanscotthomes.com MISS
85.208.98.196 - - [28/Nov/2025:03:44:56 +0000] "GET /homes-market-report/Central-Florida-Pool-Homes/2891003 HTTP/1.1" 301 866 "" "Mozilla/5.0 (iPhone; CPU iPhone OS 6_0 like Mac OS X) AppleWebKit/536.26 (KHTML, like Gecko) Version/6.0 Mobile/10A5376e Safari/8536.25 (compatible; SiteAuditBot/0.97; +http://www.semrush.com/bot.html)" www.jeanscotthomes.com MISS
85.208.98.196 - - [28/Nov/2025:03:44:59 +0000] "GET /homes-market-report/Central-Florida-New-Construction-Homes/2891004 HTTP/1.1" 301 878 "" "Mozilla/5.0 (iPhone; CPU iPhone OS 6_0 like Mac OS X) AppleWebKit/536.26 (KHTML, like Gecko) Version/6.0 Mobile/10A5376e Safari/8536.25 (compatible; SiteAuditBot/0.97; +http://www.semrush.com/bot.html)" www.jeanscotthomes.com MISS
128.140.8.200 - - [28/Nov/2025:03:45:02 +0000] "GET /wp-cron.php?doing_wp_cron HTTP/1.1" 200 845 "" "Mozilla/4.0 (compatible; cron-job.org; http://cron-job.org/abuse/)" www.jeanscotthomes.com PASS
85.208.98.196 - - [28/Nov/2025:03:45:04 +0000] "GET /homes-market-report/Oviedo-Florida-s-Live-Oak-Reserve/2880251 HTTP/1.1" 301 873 "" "Mozilla/5.0 (iPhone; CPU iPhone OS 6_0 like Mac OS X) AppleWebKit/536.26 (KHTML, like Gecko) Version/6.0 Mobile/10A5376e Safari/8536.25 (compatible; SiteAuditBot/0.97; +http://www.semrush.com/bot.html)" www.jeanscotthomes.com MISS
85.208.98.196 - - [28/Nov/2025:03:45:09 +0000] "GET /homes-market-report/Central-Florida-Lakefront-Homes/2891002 HTTP/1.1" 301 871 "" "Mozilla/5.0 (iPhone; CPU iPhone OS 6_0 like Mac OS X) AppleWebKit/536.26 (KHTML, like Gecko) Version/6.0 Mobile/10A5376e Safari/8536.25 (compatible; SiteAuditBot/0.97; +http://www.semrush.com/bot.html)" www.jeanscotthomes.com MISS
40.77.167.144 - - [28/Nov/2025:03:45:13 +0000] "GET /category/market-news/orlando-florida-home-sales/ HTTP/1.1" 301 850 "" "Mozilla/5.0 AppleWebKit/537.36 (KHTML, like Gecko; compatible; bingbot/2.0; +http://www.bing.com/bingbot.htm) Chrome/116.0.1938.76 Safari/537.36" www.jeanscotthomes.com MISS
85.208.98.196 - - [28/Nov/2025:03:45:18 +0000] "GET /office-detail/Jean-Scott-Homes-at-KW-Advantage/17074 HTTP/1.1" 301 864 "" "Mozilla/5.0 (iPhone; CPU iPhone OS 6_0 like Mac OS X) AppleWebKit/536.26 (KHTML, like Gecko) Version/6.0 Mobile/10A5376e Safari/8536.25 (compatible; SiteAuditBot/0.97; +http://www.semrush.com/bot.html)" www.jeanscotthomes.com MISS
40.77.167.7 - - [28/Nov/2025:03:45:35 +0000] "GET /properties/332540-1048-PLACE-Kissimmee-FL-34744-Residential/ HTTP/1.1" 404 85719 "" "Mozilla/5.0 AppleWebKit/537.36 (KHTML, like Gecko; compatible; bingbot/2.0; +http://www.bing.com/bingbot.htm) Chrome/116.0.1938.76 Safari/537.36" www.jeanscotthomes.com PASS
185.191.171.14 - - [28/Nov/2025:03:45:46 +0000] "GET /properties/506817-710-AVENUE-Clermont-FL-34711-Residential/ HTTP/1.1" 404 85811 "" "Mozilla/5.0 (compatible; SemrushBot/7~bl; +http://www.semrush.com/bot.html)" www.jeanscotthomes.com PASS
136.143.178.51 - - [28/Nov/2025:03:45:54 +0000] "GET / HTTP/1.1" 200 31093 "" "Site24x7" www.jeanscotthomes.com HIT
52.167.144.179 - - [28/Nov/2025:03:46:41 +0000] "GET /homes-details/5832-HOLMES-DR-ORLANDO-FL-32808/L4956802/32/ HTTP/1.1" 200 84372 "" "Mozilla/5.0 AppleWebKit/537.36 (KHTML, like Gecko; compatible; bingbot/2.0; +http://www.bing.com/bingbot.htm) Chrome/116.0.1938.76 Safari/537.36" www.jeanscotthomes.com MISS
52.167.144.158 - - [28/Nov/2025:03:48:31 +0000] "GET /homes-details/1751-GLENCOE-ROAD-WINTER-PARK-FL-32789/O6339739/32/ HTTP/1.1" 200 15601 "" "Mozilla/5.0 AppleWebKit/537.36 (KHTML, like Gecko; compatible; bingbot/2.0; +http://www.bing.com/bingbot.htm) Chrome/116.0.1938.76 Safari/537.36" www.jeanscotthomes.com MISS
85.208.96.206 - - [28/Nov/2025:03:49:34 +0000] "GET /properties/497671-1369-Davenport-FL-33896-Residential/ HTTP/1.1" 404 85727 "" "Mozilla/5.0 (compatible; SemrushBot/7~bl; +http://www.semrush.com/bot.html)" www.jeanscotthomes.com PASS
52.173.235.83 - - [28/Nov/2025:03:49:52 +0000] "GET /real-estate-market-news/central-florida-home-sales/march-2025/ HTTP/1.1" 200 21503 "" "Mozilla/5.0 AppleWebKit/537.36 (KHTML, like Gecko); compatible; ChatGPT-User/1.0; +https://openai.com/bot" www.jeanscotthomes.com MISS
66.249.74.160 - - [28/Nov/2025:03:50:04 +0000] "GET /featured-listings/2633-sunbranch-dr-orlando-fl-32822/ HTTP/1.1" 200 152031 "" "Mozilla/5.0 (Linux; Android 6.0.1; Nexus 5X Build/MMB29P) AppleWebKit/537.36 (KHTML, like Gecko) Chrome/141.0.7390.122 Mobile Safari/537.36 (compatible; Googlebot/2.1; +http://www.google.com/bot.html)" www.jeanscotthomes.com MISS
52.167.144.158 - - [28/Nov/2025:03:50:24 +0000] "GET /central-florida/winter-springs/?wplpage=24 HTTP/1.1" 200 19463 "" "Mozilla/5.0 AppleWebKit/537.36 (KHTML, like Gecko; compatible; bingbot/2.0; +http://www.bing.com/bingbot.htm) Chrome/116.0.1938.76 Safari/537.36" www.jeanscotthomes.com MISS
52.167.144.158 - - [28/Nov/2025:03:50:45 +0000] "GET /properties/313890-678-LOOP-Ocala-FL-34480-Residential/ HTTP/1.1" 404 85735 "" "Mozilla/5.0 AppleWebKit/537.36 (KHTML, like Gecko; compatible; bingbot/2.0; +http://www.bing.com/bingbot.htm) Chrome/116.0.1938.76 Safari/537.36" www.jeanscotthomes.com PASS
136.143.179.50 - - [28/Nov/2025:03:50:55 +0000] "GET / HTTP/1.1" 200 31093 "" "Site24x7" www.jeanscotthomes.com HIT
66.249.74.169 - - [28/Nov/2025:03:53:25 +0000] "GET /real-estate-market-news/central-florida-home-sales/may-2024/page/115/ HTTP/1.1" 301 871 "" "Mozilla/5.0 (Linux; Android 6.0.1; Nexus 5X Build/MMB29P) AppleWebKit/537.36 (KHTML, like Gecko) Chrome/141.0.7390.122 Mobile Safari/537.36 (compatible; Googlebot/2.1; +http://www.google.com/bot.html)" www.jeanscotthomes.com MISS
52.167.144.158 - - [28/Nov/2025:03:54:06 +0000] "GET /properties/323361-19711-DRIVE-Odessa-FL-33556-Residential/ HTTP/1.1" 404 85720 "" "Mozilla/5.0 AppleWebKit/537.36 (KHTML, like Gecko; compatible; bingbot/2.0; +http://www.bing.com/bingbot.htm) Chrome/116.0.1938.76 Safari/537.36" www.jeanscotthomes.com PASS
52.167.144.158 - - [28/Nov/2025:03:54:25 +0000] "GET /nextgen-image/6401/2400x1600x72/1670d5e5f0d25beed27e5b757e83739c HTTP/1.1" 200 3518 "" "Mozilla/5.0 AppleWebKit/537.36 (KHTML, like Gecko; compatible; bingbot/2.0; +http://www.bing.com/bingbot.htm) Chrome/116.0.1938.76 Safari/537.36" www.jeanscotthomes.com MISS
52.167.144.179 - - [28/Nov/2025:03:54:32 +0000] "GET /homes-details/22531-5TH-ST-HOWEY-IN-THE-HILLS-FL-34737/G5104932/32/ HTTP/1.1" 200 84429 "" "Mozilla/5.0 AppleWebKit/537.36 (KHTML, like Gecko; compatible; bingbot/2.0; +http://www.bing.com/bingbot.htm) Chrome/116.0.1938.76 Safari/537.36" www.jeanscotthomes.com MISS
40.77.167.75 - - [28/Nov/2025:03:55:16 +0000] "GET /properties/497530-/ HTTP/1.1" 404 85749 "" "Mozilla/5.0 AppleWebKit/537.36 (KHTML, like Gecko; compatible; bingbot/2.0; +http://www.bing.com/bingbot.htm) Chrome/116.0.1938.76 Safari/537.36" www.jeanscotthomes.com PASS
216.244.66.241 - - [28/Nov/2025:03:55:30 +0000] "GET /robots.txt HTTP/1.1" 200 2601 "" "Mozilla/5.0 (compatible; DotBot/1.2; +https://opensiteexplorer.org/dotbot; help@moz.com)" www.jeanscotthomes.com HIT
136.143.179.50 - - [28/Nov/2025:03:56:02 +0000] "GET / HTTP/1.1" 200 31093 "" "Site24x7" www.jeanscotthomes.com HIT
52.167.144.158 - - [28/Nov/2025:03:57:54 +0000] "GET /homes-details/7861-PALMILLA-COURT-REUNION-FL-34747/S5137589/32/ HTTP/1.1" 200 84383 "" "Mozilla/5.0 AppleWebKit/537.36 (KHTML, like Gecko; compatible; bingbot/2.0; +http://www.bing.com/bingbot.htm) Chrome/116.0.1938.76 Safari/537.36" www.jeanscotthomes.com MISS
66.249.74.160 - - [28/Nov/2025:03:59:05 +0000] "GET /featured-listings/page/7/ HTTP/1.1" 200 24581 "" "Mozilla/5.0 (Linux; Android 6.0.1; Nexus 5X Build/MMB29P) AppleWebKit/537.36 (KHTML, like Gecko) Chrome/141.0.7390.122 Mobile Safari/537.36 (compatible; Googlebot/2.1; +http://www.google.com/bot.html)" www.jeanscotthomes.com MISS
66.249.74.169 - - [28/Nov/2025:03:59:44 +0000] "GET /wp-content/uploads/2023/12/2535-Westminster-Ter-Oviedo-FL-32765--scaled-1200x675.jpg HTTP/1.1" 404 85788 "" "Googlebot-Image/1.0" www.jeanscotthomes.com PASS
128.140.8.200 - - [28/Nov/2025:04:00:03 +0000] "GET /wp-cron.php?doing_wp_cron HTTP/1.1" 200 845 "" "Mozilla/4.0 (compatible; cron-job.org; http://cron-job.org/abuse/)" www.jeanscotthomes.com PASS
185.191.171.9 - - [28/Nov/2025:04:00:33 +0000] "GET /properties/977514-1210-Clermont-FL-34714-Residential/ HTTP/1.1" 404 85777 "" "Mozilla/5.0 (compatible; SemrushBot/7~bl; +http://www.semrush.com/bot.html)" www.jeanscotthomes.com PASS
66.249.74.160 - - [28/Nov/2025:04:00:44 +0000] "GET /homes-details/4039-N-CITRUS-CIR-UNIT-200-ZELLWOOD-FL-32798/O6352575/32/ HTTP/1.1" 200 84428 "" "Mozilla/5.0 (Linux; Android 6.0.1; Nexus 5X Build/MMB29P) AppleWebKit/537.36 (KHTML, like Gecko) Chrome/141.0.7390.122 Mobile Safari/537.36 (compatible; Googlebot/2.1; +http://www.google.com/bot.html)" www.jeanscotthomes.com MISS
136.143.178.51 - - [28/Nov/2025:04:01:03 +0000] "GET / HTTP/1.1" 200 31093 "" "Site24x7" www.jeanscotthomes.com HIT
66.249.74.160 - - [28/Nov/2025:04:01:15 +0000] "GET /real-estate-market-news/central-florida-home-sales/may-2024/page/144/ HTTP/1.1" 301 871 "" "Mozilla/5.0 (Linux; Android 6.0.1; Nexus 5X Build/MMB29P) AppleWebKit/537.36 (KHTML, like Gecko) Chrome/141.0.7390.122 Mobile Safari/537.36 (compatible; Googlebot/2.1; +http://www.google.com/bot.html)" www.jeanscotthomes.com MISS
216.244.66.241 - - [28/Nov/2025:04:01:23 +0000] "GET /central-florida/orlando/waterford-lakes/?wplpage=2 HTTP/1.1" 200 19962 "" "Mozilla/5.0 (compatible; DotBot/1.2; +https://opensiteexplorer.org/dotbot; help@moz.com)" www.jeanscotthomes.com MISS
66.249.74.169 - - [28/Nov/2025:04:01:30 +0000] "GET /real-estate-market-news/central-florida-home-sales/may-2024/page/101/ HTTP/1.1" 301 861 "" "Mozilla/5.0 (Linux; Android 6.0.1; Nexus 5X Build/MMB29P) AppleWebKit/537.36 (KHTML, like Gecko) Chrome/141.0.7390.122 Mobile Safari/537.36 (compatible; Googlebot/2.1; +http://www.google.com/bot.html)" www.jeanscotthomes.com MISS
66.249.74.161 - - [28/Nov/2025:04:02:18 +0000] "GET /real-estate-market-news/central-florida-home-sales/may-2024/page/5/ HTTP/1.1" 301 872 "" "Mozilla/5.0 (Linux; Android 6.0.1; Nexus 5X Build/MMB29P) AppleWebKit/537.36 (KHTML, like Gecko) Chrome/141.0.7390.122 Mobile Safari/537.36 (compatible; Googlebot/2.1; +http://www.google.com/bot.html)" www.jeanscotthomes.com MISS
66.249.74.169 - - [28/Nov/2025:04:04:26 +0000] "GET /wp-content/cache/min/1/wp-content/plugins/nextgen-gallery/static/Lightbox/simplelightbox/simple-lightbox.css?ver=1758714309 HTTP/1.1" 404 85834 "https://www.jeanscotthomes.com/featured-listings/474-overstreet-ave-longwood-fl-32750/" "Mozilla/5.0 AppleWebKit/537.36 (KHTML, like Gecko; compatible; GoogleOther) Chrome/141.0.7390.122 Safari/537.36" www.jeanscotthomes.com PASS
66.249.74.161 - - [28/Nov/2025:04:05:16 +0000] "GET /real-estate-market-news/central-florida-home-sales/april-2024/page/22/ HTTP/1.1" 301 859 "" "Mozilla/5.0 (Linux; Android 6.0.1; Nexus 5X Build/MMB29P) AppleWebKit/537.36 (KHTML, like Gecko) Chrome/141.0.7390.122 Mobile Safari/537.36 (compatible; Googlebot/2.1; +http://www.google.com/bot.html)" www.jeanscotthomes.com MISS
136.143.179.50 - - [28/Nov/2025:04:06:04 +0000] "GET / HTTP/1.1" 200 31093 "" "Site24x7" www.jeanscotthomes.com HIT
40.77.167.20 - - [28/Nov/2025:04:07:07 +0000] "GET /properties/301253-1365-INDIAN-ROCK-COURT-Deltona-Florida-32725-Residential/ HTTP/1.1" 404 85736 "" "Mozilla/5.0 AppleWebKit/537.36 (KHTML, like Gecko; compatible; bingbot/2.0; +http://www.bing.com/bingbot.htm) Chrome/116.0.1938.76 Safari/537.36" www.jeanscotthomes.com PASS
66.249.74.160 - - [28/Nov/2025:04:07:45 +0000] "GET /geo/central-florida/windermere/windermere-town/ HTTP/1.1" 200 17627 "" "Mozilla/5.0 (Linux; Android 6.0.1; Nexus 5X Build/MMB29P) AppleWebKit/537.36 (KHTML, like Gecko) Chrome/141.0.7390.122 Mobile Safari/537.36 (compatible; Googlebot/2.1; +http://www.google.com/bot.html)" www.jeanscotthomes.com MISS
40.77.167.75 - - [28/Nov/2025:04:08:24 +0000] "GET /homes-details/2606-PINYONPINE-LN-SANFORD-FL-32773/O6348633/32/ HTTP/1.1" 200 84390 "" "Mozilla/5.0 AppleWebKit/537.36 (KHTML, like Gecko; compatible; bingbot/2.0; +http://www.bing.com/bingbot.htm) Chrome/116.0.1938.76 Safari/537.36" www.jeanscotthomes.com MISS
40.77.167.20 - - [28/Nov/2025:04:08:44 +0000] "GET /geo/central-florida/windermere/windermere-town/ HTTP/1.1" 200 90834 "" "Mozilla/5.0 AppleWebKit/537.36 (KHTML, like Gecko; compatible; bingbot/2.0; +http://www.bing.com/bingbot.htm) Chrome/116.0.1938.76 Safari/537.36" www.jeanscotthomes.com MISS
66.249.74.160 - - [28/Nov/2025:04:09:29 +0000] "GET /featured-listings/2750-sweet-magnolia-pl-oviedo-fl-32765/ HTTP/1.1" 200 89813 "" "Mozilla/5.0 (Linux; Android 6.0.1; Nexus 5X Build/MMB29P) AppleWebKit/537.36 (KHTML, like Gecko) Chrome/141.0.7390.122 Mobile Safari/537.36 (compatible; Googlebot/2.1; +http://www.google.com/bot.html)" www.jeanscotthomes.com MISS
66.249.74.160 - - [28/Nov/2025:04:10:28 +0000] "GET /real-estate-market-news/central-florida-home-sales/may-2024/page/125/ HTTP/1.1" 301 871 "" "Mozilla/5.0 (Linux; Android 6.0.1; Nexus 5X Build/MMB29P) AppleWebKit/537.36 (KHTML, like Gecko) Chrome/141.0.7390.122 Mobile Safari/537.36 (compatible; Googlebot/2.1; +http://www.google.com/bot.html)" www.jeanscotthomes.com MISS
136.143.179.50 - - [28/Nov/2025:04:11:05 +0000] "GET / HTTP/1.1" 200 31093 "" "Site24x7" www.jeanscotthomes.com HIT
66.249.74.169 - - [28/Nov/2025:04:11:18 +0000] "GET /real-estate-market-news/central-florida-home-sales/may-2024/page/102/ HTTP/1.1" 301 859 "" "Mozilla/5.0 (Linux; Android 6.0.1; Nexus 5X Build/MMB29P) AppleWebKit/537.36 (KHTML, like Gecko) Chrome/141.0.7390.122 Mobile Safari/537.36 (compatible; Googlebot/2.1; +http://www.google.com/bot.html)" www.jeanscotthomes.com MISS
52.167.144.202 - - [28/Nov/2025:04:12:44 +0000] "GET /homes-details/834-N-HAMPTON-AVENUE-ORLANDO-FL-32803/O6355940/32/ HTTP/1.1" 200 84390 "" "Mozilla/5.0 AppleWebKit/537.36 (KHTML, like Gecko; compatible; bingbot/2.0; +http://www.bing.com/bingbot.htm) Chrome/116.0.1938.76 Safari/537.36" www.jeanscotthomes.com MISS
52.167.144.202 - - [28/Nov/2025:04:13:07 +0000] "GET /properties/features/pdf/?pid=308319 HTTP/1.1" 404 15943 "" "Mozilla/5.0 AppleWebKit/537.36 (KHTML, like Gecko; compatible; bingbot/2.0; +http://www.bing.com/bingbot.htm) Chrome/116.0.1938.76 Safari/537.36" www.jeanscotthomes.com PASS
66.249.74.160 - - [28/Nov/2025:04:14:46 +0000] "GET /our-featured-listings/oviedo-florida/3284-lordmall-ct-oviedo-fl-32765/ HTTP/1.1" 301 837 "" "Mozilla/5.0 (Linux; Android 6.0.1; Nexus 5X Build/MMB29P) AppleWebKit/537.36 (KHTML, like Gecko) Chrome/141.0.7390.122 Mobile Safari/537.36 (compatible; Googlebot/2.1; +http://www.google.com/bot.html)" www.jeanscotthomes.com MISS
128.140.8.200 - - [28/Nov/2025:04:15:02 +0000] "GET /wp-cron.php?doing_wp_cron HTTP/1.1" 200 845 "" "Mozilla/4.0 (compatible; cron-job.org; http://cron-job.org/abuse/)" www.jeanscotthomes.com PASS
52.167.144.202 - - [28/Nov/2025:04:15:14 +0000] "GET /homes-details/513-HAGER-DRIVE-OCOEE-FL-34761/O6361332/32/ HTTP/1.1" 200 84343 "" "Mozilla/5.0 AppleWebKit/537.36 (KHTML, like Gecko; compatible; bingbot/2.0; +http://www.bing.com/bingbot.htm) Chrome/116.0.1938.76 Safari/537.36" www.jeanscotthomes.com MISS
20.235.75.212 - - [28/Nov/2025:04:15:46 +0000] "GET /resources/homebuyers/nar-settlement-a-10-point-guide-for-home-buyers-and-sellers/ HTTP/1.1" 200 20549 "" "Mozilla/5.0 AppleWebKit/537.36 (KHTML, like Gecko); compatible; ChatGPT-User/1.0; +https://openai.com/bot" www.jeanscotthomes.com MISS
136.143.178.51 - - [28/Nov/2025:04:16:06 +0000] "GET / HTTP/1.1" 200 31093 "" "Site24x7" www.jeanscotthomes.com HIT
185.191.171.13 - - [28/Nov/2025:04:16:11 +0000] "GET /properties/508410-20357-PLACE-Venice-FL-34293-Residential/ HTTP/1.1" 404 86054 "" "Mozilla/5.0 (compatible; SemrushBot/7~bl; +http://www.semrush.com/bot.html)" www.jeanscotthomes.com PASS
66.249.74.162 - - [28/Nov/2025:04:19:01 +0000] "GET /real-estate-market-news/central-florida-home-sales/april-2024/page/8/ HTTP/1.1" 301 874 "" "Mozilla/5.0 (Linux; Android 6.0.1; Nexus 5X Build/MMB29P) AppleWebKit/537.36 (KHTML, like Gecko) Chrome/141.0.7390.122 Mobile Safari/537.36 (compatible; Googlebot/2.1; +http://www.google.com/bot.html)" www.jeanscotthomes.com MISS
20.169.73.176 - - [28/Nov/2025:04:19:23 +0000] "GET /resources/homebuyers/how-to-identify-and-build-on-wetlands-in-central-florida/ HTTP/1.1" 200 20224 "" "Mozilla/5.0 AppleWebKit/537.36 (KHTML, like Gecko); compatible; ChatGPT-User/1.0; +https://openai.com/bot" www.jeanscotthomes.com MISS
40.77.167.121 - - [28/Nov/2025:04:19:36 +0000] "GET /properties/279168-4119-NAVIGATOR-WAY-KISSIMMEE-Florida-34746-Residential/ HTTP/1.1" 404 85801 "" "Mozilla/5.0 AppleWebKit/537.36 (KHTML, like Gecko; compatible; bingbot/2.0; +http://www.bing.com/bingbot.htm) Chrome/116.0.1938.76 Safari/537.36" www.jeanscotthomes.com PASS
40.77.167.121 - - [28/Nov/2025:04:20:07 +0000] "GET /properties/517405-6409-DRIVE-Spring-Hill-FL-34606-Residential/ HTTP/1.1" 404 85817 "" "Mozilla/5.0 AppleWebKit/537.36 (KHTML, like Gecko; compatible; bingbot/2.0; +http://www.bing.com/bingbot.htm) Chrome/116.0.1938.76 Safari/537.36" www.jeanscotthomes.com PASS
52.167.144.237 - - [28/Nov/2025:04:20:56 +0000] "GET /properties/327750-/ HTTP/1.1" 404 85792 "" "Mozilla/5.0 AppleWebKit/537.36 (KHTML, like Gecko; compatible; bingbot/2.0; +http://www.bing.com/bingbot.htm) Chrome/116.0.1938.76 Safari/537.36" www.jeanscotthomes.com PASS
40.77.167.121 - - [28/Nov/2025:04:21:05 +0000] "GET /homes-details/2124-BABBLING-BROOK-BOULEVARD-AUBURNDALE-FL-33823/TB8451173/32/ HTTP/1.1" 200 84467 "" "Mozilla/5.0 AppleWebKit/537.36 (KHTML, like Gecko; compatible; bingbot/2.0; +http://www.bing.com/bingbot.htm) Chrome/116.0.1938.76 Safari/537.36" www.jeanscotthomes.com MISS
136.143.178.51 - - [28/Nov/2025:04:21:07 +0000] "GET / HTTP/1.1" 200 31093 "" "Site24x7" www.jeanscotthomes.com HIT
66.249.74.160 - - [28/Nov/2025:04:21:14 +0000] "GET /real-estate-market-news/central-florida-home-sales/april-2024/page/70/ HTTP/1.1" 301 860 "" "Mozilla/5.0 (Linux; Android 6.0.1; Nexus 5X Build/MMB29P) AppleWebKit/537.36 (KHTML, like Gecko) Chrome/141.0.7390.122 Mobile Safari/537.36 (compatible; Googlebot/2.1; +http://www.google.com/bot.html)" www.jeanscotthomes.com MISS
66.249.74.160 - - [28/Nov/2025:04:23:05 +0000] "GET /real-estate-market-news/central-florida-home-sales/april-2024/page/132/ HTTP/1.1" 301 864 "" "Mozilla/5.0 (Linux; Android 6.0.1; Nexus 5X Build/MMB29P) AppleWebKit/537.36 (KHTML, like Gecko) Chrome/141.0.7390.122 Mobile Safari/537.36 (compatible; Googlebot/2.1; +http://www.google.com/bot.html)" www.jeanscotthomes.com MISS
40.77.167.121 - - [28/Nov/2025:04:24:17 +0000] "GET /homes-details/3203-ARDSLEY-DRIVE-ORLANDO-FL-32804/O6345525/32/ HTTP/1.1" 200 84378 "" "Mozilla/5.0 AppleWebKit/537.36 (KHTML, like Gecko; compatible; bingbot/2.0; +http://www.bing.com/bingbot.htm) Chrome/116.0.1938.76 Safari/537.36" www.jeanscotthomes.com MISS
66.249.74.161 - - [28/Nov/2025:04:24:20 +0000] "GET /homes-details/438-SAN-PEDRO-DRIVE-LADY-LAKE-FL-32159/S5139321/32/ HTTP/1.1" 200 84386 "" "Mozilla/5.0 (Linux; Android 6.0.1; Nexus 5X Build/MMB29P) AppleWebKit/537.36 (KHTML, like Gecko) Chrome/141.0.7390.122 Mobile Safari/537.36 (compatible; Googlebot/2.1; +http://www.google.com/bot.html)" www.jeanscotthomes.com MISS
66.249.74.162 - - [28/Nov/2025:04:24:22 +0000] "GET /homes-details/14019-WILLOW-GRACE-WAY-ORLANDO-FL-32824/O6332883/32/ HTTP/1.1" 200 84390 "" "Mozilla/5.0 (Linux; Android 6.0.1; Nexus 5X Build/MMB29P) AppleWebKit/537.36 (KHTML, like Gecko) Chrome/141.0.7390.122 Mobile Safari/537.36 (compatible; Googlebot/2.1; +http://www.google.com/bot.html)" www.jeanscotthomes.com MISS
52.167.144.157 - - [28/Nov/2025:04:24:55 +0000] "GET /homes-details/14019-WILLOW-GRACE-WAY-ORLANDO-FL-32824/O6332883/32/ HTTP/1.1" 200 84401 "" "Mozilla/5.0 AppleWebKit/537.36 (KHTML, like Gecko; compatible; bingbot/2.0; +http://www.bing.com/bingbot.htm) Chrome/116.0.1938.76 Safari/537.36" www.jeanscotthomes.com MISS
66.249.74.160 - - [28/Nov/2025:04:25:01 +0000] "GET /real-estate-market-news/central-florida-home-sales/may-2024/page/30/ HTTP/1.1" 301 871 "" "Mozilla/5.0 (Linux; Android 6.0.1; Nexus 5X Build/MMB29P) AppleWebKit/537.36 (KHTML, like Gecko) Chrome/141.0.7390.122 Mobile Safari/537.36 (compatible; Googlebot/2.1; +http://www.google.com/bot.html)" www.jeanscotthomes.com MISS
52.167.144.157 - - [28/Nov/2025:04:25:55 +0000] "GET /homes-details/438-SAN-PEDRO-DRIVE-LADY-LAKE-FL-32159/S5139321/32/ HTTP/1.1" 200 84385 "" "Mozilla/5.0 AppleWebKit/537.36 (KHTML, like Gecko; compatible; bingbot/2.0; +http://www.bing.com/bingbot.htm) Chrome/116.0.1938.76 Safari/537.36" www.jeanscotthomes.com MISS
52.167.144.237 - - [28/Nov/2025:04:26:07 +0000] "GET /homes-details/836-WOOD-BRIAR-LOOP-SANFORD-FL-32771/FC312600/32/ HTTP/1.1" 200 84383 "" "Mozilla/5.0 AppleWebKit/537.36 (KHTML, like Gecko; compatible; bingbot/2.0; +http://www.bing.com/bingbot.htm) Chrome/116.0.1938.76 Safari/537.36" www.jeanscotthomes.com MISS
136.143.178.50 - - [28/Nov/2025:04:26:08 +0000] "GET / HTTP/1.1" 200 31093 "" "Site24x7" www.jeanscotthomes.com HIT
66.249.74.162 - - [28/Nov/2025:04:26:10 +0000] "GET /real-estate-market-news/central-florida-home-sales/april-2024/page/114/ HTTP/1.1" 301 861 "" "Mozilla/5.0 (Linux; Android 6.0.1; Nexus 5X Build/MMB29P) AppleWebKit/537.36 (KHTML, like Gecko) Chrome/141.0.7390.122 Mobile Safari/537.36 (compatible; Googlebot/2.1; +http://www.google.com/bot.html)" www.jeanscotthomes.com MISS
66.249.74.169 - - [28/Nov/2025:04:28:25 +0000] "GET /real-estate-market-news/central-florida-home-sales/may-2024/page/100/ HTTP/1.1" 301 860 "" "Mozilla/5.0 (Linux; Android 6.0.1; Nexus 5X Build/MMB29P) AppleWebKit/537.36 (KHTML, like Gecko) Chrome/141.0.7390.122 Mobile Safari/537.36 (compatible; Googlebot/2.1; +http://www.google.com/bot.html)" www.jeanscotthomes.com MISS
66.249.74.169 - - [28/Nov/2025:04:29:10 +0000] "GET /real-estate-market-news/central-florida-home-sales/may-2024/page/42/ HTTP/1.1" 301 871 "" "Mozilla/5.0 (Linux; Android 6.0.1; Nexus 5X Build/MMB29P) AppleWebKit/537.36 (KHTML, like Gecko) Chrome/141.0.7390.122 Mobile Safari/537.36 (compatible; Googlebot/2.1; +http://www.google.com/bot.html)" www.jeanscotthomes.com MISS
66.249.74.160 - - [28/Nov/2025:04:29:13 +0000] "GET /real-estate-market-news/central-florida-home-sales/july-2024/page/27/ HTTP/1.1" 301 872 "" "Mozilla/5.0 (Linux; Android 6.0.1; Nexus 5X Build/MMB29P) AppleWebKit/537.36 (KHTML, like Gecko) Chrome/141.0.7390.122 Mobile Safari/537.36 (compatible; Googlebot/2.1; +http://www.google.com/bot.html)" www.jeanscotthomes.com MISS
128.140.8.200 - - [28/Nov/2025:04:30:03 +0000] "GET /wp-cron.php?doing_wp_cron HTTP/1.1" 200 845 "" "Mozilla/4.0 (compatible; cron-job.org; http://cron-job.org/abuse/)" www.jeanscotthomes.com PASS
66.249.74.169 - - [28/Nov/2025:04:30:18 +0000] "GET /real-estate-market-news/central-florida-home-sales/april-2024/page/108/ HTTP/1.1" 301 873 "" "Mozilla/5.0 (Linux; Android 6.0.1; Nexus 5X Build/MMB29P) AppleWebKit/537.36 (KHTML, like Gecko) Chrome/141.0.7390.122 Mobile Safari/537.36 (compatible; Googlebot/2.1; +http://www.google.com/bot.html)" www.jeanscotthomes.com MISS
52.167.144.159 - - [28/Nov/2025:04:30:39 +0000] "GET /nextgen-image/6747/2400x1600x85/d3be1bb19e1b8e829de558a969621c90 HTTP/1.1" 200 3518 "" "Mozilla/5.0 AppleWebKit/537.36 (KHTML, like Gecko; compatible; bingbot/2.0; +http://www.bing.com/bingbot.htm) Chrome/116.0.1938.76 Safari/537.36" www.jeanscotthomes.com MISS
