128.140.8.200 - - [28/Nov/2025:00:00:06 +0000] "GET /wp-cron.php?doing_wp_cron HTTP/1.1" 200 845 "" "Mozilla/4.0 (compatible; cron-job.org; http://cron-job.org/abuse/)" www.jeanscotthomes.com PASS
136.143.178.51 - - [28/Nov/2025:00:00:08 +0000] "GET / HTTP/1.1" 200 31097 "" "Site24x7" www.jeanscotthomes.com HIT
52.167.144.238 - - [28/Nov/2025:00:00:40 +0000] "GET /homes-details/3544-DOMINO-COURT-ORLANDO-FL-32805/O6363237/32/ HTTP/1.1" 200 84372 "" "Mozilla/5.0 AppleWebKit/537.36 (KHTML, like Gecko; compatible; bingbot/2.0; +http://www.bing.com/bingbot.htm) Chrome/116.0.1938.76 Safari/537.36" www.jeanscotthomes.com MISS
40.77.167.19 - - [28/Nov/2025:00:00:49 +0000] "GET /homes-details/5605-ILLUMINATION-LANE-LEESBURG-FL-34748/G5103866/32/ HTTP/1.1" 200 15606 "" "Mozilla/5.0 AppleWebKit/537.36 (KHTML, like Gecko; compatible; bingbot/2.0; +http://www.bing.com/bingbot.htm) Chrome/116.0.1938.76 Safari/537.36" www.jeanscotthomes.com MISS
52.167.144.238 - - [28/Nov/2025:00:02:30 +0000] "GET /homes-details/683-CAMPO-LANE-DAVENPORT-FL-33837/S5138115/32/ HTTP/1.1" 200 15592 "" "Mozilla/5.0 AppleWebKit/537.36 (KHTML, like Gecko; compatible; bingbot/2.0; +http://www.bing.com/bingbot.htm) Chrome/116.0.1938.76 Safari/537.36" www.jeanscotthomes.com MISS
66.249.74.160 - - [28/Nov/2025:00:03:48 +0000] "GET /geo/central-florida/oviedo/page/9/ HTTP/1.1" 200 121846 "" "Mozilla/5.0 (Linux; Android 6.0.1; Nexus 5X Build/MMB29P) AppleWebKit/537.36 (KHTML, like Gecko) Chrome/141.0.7390.122 Mobile Safari/537.36 (compatible; Googlebot/2.1; +http://www.google.com/bot.html)" www.jeanscotthomes.com MISS
136.143.178.50 - - [28/Nov/2025:00:05:09 +0000] "GET / HTTP/1.1" 200 31097 "" "Site24x7" www.jeanscotthomes.com HIT
40.77.167.19 - - [28/Nov/2025:00:05:42 +0000] "GET /properties/631877-4318-TRACE-Kissimmee-FL-34746-Residential/ HTTP/1.1" 404 85733 "" "Mozilla/5.0 AppleWebKit/537.36 (KHTML, like Gecko; compatible; bingbot/2.0; +http://www.bing.com/bingbot.htm) Chrome/116.0.1938.76 Safari/537.36" www.jeanscotthomes.com PASS
66.249.74.160 - - [28/Nov/2025:00:06:51 +0000] "GET /homes-details/5856-HEAVEN-ROAD-HAINES-CITY-FL-33844/TB8451883/32/ HTTP/1.1" 200 84398 "" "Mozilla/5.0 (Linux; Android 6.0.1; Nexus 5X Build/MMB29P) AppleWebKit/537.36 (KHTML, like Gecko) Chrome/141.0.7390.122 Mobile Safari/537.36 (compatible; Googlebot/2.1; +http://www.google.com/bot.html)" www.jeanscotthomes.com MISS
66.249.74.161 - - [28/Nov/2025:00:06:55 +0000] "GET /homes-details/2346-QUEENSWOOD-CIRCLE-KISSIMMEE-FL-34743/O6362794/32/ HTTP/1.1" 200 84405 "" "Mozilla/5.0 (Linux; Android 6.0.1; Nexus 5X Build/MMB29P) AppleWebKit/537.36 (KHTML, like Gecko) Chrome/141.0.7390.122 Mobile Safari/537.36 (compatible; Googlebot/2.1; +http://www.google.com/bot.html)" www.jeanscotthomes.com MISS
66.249.74.161 - - [28/Nov/2025:00:06:56 +0000] "GET /featured-listings/3667-caladesi-rd-clermont-fl-34711-2/ HTTP/1.1" 200 155666 "" "Mozilla/5.0 (Linux; Android 6.0.1; Nexus 5X Build/MMB29P) AppleWebKit/537.36 (KHTML, like Gecko) Chrome/141.0.7390.122 Mobile Safari/537.36 (compatible; Googlebot/2.1; +http://www.google.com/bot.html)" www.jeanscotthomes.com MISS
40.77.167.152 - - [28/Nov/2025:00:08:00 +0000] "GET /homes-details/2346-QUEENSWOOD-CIRCLE-KISSIMMEE-FL-34743/O6362794/32/ HTTP/1.1" 200 84418 "" "Mozilla/5.0 AppleWebKit/537.36 (KHTML, like Gecko; compatible; bingbot/2.0; +http://www.bing.com/bingbot.htm) Chrome/116.0.1938.76 Safari/537.36" www.jeanscotthomes.com MISS
66.249.74.161 - - [28/Nov/2025:00:08:58 +0000] "GET /homes-details/131-CALM-WATER-COVE-LAKE-MARY-FL-32746/O6360577/32/ HTTP/1.1" 200 84385 "" "Mozilla/5.0 (Linux; Android 6.0.1; Nexus 5X Build/MMB29P) AppleWebKit/537.36 (KHTML, like Gecko) Chrome/141.0.7390.122 Mobile Safari/537.36 (compatible; Googlebot/2.1; +http://www.google.com/bot.html)" www.jeanscotthomes.com MISS
66.249.74.160 - - [28/Nov/2025:00:08:59 +0000] "GET /homes-details/2167-MOHAWK-TRAIL-MAITLAND-FL-32751/O6357458/32/ HTTP/1.1" 200 15584 "" "Mozilla/5.0 (Linux; Android 6.0.1; Nexus 5X Build/MMB29P) AppleWebKit/537.36 (KHTML, like Gecko) Chrome/141.0.7390.122 Mobile Safari/537.36 (compatible; Googlebot/2.1; +http://www.google.com/bot.html)" www.jeanscotthomes.com MISS
136.143.178.51 - - [28/Nov/2025:00:10:10 +0000] "GET / HTTP/1.1" 200 31097 "" "Site24x7" www.jeanscotthomes.com HIT
66.249.74.162 - - [28/Nov/2025:00:11:01 +0000] "GET /homes-details/2539-CAITHNESS-WAY-CLERMONT-FL-34714/G5104868/32/ HTTP/1.1" 200 84385 "" "Mozilla/5.0 (Linux; Android 6.0.1; Nexus 5X Build/MMB29P) AppleWebKit/537.36 (KHTML, like Gecko) Chrome/141.0.7390.122 Mobile Safari/537.36 (compatible; Googlebot/2.1; +http://www.google.com/bot.html)" www.jeanscotthomes.com MISS
66.249.74.161 - - [28/Nov/2025:00:14:02 +0000] "GET /homes-details/3823-BEACON-RIDGE-WAY-CLERMONT-FL-34711/O6363540/32/ HTTP/1.1" 200 84403 "" "Mozilla/5.0 (Linux; Android 6.0.1; Nexus 5X Build/MMB29P) AppleWebKit/537.36 (KHTML, like Gecko) Chrome/141.0.7390.122 Mobile Safari/537.36 (compatible; Googlebot/2.1; +http://www.google.com/bot.html)" www.jeanscotthomes.com MISS
52.167.144.183 - - [28/Nov/2025:00:14:04 +0000] "GET /featured-listings/page/25/?e-page-6cf9f55=10 HTTP/1.1" 200 22653 "" "Mozilla/5.0 AppleWebKit/537.36 (KHTML, like Gecko; compatible; bingbot/2.0; +http://www.bing.com/bingbot.htm) Chrome/116.0.1938.76 Safari/537.36" www.jeanscotthomes.com MISS
185.191.171.16 - - [28/Nov/2025:00:14:06 +0000] "GET /properties/503280-16829-LANE-Spring-Hill-FL-34610-Residential/ HTTP/1.1" 404 85747 "" "Mozilla/5.0 (compatible; SemrushBot/7~bl; +http://www.semrush.com/bot.html)" www.jeanscotthomes.com PASS
52.167.144.183 - - [28/Nov/2025:00:14:50 +0000] "GET /homes-details/10454-SPRING-LAKE-DRIVE-CLERMONT-FL-34711/G5103580/32/ HTTP/1.1" 200 15609 "" "Mozilla/5.0 AppleWebKit/537.36 (KHTML, like Gecko; compatible; bingbot/2.0; +http://www.bing.com/bingbot.htm) Chrome/116.0.1938.76 Safari/537.36" www.jeanscotthomes.com MISS
128.140.8.200 - - [28/Nov/2025:00:15:02 +0000] "GET /wp-cron.php?doing_wp_cron HTTP/1.1" 200 845 "" "Mozilla/4.0 (compatible; cron-job.org; http://cron-job.org/abuse/)" www.jeanscotthomes.com PASS
136.143.179.51 - - [28/Nov/2025:00:15:11 +0000] "GET / HTTP/1.1" 200 31097 "" "Site24x7" www.jeanscotthomes.com HIT
40.77.167.152 - - [28/Nov/2025:00:15:21 +0000] "GET /homes-details/3823-BEACON-RIDGE-WAY-CLERMONT-FL-34711/O6363540/32/ HTTP/1.1" 200 84403 "" "Mozilla/5.0 AppleWebKit/537.36 (KHTML, like Gecko; compatible; bingbot/2.0; +http://www.bing.com/bingbot.htm) Chrome/116.0.1938.76 Safari/537.36" www.jeanscotthomes.com MISS
66.249.74.161 - - [28/Nov/2025:00:16:04 +0000] "GET /featured-listings/9839-dean-cove-ln-orlando-fl-32825/ HTTP/1.1" 200 17161 "" "Mozilla/5.0 (Linux; Android 6.0.1; Nexus 5X Build/MMB29P) AppleWebKit/537.36 (KHTML, like Gecko) Chrome/141.0.7390.122 Mobile Safari/537.36 (compatible; Googlebot/2.1; +http://www.google.com/bot.html)" www.jeanscotthomes.com MISS
66.249.74.160 - - [28/Nov/2025:00:18:06 +0000] "GET /homes-details/402-CRUISERS-DRIVE-POLK-CITY-FL-33868/L4956231/32/ HTTP/1.1" 200 15599 "" "Mozilla/5.0 (Linux; Android 6.0.1; Nexus 5X Build/MMB29P) AppleWebKit/537.36 (KHTML, like Gecko) Chrome/141.0.7390.122 Mobile Safari/537.36 (compatible; Googlebot/2.1; +http://www.google.com/bot.html)" www.jeanscotthomes.com MISS
66.249.74.169 - - [28/Nov/2025:00:18:08 +0000] "GET /homes-details/1024-W-HARVARD-STREET-ORLANDO-FL-32804/O6358583/32/ HTTP/1.1" 200 84396 "" "Mozilla/5.0 (Linux; Android 6.0.1; Nexus 5X Build/MMB29P) AppleWebKit/537.36 (KHTML, like Gecko) Chrome/141.0.7390.122 Mobile Safari/537.36 (compatible; Googlebot/2.1; +http://www.google.com/bot.html)" www.jeanscotthomes.com MISS
66.249.74.160 - - [28/Nov/2025:00:18:12 +0000] "GET /homes-details/26650-PELICAN-STREET-EUSTIS-FL-32736/G5104894/32/ HTTP/1.1" 200 84382 "" "Mozilla/5.0 (Linux; Android 6.0.1; Nexus 5X Build/MMB29P) AppleWebKit/537.36 (KHTML, like Gecko) Chrome/141.0.7390.122 Mobile Safari/537.36 (compatible; Googlebot/2.1; +http://www.google.com/bot.html)" www.jeanscotthomes.com MISS
66.249.74.160 - - [28/Nov/2025:00:18:15 +0000] "GET /homes-details/1456-BELLE-TERRE-ROAD-DAVENPORT-FL-33896/O6359398/32/ HTTP/1.1" 200 84399 "" "Mozilla/5.0 (Linux; Android 6.0.1; Nexus 5X Build/MMB29P) AppleWebKit/537.36 (KHTML, like Gecko) Chrome/141.0.7390.122 Mobile Safari/537.36 (compatible; Googlebot/2.1; +http://www.google.com/bot.html)" www.jeanscotthomes.com MISS
52.167.144.156 - - [28/Nov/2025:00:18:51 +0000] "GET /homes-details/150-PEPPERTREE-DRIVE-ORLANDO-FL-32825/O6361661/32/ HTTP/1.1" 200 84389 "" "Mozilla/5.0 AppleWebKit/537.36 (KHTML, like Gecko; compatible; bingbot/2.0; +http://www.bing.com/bingbot.htm) Chrome/116.0.1938.76 Safari/537.36" www.jeanscotthomes.com MISS
52.167.144.156 - - [28/Nov/2025:00:18:53 +0000] "GET /homes-details/908-SPRING-ISLAND-WAY-ORLANDO-FL-32828/O6362681/32/ HTTP/1.1" 200 84395 "" "Mozilla/5.0 AppleWebKit/537.36 (KHTML, like Gecko; compatible; bingbot/2.0; +http://www.bing.com/bingbot.htm) Chrome/116.0.1938.76 Safari/537.36" www.jeanscotthomes.com MISS
52.167.144.216 - - [28/Nov/2025:00:19:51 +0000] "GET /homes-details/26650-PELICAN-STREET-EUSTIS-FL-32736/G5104894/32/ HTTP/1.1" 200 84382 "" "Mozilla/5.0 AppleWebKit/537.36 (KHTML, like Gecko; compatible; bingbot/2.0; +http://www.bing.com/bingbot.htm) Chrome/116.0.1938.76 Safari/537.36" www.jeanscotthomes.com MISS
136.143.178.50 - - [28/Nov/2025:00:20:12 +0000] "GET / HTTP/1.1" 200 31097 "" "Site24x7" www.jeanscotthomes.com HIT
85.208.96.205 - - [28/Nov/2025:00:20:12 +0000] "GET /properties/468040-17074-ROAD-Punta-Gorda-FL-33955-Residential/ HTTP/1.1" 404 85771 "" "Mozilla/5.0 (compatible; SemrushBot/7~bl; +http://www.semrush.com/bot.html)" www.jeanscotthomes.com PASS
66.249.74.161 - - [28/Nov/2025:00:21:16 +0000] "GET /homes-details/4855-LILLIAN-BLACK-ROAD-ST-CLOUD-FL-34771/O6363344/32/ HTTP/1.1" 200 84416 "" "Mozilla/5.0 (Linux; Android 6.0.1; Nexus 5X Build/MMB29P) AppleWebKit/537.36 (KHTML, like Gecko) Chrome/141.0.7390.122 Mobile Safari/537.36 (compatible; Googlebot/2.1; +http://www.google.com/bot.html)" www.jeanscotthomes.com MISS
52.167.144.216 - - [28/Nov/2025:00:22:32 +0000] "GET /homes-details/4855-LILLIAN-BLACK-ROAD-ST-CLOUD-FL-34771/O6363344/32/ HTTP/1.1" 200 84416 "" "Mozilla/5.0 AppleWebKit/537.36 (KHTML, like Gecko; compatible; bingbot/2.0; +http://www.bing.com/bingbot.htm) Chrome/116.0.1938.76 Safari/537.36" www.jeanscotthomes.com MISS
52.167.144.216 - - [28/Nov/2025:00:23:02 +0000] "GET /homes-details/2426-SLIPPERY-ROCK-STREET-AUBURNDALE-FL-33823/TB8451158/32/ HTTP/1.1" 200 84444 "" "Mozilla/5.0 AppleWebKit/537.36 (KHTML, like Gecko; compatible; bingbot/2.0; +http://www.bing.com/bingbot.htm) Chrome/116.0.1938.76 Safari/537.36" www.jeanscotthomes.com MISS
52.167.144.156 - - [28/Nov/2025:00:23:11 +0000] "GET /homes-details/4546-NARRATIVE-LANE-KISSIMMEE-FL-34746/O6358713/32/ HTTP/1.1" 200 84399 "" "Mozilla/5.0 AppleWebKit/537.36 (KHTML, like Gecko; compatible; bingbot/2.0; +http://www.bing.com/bingbot.htm) Chrome/116.0.1938.76 Safari/537.36" www.jeanscotthomes.com MISS
52.167.144.216 - - [28/Nov/2025:00:23:16 +0000] "GET /homes-details/1469-GRACE-LAKE-CIR-LONGWOOD-FL-32750/O6355680/32/ HTTP/1.1" 200 84409 "" "Mozilla/5.0 AppleWebKit/537.36 (KHTML, like Gecko; compatible; bingbot/2.0; +http://www.bing.com/bingbot.htm) Chrome/116.0.1938.76 Safari/537.36" www.jeanscotthomes.com MISS
66.249.74.160 - - [28/Nov/2025:00:23:20 +0000] "GET /homes-details/3670-HARDMAN-DRIVE-LAKE-WALES-FL-33859/O6363220/32/ HTTP/1.1" 200 84401 "" "Mozilla/5.0 (Linux; Android 6.0.1; Nexus 5X Build/MMB29P) AppleWebKit/537.36 (KHTML, like Gecko) Chrome/141.0.7390.122 Mobile Safari/537.36 (compatible; Googlebot/2.1; +http://www.google.com/bot.html)" www.jeanscotthomes.com MISS
66.249.74.160 - - [28/Nov/2025:00:23:21 +0000] "GET /team/rachel-gregory HTTP/1.1" 301 862 "" "Mozilla/5.0 (Linux; Android 6.0.1; Nexus 5X Build/MMB29P) AppleWebKit/537.36 (KHTML, like Gecko) Chrome/141.0.7390.122 Mobile Safari/537.36 (compatible; Googlebot/2.1; +http://www.google.com/bot.html)" www.jeanscotthomes.com MISS
52.167.144.156 - - [28/Nov/2025:00:24:02 +0000] "GET /properties/333285-824-STREET-Englewood-FL-34223-Residential/ HTTP/1.1" 404 85769 "" "Mozilla/5.0 AppleWebKit/537.36 (KHTML, like Gecko; compatible; bingbot/2.0; +http://www.bing.com/bingbot.htm) Chrome/116.0.1938.76 Safari/537.36" www.jeanscotthomes.com PASS
136.143.178.51 - - [28/Nov/2025:00:25:13 +0000] "GET / HTTP/1.1" 200 31097 "" "Site24x7" www.jeanscotthomes.com HIT
66.249.74.162 - - [28/Nov/2025:00:25:22 +0000] "GET /homes-details/6405-DOMIZIO-DRIVE-WINTER-HAVEN-FL-33884/O6363245/32/ HTTP/1.1" 200 84417 "" "Mozilla/5.0 (Linux; Android 6.0.1; Nexus 5X Build/MMB29P) AppleWebKit/537.36 (KHTML, like Gecko) Chrome/141.0.7390.122 Mobile Safari/537.36 (compatible; Googlebot/2.1; +http://www.google.com/bot.html)" www.jeanscotthomes.com MISS
40.77.167.37 - - [28/Nov/2025:00:26:52 +0000] "GET /homes-details/6405-DOMIZIO-DRIVE-WINTER-HAVEN-FL-33884/O6363245/32/ HTTP/1.1" 200 84418 "" "Mozilla/5.0 AppleWebKit/537.36 (KHTML, like Gecko; compatible; bingbot/2.0; +http://www.bing.com/bingbot.htm) Chrome/116.0.1938.76 Safari/537.36" www.jeanscotthomes.com MISS
66.249.74.162 - - [28/Nov/2025:00:28:25 +0000] "GET /geo/central-florida/oviedo/page/3/ HTTP/1.1" 200 116427 "" "Mozilla/5.0 (Linux; Android 6.0.1; Nexus 5X Build/MMB29P) AppleWebKit/537.36 (KHTML, like Gecko) Chrome/141.0.7390.122 Mobile Safari/537.36 (compatible; Googlebot/2.1; +http://www.google.com/bot.html)" www.jeanscotthomes.com MISS
52.167.144.216 - - [28/Nov/2025:00:28:52 +0000] "GET /homes-details/813-HOUSE-BOULEVARD-HAINES-CITY-FL-33844/O6362586/32/ HTTP/1.1" 200 84415 "" "Mozilla/5.0 AppleWebKit/537.36 (KHTML, like Gecko; compatible; bingbot/2.0; +http://www.bing.com/bingbot.htm) Chrome/116.0.1938.76 Safari/537.36" www.jeanscotthomes.com MISS
52.167.144.162 - - [28/Nov/2025:00:30:02 +0000] "GET /homes-details/2328-LAUREL-BLOSSOM-CIRCLE-OCOEE-FL-34761/O6362935/32/ HTTP/1.1" 200 15607 "" "Mozilla/5.0 AppleWebKit/537.36 (KHTML, like Gecko; compatible; bingbot/2.0; +http://www.bing.com/bingbot.htm) Chrome/116.0.1938.76 Safari/537.36" www.jeanscotthomes.com MISS
128.140.8.200 - - [28/Nov/2025:00:30:04 +0000] "GET /wp-cron.php?doing_wp_cron HTTP/1.1" 200 845 "" "Mozilla/4.0 (compatible; cron-job.org; http://cron-job.org/abuse/)" www.jeanscotthomes.com PASS
136.143.179.50 - - [28/Nov/2025:00:30:14 +0000] "GET / HTTP/1.1" 200 31097 "" "Site24x7" www.jeanscotthomes.com HIT
66.249.74.161 - - [28/Nov/2025:00:30:36 +0000] "GET /homes-details/31-CHIP-COURT-KISSIMMEE-FL-34759/O6360275/32/ HTTP/1.1" 200 84350 "" "Mozilla/5.0 (Linux; Android 6.0.1; Nexus 5X Build/MMB29P) AppleWebKit/537.36 (KHTML, like Gecko) Chrome/141.0.7390.122 Mobile Safari/537.36 (compatible; Googlebot/2.1; +http://www.google.com/bot.html)" www.jeanscotthomes.com MISS
52.167.144.216 - - [28/Nov/2025:00:31:42 +0000] "GET /homes-details/31-CHIP-COURT-KISSIMMEE-FL-34759/O6360275/32/ HTTP/1.1" 200 84364 "" "Mozilla/5.0 AppleWebKit/537.36 (KHTML, like Gecko; compatible; bingbot/2.0; +http://www.bing.com/bingbot.htm) Chrome/116.0.1938.76 Safari/537.36" www.jeanscotthomes.com MISS
66.249.74.160 - - [28/Nov/2025:00:32:37 +0000] "GET /homes-details/807-HART-LAKE-STREET-WINTER-HAVEN-FL-33884/P4936688/32/ HTTP/1.1" 200 84430 "" "Mozilla/5.0 (Linux; Android 6.0.1; Nexus 5X Build/MMB29P) AppleWebKit/537.36 (KHTML, like Gecko) Chrome/141.0.7390.122 Mobile Safari/537.36 (compatible; Googlebot/2.1; +http://www.google.com/bot.html)" www.jeanscotthomes.com MISS
40.77.167.61 - - [28/Nov/2025:00:33:14 +0000] "GET /properties/331355-/ HTTP/1.1" 404 85720 "" "Mozilla/5.0 AppleWebKit/537.36 (KHTML, like Gecko; compatible; bingbot/2.0; +http://www.bing.com/bingbot.htm) Chrome/116.0.1938.76 Safari/537.36" www.jeanscotthomes.com PASS
74.125.217.160 - - [28/Nov/2025:00:33:26 +0000] "GET /central-florida/chuluota/ HTTP/1.1" 200 21332 "" "Mozilla/5.0 (Linux; Android 6.0.1; Nexus 5X Build/MMB29P) AppleWebKit/537.36 (KHTML, like Gecko) Chrome/141.0.7390.122 Mobile Safari/537.36 (compatible; AdsBot-Google-Mobile; +http://www.google.com/mobile/adsbot.html)" www.jeanscotthomes.com MISS
66.249.74.169 - - [28/Nov/2025:00:33:39 +0000] "GET /homes-details/899-LORMANN-CIRCLE-LONGWOOD-FL-32750/O6363287/32/ HTTP/1.1" 200 84386 "" "Mozilla/5.0 (Linux; Android 6.0.1; Nexus 5X Build/MMB29P) AppleWebKit/537.36 (KHTML, like Gecko) Chrome/141.0.7390.122 Mobile Safari/537.36 (compatible; Googlebot/2.1; +http://www.google.com/bot.html)" www.jeanscotthomes.com MISS
40.77.167.61 - - [28/Nov/2025:00:34:16 +0000] "GET /properties/320011-3590-CIRCLE-Palm-Harbor-FL-34684-Residential/ HTTP/1.1" 404 85832 "" "Mozilla/5.0 AppleWebKit/537.36 (KHTML, like Gecko; compatible; bingbot/2.0; +http://www.bing.com/bingbot.htm) Chrome/116.0.1938.76 Safari/537.36" www.jeanscotthomes.com PASS
66.249.74.169 - - [28/Nov/2025:00:34:40 +0000] "GET /homes-details/15412-AMBERBEAM-BOULEVARD-WINTER-GARDEN-FL-34787/O6363402/32/ HTTP/1.1" 200 84468 "" "Mozilla/5.0 (Linux; Android 6.0.1; Nexus 5X Build/MMB29P) AppleWebKit/537.36 (KHTML, like Gecko) Chrome/141.0.7390.122 Mobile Safari/537.36 (compatible; Googlebot/2.1; +http://www.google.com/bot.html)" www.jeanscotthomes.com MISS
40.116.73.217 - - [28/Nov/2025:00:35:02 +0000] "GET /resources/seminole-county-public-schools/ HTTP/1.1" 200 21143 "" "Mozilla/5.0 AppleWebKit/537.36 (KHTML, like Gecko); compatible; ChatGPT-User/1.0; +https://openai.com/bot" www.jeanscotthomes.com MISS
52.167.144.162 - - [28/Nov/2025:00:35:05 +0000] "GET /properties/307867-557-LAKE-COVE-POINTE-CIR-WINTER-GARDEN-Florida-34787-Residential/ HTTP/1.1" 404 85745 "" "Mozilla/5.0 AppleWebKit/537.36 (KHTML, like Gecko; compatible; bingbot/2.0; +http://www.bing.com/bingbot.htm) Chrome/116.0.1938.76 Safari/537.36" www.jeanscotthomes.com PASS
136.143.178.50 - - [28/Nov/2025:00:35:15 +0000] "GET / HTTP/1.1" 200 31097 "" "Site24x7" www.jeanscotthomes.com HIT
74.125.217.169 - - [28/Nov/2025:00:35:27 +0000] "GET /resources/seminole-county-public-schools/carillon-elementary-school/ HTTP/1.1" 200 93130 "" "Mozilla/5.0 (Linux; Android 6.0.1; Nexus 5X Build/MMB29P) AppleWebKit/537.36 (KHTML, like Gecko) Chrome/141.0.7390.122 Mobile Safari/537.36 (compatible; AdsBot-Google-Mobile; +http://www.google.com/mobile/adsbot.html)" www.jeanscotthomes.com MISS
52.167.144.162 - - [28/Nov/2025:00:36:04 +0000] "GET /homes-details/15412-AMBERBEAM-BOULEVARD-WINTER-GARDEN-FL-34787/O6363402/32/ HTTP/1.1" 200 84467 "" "Mozilla/5.0 AppleWebKit/537.36 (KHTML, like Gecko; compatible; bingbot/2.0; +http://www.bing.com/bingbot.htm) Chrome/116.0.1938.76 Safari/537.36" www.jeanscotthomes.com MISS
66.249.74.161 - - [28/Nov/2025:00:37:47 +0000] "GET /homes-details/25336-SAINT-ANNE-STREET-SORRENTO-FL-32776/O6363599/32/ HTTP/1.1" 200 84415 "" "Mozilla/5.0 (Linux; Android 6.0.1; Nexus 5X Build/MMB29P) AppleWebKit/537.36 (KHTML, like Gecko) Chrome/141.0.7390.122 Mobile Safari/537.36 (compatible; Googlebot/2.1; +http://www.google.com/bot.html)" www.jeanscotthomes.com MISS
52.167.144.162 - - [28/Nov/2025:00:38:53 +0000] "GET /homes-details/25336-SAINT-ANNE-STREET-SORRENTO-FL-32776/O6363599/32/ HTTP/1.1" 200 84416 "" "Mozilla/5.0 AppleWebKit/537.36 (KHTML, like Gecko; compatible; bingbot/2.0; +http://www.bing.com/bingbot.htm) Chrome/116.0.1938.76 Safari/537.36" www.jeanscotthomes.com MISS
74.125.217.161 - - [28/Nov/2025:00:39:27 +0000] "GET /resources/homebuyers/8-reasons-to-get-a-home-inspection/ HTTP/1.1" 200 98467 "" "Mozilla/5.0 (Linux; Android 6.0.1; Nexus 5X Build/MMB29P) AppleWebKit/537.36 (KHTML, like Gecko) Chrome/141.0.7390.122 Mobile Safari/537.36 (compatible; AdsBot-Google-Mobile; +http://www.google.com/mobile/adsbot.html)" www.jeanscotthomes.com MISS
66.249.74.169 - - [28/Nov/2025:00:40:01 +0000] "GET /homes/details/6625-CHERRY-GROVE-CIR-ORLANDO-FL-32809/O6307854/32/ HTTP/1.1" 404 85819 "" "Mozilla/5.0 (Linux; Android 6.0.1; Nexus 5X Build/MMB29P) AppleWebKit/537.36 (KHTML, like Gecko) Chrome/141.0.7390.122 Mobile Safari/537.36 (compatible; Googlebot/2.1; +http://www.google.com/bot.html)" www.jeanscotthomes.com PASS
52.167.144.185 - - [28/Nov/2025:00:40:03 +0000] "GET /homes-details/4714-INDEPENDENCE-TRAIL-LEESBURG-FL-34748/OM714183/32/ HTTP/1.1" 200 84402 "" "Mozilla/5.0 AppleWebKit/537.36 (KHTML, like Gecko; compatible; bingbot/2.0; +http://www.bing.com/bingbot.htm) Chrome/116.0.1938.76 Safari/537.36" www.jeanscotthomes.com MISS
136.143.178.51 - - [28/Nov/2025:00:40:16 +0000] "GET / HTTP/1.1" 200 31098 "" "Site24x7" www.jeanscotthomes.com HIT
40.77.167.59 - - [28/Nov/2025:00:41:33 +0000] "GET /homes-details/2553-MARIAH-PLACE-LAKE-ALFRED-FL-33850/C7517038/32/ HTTP/1.1" 200 84403 "" "Mozilla/5.0 AppleWebKit/537.36 (KHTML, like Gecko; compatible; bingbot/2.0; +http://www.bing.com/bingbot.htm) Chrome/116.0.1938.76 Safari/537.36" www.jeanscotthomes.com MISS
66.249.74.162 - - [28/Nov/2025:00:42:05 +0000] "GET /featured-listings/36-dial-ave-debary-fl-32713/ HTTP/1.1" 200 23532 "" "Mozilla/5.0 (Linux; Android 6.0.1; Nexus 5X Build/MMB29P) AppleWebKit/537.36 (KHTML, like Gecko) Chrome/141.0.7390.122 Mobile Safari/537.36 (compatible; Googlebot/2.1; +http://www.google.com/bot.html)" www.jeanscotthomes.com MISS
66.249.74.160 - - [28/Nov/2025:00:42:06 +0000] "GET /homes-details/241-OVERLOOK-DRIVE-CHULUOTA-FL-32766/O6363175/32/ HTTP/1.1" 200 84386 "" "Mozilla/5.0 (Linux; Android 6.0.1; Nexus 5X Build/MMB29P) AppleWebKit/537.36 (KHTML, like Gecko) Chrome/141.0.7390.122 Mobile Safari/537.36 (compatible; Googlebot/2.1; +http://www.google.com/bot.html)" www.jeanscotthomes.com MISS
185.191.171.12 - - [28/Nov/2025:00:42:09 +0000] "GET /properties/413630-13473-Astatula-FL-34705-Residential/ HTTP/1.1" 404 85781 "" "Mozilla/5.0 (compatible; SemrushBot/7~bl; +http://www.semrush.com/bot.html)" www.jeanscotthomes.com PASS
52.167.144.185 - - [28/Nov/2025:00:43:33 +0000] "GET /homes-details/241-OVERLOOK-DRIVE-CHULUOTA-FL-32766/O6363175/32/ HTTP/1.1" 200 84386 "" "Mozilla/5.0 AppleWebKit/537.36 (KHTML, like Gecko; compatible; bingbot/2.0; +http://www.bing.com/bingbot.htm) Chrome/116.0.1938.76 Safari/537.36" www.jeanscotthomes.com MISS
66.249.74.161 - - [28/Nov/2025:00:43:59 +0000] "GET /homes-details/6300-CHIRPINE-LANE-ST-CLOUD-FL-34771/O6362871/32/ HTTP/1.1" 200 84386 "" "Mozilla/5.0 (Linux; Android 6.0.1; Nexus 5X Build/MMB29P) AppleWebKit/537.36 (KHTML, like Gecko) Chrome/141.0.7390.122 Mobile Safari/537.36 (compatible; Googlebot/2.1; +http://www.google.com/bot.html)" www.jeanscotthomes.com MISS
52.167.144.185 - - [28/Nov/2025:00:44:06 +0000] "GET /properties/313711-10604-TERRACE-Bradenton-FL-34211-Commercial-Sale/ HTTP/1.1" 404 85727 "" "Mozilla/5.0 AppleWebKit/537.36 (KHTML, like Gecko; compatible; bingbot/2.0; +http://www.bing.com/bingbot.htm) Chrome/116.0.1938.76 Safari/537.36" www.jeanscotthomes.com PASS
66.249.74.161 - - [28/Nov/2025:00:44:21 +0000] "GET /homes-details/6501-MATCHETT-ROAD-BELLE-ISLE-FL-32809/O6317230/32/ HTTP/1.1" 200 84402 "" "Mozilla/5.0 (Linux; Android 6.0.1; Nexus 5X Build/MMB29P) AppleWebKit/537.36 (KHTML, like Gecko) Chrome/141.0.7390.122 Mobile Safari/537.36 (compatible; Googlebot/2.1; +http://www.google.com/bot.html)" www.jeanscotthomes.com MISS
54.236.1.11 - - [28/Nov/2025:00:44:38 +0000] "GET / HTTP/1.1" 301 770 "" "Mozilla/5.0 (compatible; Pinterestbot/1.0; +http://www.pinterest.com/bot.html)" jeanscotthomes.com MISS
54.236.1.13 - - [28/Nov/2025:00:44:39 +0000] "GET / HTTP/1.1" 301 768 "" "Mozilla/5.0 (compatible; Pinterestbot/1.0; +http://www.pinterest.com/bot.html)" jeanscotthomes.com HIT
40.77.167.41 - - [28/Nov/2025:00:44:44 +0000] "GET /homes-details/6501-MATCHETT-ROAD-BELLE-ISLE-FL-32809/O6317230/32/ HTTP/1.1" 200 84402 "" "Mozilla/5.0 AppleWebKit/537.36 (KHTML, like Gecko; compatible; bingbot/2.0; +http://www.bing.com/bingbot.htm) Chrome/116.0.1938.76 Safari/537.36" www.jeanscotthomes.com MISS
128.140.8.200 - - [28/Nov/2025:00:45:02 +0000] "GET /wp-cron.php?doing_wp_cron HTTP/1.1" 200 845 "" "Mozilla/4.0 (compatible; cron-job.org; http://cron-job.org/abuse/)" www.jeanscotthomes.com PASS
40.77.167.59 - - [28/Nov/2025:00:45:04 +0000] "GET /homes-details/4561-NOBLE-STREET-KISSIMMEE-FL-34746/TB8451877/32/ HTTP/1.1" 200 84386 "" "Mozilla/5.0 AppleWebKit/537.36 (KHTML, like Gecko; compatible; bingbot/2.0; +http://www.bing.com/bingbot.htm) Chrome/116.0.1938.76 Safari/537.36" www.jeanscotthomes.com MISS
136.143.178.51 - - [28/Nov/2025:00:45:17 +0000] "GET / HTTP/1.1" 200 31097 "" "Site24x7" www.jeanscotthomes.com HIT
17.241.75.25 - - [28/Nov/2025:00:45:26 +0000] "GET /properties/145864-4169-GRANDE-BRICK-LOOP-ORLANDO-Florida-32837-Residential/ HTTP/1.1" 404 85833 "" "Mozilla/5.0 (Macintosh; Intel Mac OS X 10_15_7) AppleWebKit/605.1.15 (KHTML, like Gecko) Version/17.4 Safari/605.1.15 (Applebot/0.1; +http://www.apple.com/go/applebot)" www.jeanscotthomes.com PASS
40.77.167.59 - - [28/Nov/2025:00:46:07 +0000] "GET /properties/503565-/ HTTP/1.1" 404 85741 "" "Mozilla/5.0 AppleWebKit/537.36 (KHTML, like Gecko; compatible; bingbot/2.0; +http://www.bing.com/bingbot.htm) Chrome/116.0.1938.76 Safari/537.36" www.jeanscotthomes.com PASS
66.249.74.161 - - [28/Nov/2025:00:46:21 +0000] "GET /homes-details/9039-PELICAN-COVE-TRACE-KISSIMMEE-FL-34747/O6363608/32/ HTTP/1.1" 200 84423 "" "Mozilla/5.0 (Linux; Android 6.0.1; Nexus 5X Build/MMB29P) AppleWebKit/537.36 (KHTML, like Gecko) Chrome/141.0.7390.122 Mobile Safari/537.36 (compatible; Googlebot/2.1; +http://www.google.com/bot.html)" www.jeanscotthomes.com MISS
40.77.167.59 - - [28/Nov/2025:00:47:14 +0000] "GET /homes-details/21135-PECKHAM-AVENUE-MOUNT-DORA-FL-32757/G5104949/32/ HTTP/1.1" 200 15607 "" "Mozilla/5.0 AppleWebKit/537.36 (KHTML, like Gecko; compatible; bingbot/2.0; +http://www.bing.com/bingbot.htm) Chrome/116.0.1938.76 Safari/537.36" www.jeanscotthomes.com MISS
74.125.217.160 - - [28/Nov/2025:00:47:28 +0000] "GET /central-florida/sanford/ HTTP/1.1" 200 19795 "" "Mozilla/5.0 (Linux; Android 6.0.1; Nexus 5X Build/MMB29P) AppleWebKit/537.36 (KHTML, like Gecko) Chrome/141.0.7390.122 Mobile Safari/537.36 (compatible; AdsBot-Google-Mobile; +http://www.google.com/mobile/adsbot.html)" www.jeanscotthomes.com MISS
68.221.75.16 - - [28/Nov/2025:00:47:32 +0000] "GET /real-estate-market-news/central-florida-home-sales/february-2021/ HTTP/1.1" 200 17948 "" "Mozilla/5.0 AppleWebKit/537.36 (KHTML, like Gecko); compatible; ChatGPT-User/1.0; +https://openai.com/bot" www.jeanscotthomes.com MISS
40.77.167.41 - - [28/Nov/2025:00:47:34 +0000] "GET /homes-details/9039-PELICAN-COVE-TRACE-KISSIMMEE-FL-34747/O6363608/32/ HTTP/1.1" 200 84423 "" "Mozilla/5.0 AppleWebKit/537.36 (KHTML, like Gecko; compatible; bingbot/2.0; +http://www.bing.com/bingbot.htm) Chrome/116.0.1938.76 Safari/537.36" www.jeanscotthomes.com MISS
68.221.75.16 - - [28/Nov/2025:00:47:35 +0000] "GET / HTTP/1.1" 301 768 "" "Mozilla/5.0 AppleWebKit/537.36 (KHTML, like Gecko); compatible; ChatGPT-User/1.0; +https://openai.com/bot" jeanscotthomes.com HIT
185.191.171.18 - - [28/Nov/2025:00:48:22 +0000] "GET /central-florida/orlando/avalon-park/ HTTP/1.1" 200 20306 "" "Mozilla/5.0 (compatible; SemrushBot/7~bl; +http://www.semrush.com/bot.html)" www.jeanscotthomes.com MISS
66.249.74.161 - - [28/Nov/2025:00:49:29 +0000] "GET /homes-details/2404-SHELBY-CIRCLE-KISSIMMEE-FL-34743/O6363598/32/ HTTP/1.1" 200 84394 "" "Mozilla/5.0 (Linux; Android 6.0.1; Nexus 5X Build/MMB29P) AppleWebKit/537.36 (KHTML, like Gecko) Chrome/141.0.7390.122 Mobile Safari/537.36 (compatible; Googlebot/2.1; +http://www.google.com/bot.html)" www.jeanscotthomes.com MISS
66.249.74.160 - - [28/Nov/2025:00:49:31 +0000] "GET /homes-details/2520-SEVILLE-DR-KISSIMMEE-FL-34746/S5136765/32/ HTTP/1.1" 200 84393 "" "Mozilla/5.0 (Linux; Android 6.0.1; Nexus 5X Build/MMB29P) AppleWebKit/537.36 (KHTML, like Gecko) Chrome/141.0.7390.122 Mobile Safari/537.36 (compatible; Googlebot/2.1; +http://www.google.com/bot.html)" www.jeanscotthomes.com MISS
136.143.178.51 - - [28/Nov/2025:00:50:18 +0000] "GET / HTTP/1.1" 200 31097 "" "Site24x7" www.jeanscotthomes.com HIT
66.249.74.161 - - [28/Nov/2025:00:51:04 +0000] "GET /featured-listings/275-velveteen-pl-chuluota-fl-32766/ HTTP/1.1" 200 19185 "" "Mozilla/5.0 (Linux; Android 6.0.1; Nexus 5X Build/MMB29P) AppleWebKit/537.36 (KHTML, like Gecko) Chrome/141.0.7390.122 Mobile Safari/537.36 (compatible; Googlebot/2.1; +http://www.google.com/bot.html)" www.jeanscotthomes.com MISS
66.249.74.160 - - [28/Nov/2025:00:53:26 +0000] "GET /homes-details/702-POINTE-EMERSON-BOULEVARD-APOPKA-FL-32703/O6362885/32/ HTTP/1.1" 200 84430 "" "Mozilla/5.0 (Linux; Android 6.0.1; Nexus 5X Build/MMB29P) AppleWebKit/537.36 (KHTML, like Gecko) Chrome/141.0.7390.122 Mobile Safari/537.36 (compatible; Googlebot/2.1; +http://www.google.com/bot.html)" www.jeanscotthomes.com MISS
52.167.144.203 - - [28/Nov/2025:00:53:41 +0000] "GET /homes-details/2771-CEDARIDGE-CIRCLE-CLERMONT-FL-34711/TB8446421/32/ HTTP/1.1" 200 84404 "" "Mozilla/5.0 AppleWebKit/537.36 (KHTML, like Gecko; compatible; bingbot/2.0; +http://www.bing.com/bingbot.htm) Chrome/116.0.1938.76 Safari/537.36" www.jeanscotthomes.com MISS
40.77.167.42 - - [28/Nov/2025:00:54:16 +0000] "GET /homes-details/702-POINTE-EMERSON-BOULEVARD-APOPKA-FL-32703/O6362885/32/ HTTP/1.1" 200 84429 "" "Mozilla/5.0 AppleWebKit/537.36 (KHTML, like Gecko; compatible; bingbot/2.0; +http://www.bing.com/bingbot.htm) Chrome/116.0.1938.76 Safari/537.36" www.jeanscotthomes.com MISS
136.143.178.50 - - [28/Nov/2025:00:55:19 +0000] "GET / HTTP/1.1" 200 31097 "" "Site24x7" www.jeanscotthomes.com HIT
66.249.74.160 - - [28/Nov/2025:00:55:37 +0000] "GET /resources/homeowners/understanding-relative-humidity-a-key-to-good-indoor-air-quality/ HTTP/1.1" 200 94384 "" "Mozilla/5.0 (Linux; Android 6.0.1; Nexus 5X Build/MMB29P) AppleWebKit/537.36 (KHTML, like Gecko) Chrome/141.0.7390.122 Mobile Safari/537.36 (compatible; Googlebot/2.1; +http://www.google.com/bot.html)" www.jeanscotthomes.com MISS
20.169.73.40 - - [28/Nov/2025:00:55:37 +0000] "GET /central-florida/casselberry/ HTTP/1.1" 200 19839 "" "Mozilla/5.0 AppleWebKit/537.36 (KHTML, like Gecko); compatible; ChatGPT-User/1.0; +https://openai.com/bot" www.jeanscotthomes.com MISS
66.249.74.160 - - [28/Nov/2025:00:55:48 +0000] "GET /homes-details/3618-HARDMAN-DRIVE-LAKE-WALES-FL-33859/O6363171/32/ HTTP/1.1" 200 84401 "" "Mozilla/5.0 (Linux; Android 6.0.1; Nexus 5X Build/MMB29P) AppleWebKit/537.36 (KHTML, like Gecko) Chrome/141.0.7390.122 Mobile Safari/537.36 (compatible; Googlebot/2.1; +http://www.google.com/bot.html)" www.jeanscotthomes.com MISS
40.77.167.42 - - [28/Nov/2025:00:56:25 +0000] "GET /homes-details/1716-FOX-GLEN-COURT-WINTER-SPRINGS-FL-32708/O6362670/32/ HTTP/1.1" 200 15611 "" "Mozilla/5.0 AppleWebKit/537.36 (KHTML, like Gecko; compatible; bingbot/2.0; +http://www.bing.com/bingbot.htm) Chrome/116.0.1938.76 Safari/537.36" www.jeanscotthomes.com MISS
40.77.167.42 - - [28/Nov/2025:00:56:55 +0000] "GET /homes-details/3618-HARDMAN-DRIVE-LAKE-WALES-FL-33859/O6363171/32/ HTTP/1.1" 200 84401 "" "Mozilla/5.0 AppleWebKit/537.36 (KHTML, like Gecko; compatible; bingbot/2.0; +http://www.bing.com/bingbot.htm) Chrome/116.0.1938.76 Safari/537.36" www.jeanscotthomes.com MISS
66.249.74.160 - - [28/Nov/2025:00:57:33 +0000] "GET /featured-listings/332-skyview-pl-chuluota-fl-32766/ HTTP/1.1" 200 153298 "" "Mozilla/5.0 (Linux; Android 6.0.1; Nexus 5X Build/MMB29P) AppleWebKit/537.36 (KHTML, like Gecko) Chrome/141.0.7390.122 Mobile Safari/537.36 (compatible; Googlebot/2.1; +http://www.google.com/bot.html)" www.jeanscotthomes.com MISS
66.249.74.162 - - [28/Nov/2025:00:58:10 +0000] "GET /homes-details/400-INTERLACHEN-COURT-DEBARY-FL-32713/O6361611/32/ HTTP/1.1" 200 84387 "" "Mozilla/5.0 (Linux; Android 6.0.1; Nexus 5X Build/MMB29P) AppleWebKit/537.36 (KHTML, like Gecko) Chrome/141.0.7390.122 Mobile Safari/537.36 (compatible; Googlebot/2.1; +http://www.google.com/bot.html)" www.jeanscotthomes.com MISS
40.77.167.42 - - [28/Nov/2025:00:59:15 +0000] "GET /homes-details/400-INTERLACHEN-COURT-DEBARY-FL-32713/O6361611/32/ HTTP/1.1" 200 84388 "" "Mozilla/5.0 AppleWebKit/537.36 (KHTML, like Gecko; compatible; bingbot/2.0; +http://www.bing.com/bingbot.htm) Chrome/116.0.1938.76 Safari/537.36" www.jeanscotthomes.com MISS
66.249.74.160 - - [28/Nov/2025:00:59:56 +0000] "GET /tag/single-photo/page/9/ HTTP/1.1" 200 100918 "" "Mozilla/5.0 (Linux; Android 6.0.1; Nexus 5X Build/MMB29P) AppleWebKit/537.36 (KHTML, like Gecko) Chrome/141.0.7390.122 Mobile Safari/537.36 (compatible; Googlebot/2.1; +http://www.google.com/bot.html)" www.jeanscotthomes.com MISS
128.140.8.200 - - [28/Nov/2025:01:00:04 +0000] "GET /wp-cron.php?doing_wp_cron HTTP/1.1" 200 845 "" "Mozilla/4.0 (compatible; cron-job.org; http://cron-job.org/abuse/)" www.jeanscotthomes.com PASS
136.143.179.51 - - [28/Nov/2025:01:00:20 +0000] "GET / HTTP/1.1" 200 31097 "" "Site24x7" www.jeanscotthomes.com HIT
66.249.74.160 - - [28/Nov/2025:01:00:31 +0000] "GET /geo/florida/casselberry/deer-run/ HTTP/1.1" 200 20215 "" "Mozilla/5.0 (Linux; Android 6.0.1; Nexus 5X Build/MMB29P) AppleWebKit/537.36 (KHTML, like Gecko) Chrome/141.0.7390.122 Mobile Safari/537.36 (compatible; Googlebot/2.1; +http://www.google.com/bot.html)" www.jeanscotthomes.com MISS
40.77.167.42 - - [28/Nov/2025:01:00:39 +0000] "GET /properties/323021-15421-STREET-Madeira-Beach-FL-33708-Residential/ HTTP/1.1" 404 85719 "" "Mozilla/5.0 AppleWebKit/537.36 (KHTML, like Gecko; compatible; bingbot/2.0; +http://www.bing.com/bingbot.htm) Chrome/116.0.1938.76 Safari/537.36" www.jeanscotthomes.com PASS
40.77.167.42 - - [28/Nov/2025:01:01:08 +0000] "GET /nextgen-image/9110/1140x760x85/1786bf55403ab21f972aebd5de2ddfb2 HTTP/1.1" 200 3518 "" "Mozilla/5.0 AppleWebKit/537.36 (KHTML, like Gecko; compatible; bingbot/2.0; +http://www.bing.com/bingbot.htm) Chrome/116.0.1938.76 Safari/537.36" www.jeanscotthomes.com MISS
40.77.167.42 - - [28/Nov/2025:01:01:09 +0000] "GET /properties/326233-10036-LANE-Orlando-FL-32836-Residential/ HTTP/1.1" 404 85791 "" "Mozilla/5.0 AppleWebKit/537.36 (KHTML, like Gecko; compatible; bingbot/2.0; +http://www.bing.com/bingbot.htm) Chrome/116.0.1938.76 Safari/537.36" www.jeanscotthomes.com PASS
66.249.74.169 - - [28/Nov/2025:01:01:30 +0000] "GET /resources/homebuyers/how-to-identify-and-build-on-wetlands-in-central-florida/ HTTP/1.1" 200 20224 "" "Mozilla/5.0 (Linux; Android 6.0.1; Nexus 5X Build/MMB29P) AppleWebKit/537.36 (KHTML, like Gecko) Chrome/141.0.7390.122 Mobile Safari/537.36 (compatible; Googlebot/2.1; +http://www.google.com/bot.html)" www.jeanscotthomes.com MISS
66.249.74.161 - - [28/Nov/2025:01:02:53 +0000] "GET /featured-listings/2342-evenglow-ct-deltona-fl-32725/ HTTP/1.1" 200 89950 "" "Mozilla/5.0 (Linux; Android 6.0.1; Nexus 5X Build/MMB29P) AppleWebKit/537.36 (KHTML, like Gecko) Chrome/141.0.7390.122 Mobile Safari/537.36 (compatible; Googlebot/2.1; +http://www.google.com/bot.html)" www.jeanscotthomes.com MISS
40.77.167.53 - - [28/Nov/2025:01:03:48 +0000] "GET /properties/324437-/ HTTP/1.1" 404 85748 "" "Mozilla/5.0 AppleWebKit/537.36 (KHTML, like Gecko; compatible; bingbot/2.0; +http://www.bing.com/bingbot.htm) Chrome/116.0.1938.76 Safari/537.36" www.jeanscotthomes.com PASS
66.249.74.161 - - [28/Nov/2025:01:05:15 +0000] "GET /homes-details/1761-WINDWARD-OAKS-COURT-KISSIMMEE-FL-34746/O6361300/32/ HTTP/1.1" 200 84418 "" "Mozilla/5.0 (Linux; Android 6.0.1; Nexus 5X Build/MMB29P) AppleWebKit/537.36 (KHTML, like Gecko) Chrome/141.0.7390.122 Mobile Safari/537.36 (compatible; Googlebot/2.1; +http://www.google.com/bot.html)" www.jeanscotthomes.com MISS
136.143.178.50 - - [28/Nov/2025:01:05:22 +0000] "GET / HTTP/1.1" 200 31097 "" "Site24x7" www.jeanscotthomes.com HIT
66.249.74.169 - - [28/Nov/2025:01:06:18 +0000] "GET /featured-listings/2591-double-tree-pl-oviedo-fl-32766/ HTTP/1.1" 200 94050 "" "Mozilla/5.0 (Linux; Android 6.0.1; Nexus 5X Build/MMB29P) AppleWebKit/537.36 (KHTML, like Gecko) Chrome/141.0.7390.122 Mobile Safari/537.36 (compatible; Googlebot/2.1; +http://www.google.com/bot.html)" www.jeanscotthomes.com MISS
66.249.74.160 - - [28/Nov/2025:01:06:29 +0000] "GET /homes-details/2633-AUTUMN-CREEK-CIRCLE-KISSIMMEE-FL-34747/O6363011/32/ HTTP/1.1" 200 84429 "" "Mozilla/5.0 (Linux; Android 6.0.1; Nexus 5X Build/MMB29P) AppleWebKit/537.36 (KHTML, like Gecko) Chrome/141.0.7390.122 Mobile Safari/537.36 (compatible; Googlebot/2.1; +http://www.google.com/bot.html)" www.jeanscotthomes.com MISS
40.77.167.13 - - [28/Nov/2025:01:07:36 +0000] "GET /homes-details/2633-AUTUMN-CREEK-CIRCLE-KISSIMMEE-FL-34747/O6363011/32/ HTTP/1.1" 200 84430 "" "Mozilla/5.0 AppleWebKit/537.36 (KHTML, like Gecko; compatible; bingbot/2.0; +http://www.bing.com/bingbot.htm) Chrome/116.0.1938.76 Safari/537.36" www.jeanscotthomes.com MISS
66.249.74.160 - - [28/Nov/2025:01:07:37 +0000] "GET /homes-details/1613-ORIOLE-AVENUE-ORLANDO-FL-32803/O6362812/32/ HTTP/1.1" 200 84378 "" "Mozilla/5.0 (Linux; Android 6.0.1; Nexus 5X Build/MMB29P) AppleWebKit/537.36 (KHTML, like Gecko) Chrome/141.0.7390.122 Mobile Safari/537.36 (compatible; Googlebot/2.1; +http://www.google.com/bot.html)" www.jeanscotthomes.com MISS
40.77.167.13 - - [28/Nov/2025:01:07:40 +0000] "GET /nextgen-image/3146/2048x1365x85/742923d1d6434d2ec137a2f30221d292 HTTP/1.1" 200 336519 "" "Mozilla/5.0 AppleWebKit/537.36 (KHTML, like Gecko; compatible; bingbot/2.0; +http://www.bing.com/bingbot.htm) Chrome/116.0.1938.76 Safari/537.36" www.jeanscotthomes.com MISS
40.77.167.13 - - [28/Nov/2025:01:09:26 +0000] "GET /homes-details/305-BRIGADOON-CIRCLE-LEESBURG-FL-34788/G5104886/32/ HTTP/1.1" 200 84398 "" "Mozilla/5.0 AppleWebKit/537.36 (KHTML, like Gecko; compatible; bingbot/2.0; +http://www.bing.com/bingbot.htm) Chrome/116.0.1938.76 Safari/537.36" www.jeanscotthomes.com MISS
66.249.74.160 - - [28/Nov/2025:01:09:59 +0000] "GET /homes-details/22631-ROBBINS-ROAD-ASTATULA-FL-34705/O6357041/32/ HTTP/1.1" 200 84386 "" "Mozilla/5.0 (Linux; Android 6.0.1; Nexus 5X Build/MMB29P) AppleWebKit/537.36 (KHTML, like Gecko) Chrome/141.0.7390.122 Mobile Safari/537.36 (compatible; Googlebot/2.1; +http://www.google.com/bot.html)" www.jeanscotthomes.com MISS
136.143.178.50 - - [28/Nov/2025:01:10:23 +0000] "GET / HTTP/1.1" 200 31097 "" "Site24x7" www.jeanscotthomes.com HIT
52.167.144.225 - - [28/Nov/2025:01:11:26 +0000] "GET /homes-details/7948-DAUSSET-ST-ORLANDO-FL-32827/O6291461/32/ HTTP/1.1" 200 84384 "" "Mozilla/5.0 AppleWebKit/537.36 (KHTML, like Gecko; compatible; bingbot/2.0; +http://www.bing.com/bingbot.htm) Chrome/116.0.1938.76 Safari/537.36" www.jeanscotthomes.com MISS
66.249.74.160 - - [28/Nov/2025:01:12:20 +0000] "GET /homes-listing-report/Longwood-Florida/2877197/ HTTP/1.1" 200 83726 "" "Mozilla/5.0 (Linux; Android 6.0.1; Nexus 5X Build/MMB29P) AppleWebKit/537.36 (KHTML, like Gecko) Chrome/141.0.7390.122 Mobile Safari/537.36 (compatible; Googlebot/2.1; +http://www.google.com/bot.html)" www.jeanscotthomes.com MISS
66.249.74.160 - - [28/Nov/2025:01:12:28 +0000] "GET /real-estate-market-news/central-florida-home-sales/april-2024/page/24/ HTTP/1.1" 301 874 "" "Mozilla/5.0 (Linux; Android 6.0.1; Nexus 5X Build/MMB29P) AppleWebKit/537.36 (KHTML, like Gecko) Chrome/141.0.7390.122 Mobile Safari/537.36 (compatible; Googlebot/2.1; +http://www.google.com/bot.html)" www.jeanscotthomes.com MISS
66.249.74.161 - - [28/Nov/2025:01:14:09 +0000] "GET /real-estate-market-news/central-florida-home-sales/april-2024/page/86/ HTTP/1.1" 301 874 "" "Mozilla/5.0 (Linux; Android 6.0.1; Nexus 5X Build/MMB29P) AppleWebKit/537.36 (KHTML, like Gecko) Chrome/141.0.7390.122 Mobile Safari/537.36 (compatible; Googlebot/2.1; +http://www.google.com/bot.html)" www.jeanscotthomes.com MISS
66.249.74.161 - - [28/Nov/2025:01:14:42 +0000] "GET /homes-details/3045-SANGRIA-STREET-KISSIMMEE-FL-34744/O6362797/32/ HTTP/1.1" 200 84400 "" "Mozilla/5.0 (Linux; Android 6.0.1; Nexus 5X Build/MMB29P) AppleWebKit/537.36 (KHTML, like Gecko) Chrome/141.0.7390.122 Mobile Safari/537.36 (compatible; Googlebot/2.1; +http://www.google.com/bot.html)" www.jeanscotthomes.com MISS
128.140.8.200 - - [28/Nov/2025:01:15:01 +0000] "GET /wp-cron.php?doing_wp_cron HTTP/1.1" 200 845 "" "Mozilla/4.0 (compatible; cron-job.org; http://cron-job.org/abuse/)" www.jeanscotthomes.com PASS
136.143.179.51 - - [28/Nov/2025:01:15:24 +0000] "GET / HTTP/1.1" 200 31097 "" "Site24x7" www.jeanscotthomes.com HIT
66.249.74.162 - - [28/Nov/2025:01:17:04 +0000] "GET /homes-details/2452-BREEZY-MEADOW-ROAD-APOPKA-FL-32712/O6362280/32/ HTTP/1.1" 200 84400 "" "Mozilla/5.0 (Linux; Android 6.0.1; Nexus 5X Build/MMB29P) AppleWebKit/537.36 (KHTML, like Gecko) Chrome/141.0.7390.122 Mobile Safari/537.36 (compatible; Googlebot/2.1; +http://www.google.com/bot.html)" www.jeanscotthomes.com MISS
40.77.167.152 - - [28/Nov/2025:01:17:20 +0000] "GET /properties/521791-143-CIRCLE-Winter-Park-FL-32792-Residential/ HTTP/1.1" 404 85761 "" "Mozilla/5.0 AppleWebKit/537.36 (KHTML, like Gecko; compatible; bingbot/2.0; +http://www.bing.com/bingbot.htm) Chrome/116.0.1938.76 Safari/537.36" www.jeanscotthomes.com PASS
85.208.96.202 - - [28/Nov/2025:01:17:40 +0000] "GET /properties/458965-6880-CIRCLE-Sarasota-FL-34243-Residential/ HTTP/1.1" 404 85830 "" "Mozilla/5.0 (compatible; SemrushBot/7~bl; +http://www.semrush.com/bot.html)" www.jeanscotthomes.com PASS
66.249.74.161 - - [28/Nov/2025:01:18:10 +0000] "GET /real-estate-market-news/central-florida-home-sales/april-2024/page/122/ HTTP/1.1" 301 874 "" "Mozilla/5.0 (Linux; Android 6.0.1; Nexus 5X Build/MMB29P) AppleWebKit/537.36 (KHTML, like Gecko) Chrome/141.0.7390.122 Mobile Safari/537.36 (compatible; Googlebot/2.1; +http://www.google.com/bot.html)" www.jeanscotthomes.com MISS
52.167.144.237 - - [28/Nov/2025:01:18:40 +0000] "GET /properties/324633-/ HTTP/1.1" 404 85775 "" "Mozilla/5.0 AppleWebKit/537.36 (KHTML, like Gecko; compatible; bingbot/2.0; +http://www.bing.com/bingbot.htm) Chrome/116.0.1938.76 Safari/537.36" www.jeanscotthomes.com PASS
66.249.74.160 - - [28/Nov/2025:01:19:26 +0000] "GET /homes-details/10000-LEYBURN-COURT-ORLANDO-FL-32825/O6342715/32/ HTTP/1.1" 200 84384 "" "Mozilla/5.0 (Linux; Android 6.0.1; Nexus 5X Build/MMB29P) AppleWebKit/537.36 (KHTML, like Gecko) Chrome/141.0.7390.122 Mobile Safari/537.36 (compatible; Googlebot/2.1; +http://www.google.com/bot.html)" www.jeanscotthomes.com MISS
40.77.167.47 - - [28/Nov/2025:01:19:29 +0000] "GET /homes-details/5242-ANDRUS-AVENUE-ORLANDO-FL-32810/O6361654/32/ HTTP/1.1" 200 84377 "" "Mozilla/5.0 AppleWebKit/537.36 (KHTML, like Gecko; compatible; bingbot/2.0; +http://www.bing.com/bingbot.htm) Chrome/116.0.1938.76 Safari/537.36" www.jeanscotthomes.com MISS
136.143.178.50 - - [28/Nov/2025:01:20:25 +0000] "GET / HTTP/1.1" 200 31097 "" "Site24x7" www.jeanscotthomes.com HIT
40.77.167.152 - - [28/Nov/2025:01:20:49 +0000] "GET /homes-details/30137-MISTY-PINES-ROAD-MOUNT-DORA-FL-32757/TB8447214/32/ HTTP/1.1" 200 84426 "" "Mozilla/5.0 AppleWebKit/537.36 (KHTML, like Gecko; compatible; bingbot/2.0; +http://www.bing.com/bingbot.htm) Chrome/116.0.1938.76 Safari/537.36" www.jeanscotthomes.com MISS
40.77.167.152 - - [28/Nov/2025:01:21:09 +0000] "GET /homes-details/6921-ARNOLDSON-STREET-ORLANDO-FL-32827/O6349183/32/ HTTP/1.1" 200 84395 "" "Mozilla/5.0 AppleWebKit/537.36 (KHTML, like Gecko; compatible; bingbot/2.0; +http://www.bing.com/bingbot.htm) Chrome/116.0.1938.76 Safari/537.36" www.jeanscotthomes.com MISS
66.249.74.160 - - [28/Nov/2025:01:21:48 +0000] "GET /homes-details/2061-FORAGE-DRIVE-KISSIMMEE-FL-34746/O6358538/32/ HTTP/1.1" 200 84386 "" "Mozilla/5.0 (Linux; Android 6.0.1; Nexus 5X Build/MMB29P) AppleWebKit/537.36 (KHTML, like Gecko) Chrome/141.0.7390.122 Mobile Safari/537.36 (compatible; Googlebot/2.1; +http://www.google.com/bot.html)" www.jeanscotthomes.com MISS
85.208.96.200 - - [28/Nov/2025:01:22:59 +0000] "GET /properties/316864-174-Longwood-FL-32750-Residential/ HTTP/1.1" 404 85741 "" "Mozilla/5.0 (compatible; SemrushBot/7~bl; +http://www.semrush.com/bot.html)" www.jeanscotthomes.com PASS
74.125.217.162 - - [28/Nov/2025:01:23:03 +0000] "GET /about-us/realtors-staff/rachel-gregory-realtor-gri/ HTTP/1.1" 200 29485 "" "Mozilla/5.0 (Linux; Android 6.0.1; Nexus 5X Build/MMB29P) AppleWebKit/537.36 (KHTML, like Gecko) Chrome/141.0.7390.122 Mobile Safari/537.36 (compatible; AdsBot-Google-Mobile; +http://www.google.com/mobile/adsbot.html)" www.jeanscotthomes.com MISS
40.77.167.41 - - [28/Nov/2025:01:23:39 +0000] "GET /featured-listings/oviedo-florida/live-oak-reserve/2546-double-tree-pl-oviedo-fl-32766/ HTTP/1.1" 301 836 "" "Mozilla/5.0 AppleWebKit/537.36 (KHTML, like Gecko; compatible; bingbot/2.0; +http://www.bing.com/bingbot.htm) Chrome/116.0.1938.76 Safari/537.36" www.jeanscotthomes.com MISS
66.249.74.161 - - [28/Nov/2025:01:24:09 +0000] "GET /featured-listings/635-e-plant-st-winter-garden-fl-34787/ HTTP/1.1" 200 153834 "" "Mozilla/5.0 (Linux; Android 6.0.1; Nexus 5X Build/MMB29P) AppleWebKit/537.36 (KHTML, like Gecko) Chrome/141.0.7390.122 Mobile Safari/537.36 (compatible; Googlebot/2.1; +http://www.google.com/bot.html)" www.jeanscotthomes.com MISS
185.191.171.16 - - [28/Nov/2025:01:24:48 +0000] "GET /properties/488674-7660-CIRCLE-Sarasota-FL-34243-Residential/ HTTP/1.1" 404 85753 "" "Mozilla/5.0 (compatible; SemrushBot/7~bl; +http://www.semrush.com/bot.html)" www.jeanscotthomes.com PASS
40.77.167.41 - - [28/Nov/2025:01:25:20 +0000] "GET /homes-details/1125-HIDDEN-BLUFF-CLERMONT-FL-34711/O6356818/32/ HTTP/1.1" 200 15583 "" "Mozilla/5.0 AppleWebKit/537.36 (KHTML, like Gecko; compatible; bingbot/2.0; +http://www.bing.com/bingbot.htm) Chrome/116.0.1938.76 Safari/537.36" www.jeanscotthomes.com MISS
136.143.179.51 - - [28/Nov/2025:01:25:26 +0000] "GET / HTTP/1.1" 200 31097 "" "Site24x7" www.jeanscotthomes.com HIT
66.249.74.161 - - [28/Nov/2025:01:25:58 +0000] "GET /real-estate-market-news/central-florida-home-sales/april-2024/page/68/ HTTP/1.1" 301 873 "" "Mozilla/5.0 (Linux; Android 6.0.1; Nexus 5X Build/MMB29P) AppleWebKit/537.36 (KHTML, like Gecko) Chrome/141.0.7390.122 Mobile Safari/537.36 (compatible; Googlebot/2.1; +http://www.google.com/bot.html)" www.jeanscotthomes.com MISS
185.191.171.15 - - [28/Nov/2025:01:26:27 +0000] "GET /properties/521776-532-ROAD-Venice-FL-34293-Residential/ HTTP/1.1" 404 85727 "" "Mozilla/5.0 (compatible; SemrushBot/7~bl; +http://www.semrush.com/bot.html)" www.jeanscotthomes.com PASS
66.249.74.160 - - [28/Nov/2025:01:26:31 +0000] "GET /homes-details/1661-GROVELINE-ROAD-ST-CLOUD-FL-34771/O6358013/32/ HTTP/1.1" 200 84391 "" "Mozilla/5.0 (Linux; Android 6.0.1; Nexus 5X Build/MMB29P) AppleWebKit/537.36 (KHTML, like Gecko) Chrome/141.0.7390.122 Mobile Safari/537.36 (compatible; Googlebot/2.1; +http://www.google.com/bot.html)" www.jeanscotthomes.com MISS
40.77.167.47 - - [28/Nov/2025:01:27:28 +0000] "GET /homes-details/10079-DULBECCO-ST-ORLANDO-FL-32827/G5099586/32/ HTTP/1.1" 200 84396 "" "Mozilla/5.0 AppleWebKit/537.36 (KHTML, like Gecko; compatible; bingbot/2.0; +http://www.bing.com/bingbot.htm) Chrome/116.0.1938.76 Safari/537.36" www.jeanscotthomes.com MISS
66.249.74.169 - - [28/Nov/2025:01:28:00 +0000] "GET /central-florida/winter-park HTTP/1.1" 301 825 "" "Mozilla/5.0 (Linux; Android 6.0.1; Nexus 5X Build/MMB29P) AppleWebKit/537.36 (KHTML, like Gecko) Chrome/141.0.7390.122 Mobile Safari/537.36 (compatible; Googlebot/2.1; +http://www.google.com/bot.html)" www.jeanscotthomes.com MISS
66.249.74.169 - - [28/Nov/2025:01:28:01 +0000] "GET /central-florida/winter-park/ HTTP/1.1" 200 19937 "" "Mozilla/5.0 (Linux; Android 6.0.1; Nexus 5X Build/MMB29P) AppleWebKit/537.36 (KHTML, like Gecko) Chrome/141.0.7390.122 Mobile Safari/537.36 (compatible; Googlebot/2.1; +http://www.google.com/bot.html)" www.jeanscotthomes.com MISS
66.249.74.169 - - [28/Nov/2025:01:28:29 +0000] "GET /real-estate-market-news/central-florida-home-sales/april-2024/page/7/ HTTP/1.1" 301 874 "" "Mozilla/5.0 (Linux; Android 6.0.1; Nexus 5X Build/MMB29P) AppleWebKit/537.36 (KHTML, like Gecko) Chrome/141.0.7390.122 Mobile Safari/537.36 (compatible; Googlebot/2.1; +http://www.google.com/bot.html)" www.jeanscotthomes.com MISS
66.249.74.169 - - [28/Nov/2025:01:28:53 +0000] "GET /homes-details/3720-VALLEY-OAKS-COURT-OVIEDO-FL-32766/O6355707/32/ HTTP/1.1" 200 15601 "" "Mozilla/5.0 (Linux; Android 6.0.1; Nexus 5X Build/MMB29P) AppleWebKit/537.36 (KHTML, like Gecko) Chrome/141.0.7390.122 Mobile Safari/537.36 (compatible; Googlebot/2.1; +http://www.google.com/bot.html)" www.jeanscotthomes.com MISS
85.208.96.206 - - [28/Nov/2025:01:30:02 +0000] "GET /properties/421590-165-STREET-Kissimmee-FL-34747-Residential/ HTTP/1.1" 404 85727 "" "Mozilla/5.0 (compatible; SemrushBot/7~bl; +http://www.semrush.com/bot.html)" www.jeanscotthomes.com PASS
128.140.8.200 - - [28/Nov/2025:01:30:03 +0000] "GET /wp-cron.php?doing_wp_cron HTTP/1.1" 200 845 "" "Mozilla/4.0 (compatible; cron-job.org; http://cron-job.org/abuse/)" www.jeanscotthomes.com PASS
136.143.178.51 - - [28/Nov/2025:01:30:27 +0000] "GET / HTTP/1.1" 200 31093 "" "Site24x7" www.jeanscotthomes.com HIT
52.230.164.181 - - [28/Nov/2025:01:31:09 +0000] "GET / HTTP/1.1" 301 771 "" "Mozilla/5.0 AppleWebKit/537.36 (KHTML, like Gecko); compatible; ChatGPT-User/1.0; +https://openai.com/bot" jeanscotthomes.com MISS
52.230.164.186 - - [28/Nov/2025:01:31:10 +0000] "GET / HTTP/1.1" 200 31085 "" "Mozilla/5.0 AppleWebKit/537.36 (KHTML, like Gecko); compatible; ChatGPT-User/1.0; +https://openai.com/bot" www.jeanscotthomes.com MISS
185.191.171.19 - - [28/Nov/2025:01:31:12 +0000] "GET /properties/631869-%2391-San-Juan-PR-00927-Residential/ HTTP/1.1" 404 85761 "" "Mozilla/5.0 (compatible; SemrushBot/7~bl; +http://www.semrush.com/bot.html)" www.jeanscotthomes.com PASS
