66.249.74.169 - - [28/Nov/2025:01:31:15 +0000] "GET /homes-details/6033-FALCONBRIDGE-PL-MOUNT-DORA-FL-32757/O6357796/32/ HTTP/1.1" 200 84414 "" "Mozilla/5.0 (Linux; Android 6.0.1; Nexus 5X Build/MMB29P) AppleWebKit/537.36 (KHTML, like Gecko) Chrome/141.0.7390.122 Mobile Safari/537.36 (compatible; Googlebot/2.1; +http://www.google.com/bot.html)" www.jeanscotthomes.com MISS
40.77.167.79 - - [28/Nov/2025:01:32:34 +0000] "GET /market-news/orlando-florida-home-sales/march-2022/ HTTP/1.1" 301 874 "" "Mozilla/5.0 AppleWebKit/537.36 (KHTML, like Gecko; compatible; bingbot/2.0; +http://www.bing.com/bingbot.htm) Chrome/116.0.1938.76 Safari/537.36" www.jeanscotthomes.com MISS
66.249.74.160 - - [28/Nov/2025:01:33:07 +0000] "GET /properties/features/pdf/?pid=1323780 HTTP/1.1" 404 15867 "" "Mozilla/5.0 (Linux; Android 6.0.1; Nexus 5X Build/MMB29P) AppleWebKit/537.36 (KHTML, like Gecko) Chrome/141.0.7390.122 Mobile Safari/537.36 (compatible; Googlebot/2.1; +http://www.google.com/bot.html)" www.jeanscotthomes.com PASS
66.249.74.160 - - [28/Nov/2025:01:33:10 +0000] "GET /homes-details/2534-DEL-WEBB-DRIVE-MINNEOLA-FL-34715/O6363078/32/ HTTP/1.1" 200 15603 "" "Mozilla/5.0 (Linux; Android 6.0.1; Nexus 5X Build/MMB29P) AppleWebKit/537.36 (KHTML, like Gecko) Chrome/141.0.7390.122 Mobile Safari/537.36 (compatible; Googlebot/2.1; +http://www.google.com/bot.html)" www.jeanscotthomes.com MISS
66.249.74.160 - - [28/Nov/2025:01:33:37 +0000] "GET /featured-listings/7107-winding-lake-cir-oviedo-fl-32765/ HTTP/1.1" 200 95857 "" "Mozilla/5.0 (Linux; Android 6.0.1; Nexus 5X Build/MMB29P) AppleWebKit/537.36 (KHTML, like Gecko) Chrome/141.0.7390.122 Mobile Safari/537.36 (compatible; Googlebot/2.1; +http://www.google.com/bot.html)" www.jeanscotthomes.com MISS
40.77.167.79 - - [28/Nov/2025:01:34:19 +0000] "GET /homes-details/2534-DEL-WEBB-DRIVE-MINNEOLA-FL-34715/O6363078/32/ HTTP/1.1" 200 84391 "" "Mozilla/5.0 AppleWebKit/537.36 (KHTML, like Gecko; compatible; bingbot/2.0; +http://www.bing.com/bingbot.htm) Chrome/116.0.1938.76 Safari/537.36" www.jeanscotthomes.com MISS
40.77.167.22 - - [28/Nov/2025:01:34:59 +0000] "GET /homes-details/1833-MARSH-COURT-CLERMONT-FL-34714/O6362365/32/ HTTP/1.1" 200 84374 "" "Mozilla/5.0 AppleWebKit/537.36 (KHTML, like Gecko; compatible; bingbot/2.0; +http://www.bing.com/bingbot.htm) Chrome/116.0.1938.76 Safari/537.36" www.jeanscotthomes.com MISS
40.77.167.22 - - [28/Nov/2025:01:35:03 +0000] "GET /homes-details/11949-VERRAZANO-DR-DR-ORLANDO-FL-32836/O6360645/32/ HTTP/1.1" 200 15609 "" "Mozilla/5.0 AppleWebKit/537.36 (KHTML, like Gecko; compatible; bingbot/2.0; +http://www.bing.com/bingbot.htm) Chrome/116.0.1938.76 Safari/537.36" www.jeanscotthomes.com MISS
40.77.167.22 - - [28/Nov/2025:01:35:04 +0000] "GET /homes-details/3644-LAKE-SHORE-DRIVE-APOPKA-FL-32703/O6268894/32/ HTTP/1.1" 200 84388 "" "Mozilla/5.0 AppleWebKit/537.36 (KHTML, like Gecko; compatible; bingbot/2.0; +http://www.bing.com/bingbot.htm) Chrome/116.0.1938.76 Safari/537.36" www.jeanscotthomes.com MISS
136.143.179.50 - - [28/Nov/2025:01:35:28 +0000] "GET / HTTP/1.1" 200 31093 "" "Site24x7" www.jeanscotthomes.com HIT
52.167.144.221 - - [28/Nov/2025:01:35:49 +0000] "GET /homes-details/2322-SELENIA-STREET-LAKE-ALFRED-FL-33850/C7517039/32/ HTTP/1.1" 200 84415 "" "Mozilla/5.0 AppleWebKit/537.36 (KHTML, like Gecko; compatible; bingbot/2.0; +http://www.bing.com/bingbot.htm) Chrome/116.0.1938.76 Safari/537.36" www.jeanscotthomes.com MISS
66.249.74.161 - - [28/Nov/2025:01:35:58 +0000] "GET /homes-details/2804-ALPINE-MEADOW-LANE-KISSIMMEE-FL-34744/O6363629/32/ HTTP/1.1" 200 15611 "" "Mozilla/5.0 (Linux; Android 6.0.1; Nexus 5X Build/MMB29P) AppleWebKit/537.36 (KHTML, like Gecko) Chrome/141.0.7390.122 Mobile Safari/537.36 (compatible; Googlebot/2.1; +http://www.google.com/bot.html)" www.jeanscotthomes.com MISS
52.167.144.157 - - [28/Nov/2025:01:36:14 +0000] "GET /properties/324636-721-DRIVE-Apollo-Beach-FL-33572-Residential/ HTTP/1.1" 404 85726 "" "Mozilla/5.0 AppleWebKit/537.36 (KHTML, like Gecko; compatible; bingbot/2.0; +http://www.bing.com/bingbot.htm) Chrome/116.0.1938.76 Safari/537.36" www.jeanscotthomes.com PASS
52.167.144.221 - - [28/Nov/2025:01:37:04 +0000] "GET /properties/324500-15208-BOULEVARD-Madeira-Beach-FL-33708-Residential/ HTTP/1.1" 404 85727 "" "Mozilla/5.0 AppleWebKit/537.36 (KHTML, like Gecko; compatible; bingbot/2.0; +http://www.bing.com/bingbot.htm) Chrome/116.0.1938.76 Safari/537.36" www.jeanscotthomes.com PASS
52.167.144.221 - - [28/Nov/2025:01:37:06 +0000] "GET /homes-details/2804-ALPINE-MEADOW-LANE-KISSIMMEE-FL-34744/O6363629/32/ HTTP/1.1" 200 84423 "" "Mozilla/5.0 AppleWebKit/537.36 (KHTML, like Gecko; compatible; bingbot/2.0; +http://www.bing.com/bingbot.htm) Chrome/116.0.1938.76 Safari/537.36" www.jeanscotthomes.com MISS
52.167.144.220 - - [28/Nov/2025:01:37:11 +0000] "GET /properties/302576-1818-6TH-STREET-WINTER-HAVEN-Florida-33880-Residential/ HTTP/1.1" 301 843 "" "Mozilla/5.0 AppleWebKit/537.36 (KHTML, like Gecko; compatible; bingbot/2.0; +http://www.bing.com/bingbot.htm) Chrome/116.0.1938.76 Safari/537.36" jeanscotthomes.com MISS
52.167.144.221 - - [28/Nov/2025:01:37:59 +0000] "GET /homes-details/511-MARCIA-LOOP-WINTER-HAVEN-FL-33884/L4957392/32/ HTTP/1.1" 200 15602 "" "Mozilla/5.0 AppleWebKit/537.36 (KHTML, like Gecko; compatible; bingbot/2.0; +http://www.bing.com/bingbot.htm) Chrome/116.0.1938.76 Safari/537.36" www.jeanscotthomes.com MISS
40.77.167.22 - - [28/Nov/2025:01:38:04 +0000] "GET /homes-details/4445-RIVERVBEND-BOULEVARD-HAINES-CITY-FL-33844/TB8451887/32/ HTTP/1.1" 200 84451 "" "Mozilla/5.0 AppleWebKit/537.36 (KHTML, like Gecko; compatible; bingbot/2.0; +http://www.bing.com/bingbot.htm) Chrome/116.0.1938.76 Safari/537.36" www.jeanscotthomes.com MISS
66.249.74.161 - - [28/Nov/2025:01:39:29 +0000] "GET /real-estate-market-news/central-florida-home-sales/april-2024/page/120/ HTTP/1.1" 301 874 "" "Mozilla/5.0 (Linux; Android 6.0.1; Nexus 5X Build/MMB29P) AppleWebKit/537.36 (KHTML, like Gecko) Chrome/141.0.7390.122 Mobile Safari/537.36 (compatible; Googlebot/2.1; +http://www.google.com/bot.html)" www.jeanscotthomes.com MISS
66.249.83.129 - - [28/Nov/2025:01:39:36 +0000] "GET /homes-details/272-W-WARREN-AVENUE-LONGWOOD-FL-32750/O6354921/32/ HTTP/1.1" 200 15601 "" "Mozilla/5.0 (Linux; Android 10; K) AppleWebKit/537.36 (KHTML, like Gecko) Chrome/138.0.0.0 Mobile Safari/537.36 (compatible; Google-Read-Aloud; +https://support.google.com/webmasters/answer/1061943)" www.jeanscotthomes.com MISS
136.143.179.50 - - [28/Nov/2025:01:40:29 +0000] "GET / HTTP/1.1" 200 31093 "" "Site24x7" www.jeanscotthomes.com HIT
85.208.96.198 - - [28/Nov/2025:01:40:41 +0000] "GET /properties/480785-20545-PLACE-Umatilla-FL-32784-Residential/ HTTP/1.1" 404 85734 "" "Mozilla/5.0 (compatible; SemrushBot/7~bl; +http://www.semrush.com/bot.html)" www.jeanscotthomes.com PASS
66.249.74.160 - - [28/Nov/2025:01:40:42 +0000] "GET /featured-listings/1008ier-creek-ct-oviedo-fl-32765/ HTTP/1.1" 200 17986 "" "Mozilla/5.0 (Linux; Android 6.0.1; Nexus 5X Build/MMB29P) AppleWebKit/537.36 (KHTML, like Gecko) Chrome/141.0.7390.122 Mobile Safari/537.36 (compatible; Googlebot/2.1; +http://www.google.com/bot.html)" www.jeanscotthomes.com MISS
66.249.83.129 - - [28/Nov/2025:01:41:07 +0000] "GET /homes-details/731-CRESTBROOK-LOOP-LONGWOOD-FL-32750/O6335872/32/ HTTP/1.1" 200 15594 "" "Mozilla/5.0 (Linux; Android 10; K) AppleWebKit/537.36 (KHTML, like Gecko) Chrome/138.0.0.0 Mobile Safari/537.36 (compatible; Google-Read-Aloud; +https://support.google.com/webmasters/answer/1061943)" www.jeanscotthomes.com MISS
66.249.74.161 - - [28/Nov/2025:01:41:13 +0000] "GET /real-estate-market-news/central-florida-home-sales/april-2024/page/29/ HTTP/1.1" 301 873 "" "Mozilla/5.0 (Linux; Android 6.0.1; Nexus 5X Build/MMB29P) AppleWebKit/537.36 (KHTML, like Gecko) Chrome/141.0.7390.122 Mobile Safari/537.36 (compatible; Googlebot/2.1; +http://www.google.com/bot.html)" www.jeanscotthomes.com MISS
66.249.74.169 - - [28/Nov/2025:01:43:04 +0000] "GET /homes-details/104-ACACIA-POINT-YALAHA-FL-34797/O6363405/32/ HTTP/1.1" 200 84358 "" "Mozilla/5.0 (Linux; Android 6.0.1; Nexus 5X Build/MMB29P) AppleWebKit/537.36 (KHTML, like Gecko) Chrome/141.0.7390.122 Mobile Safari/537.36 (compatible; Googlebot/2.1; +http://www.google.com/bot.html)" www.jeanscotthomes.com MISS
52.167.144.221 - - [28/Nov/2025:01:44:40 +0000] "GET /homes-details/104-ACACIA-POINT-YALAHA-FL-34797/O6363405/32/ HTTP/1.1" 200 84358 "" "Mozilla/5.0 AppleWebKit/537.36 (KHTML, like Gecko; compatible; bingbot/2.0; +http://www.bing.com/bingbot.htm) Chrome/116.0.1938.76 Safari/537.36" www.jeanscotthomes.com MISS
66.249.74.162 - - [28/Nov/2025:01:44:59 +0000] "GET /real-estate-market-news/central-florida-home-sales/april-2024/page/2/ HTTP/1.1" 301 873 "" "Mozilla/5.0 (Linux; Android 6.0.1; Nexus 5X Build/MMB29P) AppleWebKit/537.36 (KHTML, like Gecko) Chrome/141.0.7390.122 Mobile Safari/537.36 (compatible; Googlebot/2.1; +http://www.google.com/bot.html)" www.jeanscotthomes.com MISS
128.140.8.200 - - [28/Nov/2025:01:45:01 +0000] "GET /wp-cron.php?doing_wp_cron HTTP/1.1" 200 845 "" "Mozilla/4.0 (compatible; cron-job.org; http://cron-job.org/abuse/)" www.jeanscotthomes.com PASS
66.249.74.162 - - [28/Nov/2025:01:45:01 +0000] "GET /real-estate-market-news/central-florida-home-sales/may-2024/page/97/ HTTP/1.1" 301 871 "" "Mozilla/5.0 (Linux; Android 6.0.1; Nexus 5X Build/MMB29P) AppleWebKit/537.36 (KHTML, like Gecko) Chrome/141.0.7390.122 Mobile Safari/537.36 (compatible; Googlebot/2.1; +http://www.google.com/bot.html)" www.jeanscotthomes.com MISS
66.249.74.161 - - [28/Nov/2025:01:45:03 +0000] "GET /real-estate-market-news/central-florida-home-sales/may-2024/ HTTP/1.1" 200 121453 "" "Mozilla/5.0 (Linux; Android 6.0.1; Nexus 5X Build/MMB29P) AppleWebKit/537.36 (KHTML, like Gecko) Chrome/141.0.7390.122 Mobile Safari/537.36 (compatible; Googlebot/2.1; +http://www.google.com/bot.html)" www.jeanscotthomes.com MISS
66.249.74.160 - - [28/Nov/2025:01:45:26 +0000] "GET /homes-details/339-OLD-ALEMANY-PLACE-OVIEDO-FL-32765/O6363579/32/ HTTP/1.1" 200 15598 "" "Mozilla/5.0 (Linux; Android 6.0.1; Nexus 5X Build/MMB29P) AppleWebKit/537.36 (KHTML, like Gecko) Chrome/141.0.7390.122 Mobile Safari/537.36 (compatible; Googlebot/2.1; +http://www.google.com/bot.html)" www.jeanscotthomes.com MISS
136.143.179.51 - - [28/Nov/2025:01:45:30 +0000] "GET / HTTP/1.1" 200 31093 "" "Site24x7" www.jeanscotthomes.com HIT
66.249.74.162 - - [28/Nov/2025:01:46:01 +0000] "GET /real-estate-market-news/central-florida-home-sales/april-2024/page/48/ HTTP/1.1" 301 874 "" "Mozilla/5.0 (Linux; Android 6.0.1; Nexus 5X Build/MMB29P) AppleWebKit/537.36 (KHTML, like Gecko) Chrome/141.0.7390.122 Mobile Safari/537.36 (compatible; Googlebot/2.1; +http://www.google.com/bot.html)" www.jeanscotthomes.com MISS
40.77.167.76 - - [28/Nov/2025:01:46:29 +0000] "GET /homes-details/339-OLD-ALEMANY-PLACE-OVIEDO-FL-32765/O6363579/32/ HTTP/1.1" 200 84388 "" "Mozilla/5.0 AppleWebKit/537.36 (KHTML, like Gecko; compatible; bingbot/2.0; +http://www.bing.com/bingbot.htm) Chrome/116.0.1938.76 Safari/537.36" www.jeanscotthomes.com MISS
40.77.167.76 - - [28/Nov/2025:01:46:31 +0000] "GET /homes-details/4-WOODEN-SHOE-LANE-LONGWOOD-FL-32750/O6360634/32/ HTTP/1.1" 200 84385 "" "Mozilla/5.0 AppleWebKit/537.36 (KHTML, like Gecko; compatible; bingbot/2.0; +http://www.bing.com/bingbot.htm) Chrome/116.0.1938.76 Safari/537.36" www.jeanscotthomes.com MISS
66.249.74.162 - - [28/Nov/2025:01:47:25 +0000] "GET /real-estate-market-news/central-florida-home-sales/may-2024/page/28/ HTTP/1.1" 301 872 "" "Mozilla/5.0 (Linux; Android 6.0.1; Nexus 5X Build/MMB29P) AppleWebKit/537.36 (KHTML, like Gecko) Chrome/141.0.7390.122 Mobile Safari/537.36 (compatible; Googlebot/2.1; +http://www.google.com/bot.html)" www.jeanscotthomes.com MISS
66.249.74.160 - - [28/Nov/2025:01:47:47 +0000] "GET /homes-details/123-HOLLIE-COURT-MAITLAND-FL-32751/O6357907/32/ HTTP/1.1" 200 84374 "" "Mozilla/5.0 (Linux; Android 6.0.1; Nexus 5X Build/MMB29P) AppleWebKit/537.36 (KHTML, like Gecko) Chrome/141.0.7390.122 Mobile Safari/537.36 (compatible; Googlebot/2.1; +http://www.google.com/bot.html)" www.jeanscotthomes.com MISS
66.249.74.162 - - [28/Nov/2025:01:48:26 +0000] "GET /real-estate-market-news/central-florida-home-sales/april-2024/page/102/ HTTP/1.1" 301 874 "" "Mozilla/5.0 (Linux; Android 6.0.1; Nexus 5X Build/MMB29P) AppleWebKit/537.36 (KHTML, like Gecko) Chrome/141.0.7390.122 Mobile Safari/537.36 (compatible; Googlebot/2.1; +http://www.google.com/bot.html)" www.jeanscotthomes.com MISS
66.249.74.160 - - [28/Nov/2025:01:50:09 +0000] "GET /featured-listings/160-reserve-cir-100-oviedo-fl-32765/ HTTP/1.1" 200 25212 "" "Mozilla/5.0 (Linux; Android 6.0.1; Nexus 5X Build/MMB29P) AppleWebKit/537.36 (KHTML, like Gecko) Chrome/141.0.7390.122 Mobile Safari/537.36 (compatible; Googlebot/2.1; +http://www.google.com/bot.html)" www.jeanscotthomes.com MISS
136.143.178.50 - - [28/Nov/2025:01:50:31 +0000] "GET / HTTP/1.1" 200 31093 "" "Site24x7" www.jeanscotthomes.com HIT
40.77.167.19 - - [28/Nov/2025:01:51:31 +0000] "GET /homes-details/1456-HOPEDALE-PL-SANFORD-FL-32771/S5134763/32/ HTTP/1.1" 200 84384 "" "Mozilla/5.0 AppleWebKit/537.36 (KHTML, like Gecko; compatible; bingbot/2.0; +http://www.bing.com/bingbot.htm) Chrome/116.0.1938.76 Safari/537.36" www.jeanscotthomes.com MISS
66.249.74.160 - - [28/Nov/2025:01:52:12 +0000] "GET /homes-details/151-LAKESIDE-DRIVE-SANFORD-FL-32773/A4669682/32/ HTTP/1.1" 200 84377 "" "Mozilla/5.0 (Linux; Android 6.0.1; Nexus 5X Build/MMB29P) AppleWebKit/537.36 (KHTML, like Gecko) Chrome/141.0.7390.122 Mobile Safari/537.36 (compatible; Googlebot/2.1; +http://www.google.com/bot.html)" www.jeanscotthomes.com MISS
52.167.144.174 - - [28/Nov/2025:01:53:13 +0000] "GET /homes-details/14510-QUAIL-TRAIL-CIR-ORLANDO-FL-32837/O6355641/32/ HTTP/1.1" 200 84414 "" "Mozilla/5.0 AppleWebKit/537.36 (KHTML, like Gecko; compatible; bingbot/2.0; +http://www.bing.com/bingbot.htm) Chrome/116.0.1938.76 Safari/537.36" www.jeanscotthomes.com MISS
40.77.167.19 - - [28/Nov/2025:01:53:51 +0000] "GET /homes-details/151-LAKESIDE-DRIVE-SANFORD-FL-32773/A4669682/32/ HTTP/1.1" 200 15576 "" "Mozilla/5.0 AppleWebKit/537.36 (KHTML, like Gecko; compatible; bingbot/2.0; +http://www.bing.com/bingbot.htm) Chrome/116.0.1938.76 Safari/537.36" www.jeanscotthomes.com MISS
66.249.74.160 - - [28/Nov/2025:01:53:52 +0000] "GET /homes-details/416-TENNESSEE-AVENUE-ST-CLOUD-FL-34769/S5137512/32/ HTTP/1.1" 200 84398 "" "Mozilla/5.0 (Linux; Android 6.0.1; Nexus 5X Build/MMB29P) AppleWebKit/537.36 (KHTML, like Gecko) Chrome/141.0.7390.122 Mobile Safari/537.36 (compatible; Googlebot/2.1; +http://www.google.com/bot.html)" www.jeanscotthomes.com MISS
52.167.144.156 - - [28/Nov/2025:01:54:02 +0000] "GET /properties-2/140816-2456-SEDGE-GRASS-WAY-ORLANDO-Florida-32824-Residential/ HTTP/1.1" 301 846 "" "Mozilla/5.0 AppleWebKit/537.36 (KHTML, like Gecko; compatible; bingbot/2.0; +http://www.bing.com/bingbot.htm) Chrome/116.0.1938.76 Safari/537.36" jeanscotthomes.com MISS
52.167.144.174 - - [28/Nov/2025:01:54:02 +0000] "GET /page/32/ HTTP/1.1" 410 85842 "" "Mozilla/5.0 AppleWebKit/537.36 (KHTML, like Gecko; compatible; bingbot/2.0; +http://www.bing.com/bingbot.htm) Chrome/116.0.1938.76 Safari/537.36" www.jeanscotthomes.com PASS
66.249.74.160 - - [28/Nov/2025:01:54:13 +0000] "GET /real-estate-market-news/central-florida-home-sales/april-2024/page/9/ HTTP/1.1" 301 874 "" "Mozilla/5.0 (Linux; Android 6.0.1; Nexus 5X Build/MMB29P) AppleWebKit/537.36 (KHTML, like Gecko) Chrome/141.0.7390.122 Mobile Safari/537.36 (compatible; Googlebot/2.1; +http://www.google.com/bot.html)" www.jeanscotthomes.com MISS
136.143.178.51 - - [28/Nov/2025:01:55:32 +0000] "GET / HTTP/1.1" 200 31093 "" "Site24x7" www.jeanscotthomes.com HIT
52.167.144.191 - - [28/Nov/2025:01:57:01 +0000] "GET /homes-details/3177-MONTSERRAT-PLACE-KISSIMMEE-FL-34743/S5138815/32/ HTTP/1.1" 200 84412 "" "Mozilla/5.0 AppleWebKit/537.36 (KHTML, like Gecko; compatible; bingbot/2.0; +http://www.bing.com/bingbot.htm) Chrome/116.0.1938.76 Safari/537.36" www.jeanscotthomes.com MISS
17.22.237.18 - - [28/Nov/2025:01:57:05 +0000] "GET /featured-listings/14514-clarkson-dr-orlando-fl-32828/ HTTP/1.1" 200 163341 "" "Mozilla/5.0 (Macintosh; Intel Mac OS X 10_15_7) AppleWebKit/605.1.15 (KHTML, like Gecko) Version/17.4 Safari/605.1.15 (Applebot/0.1; +http://www.apple.com/go/applebot)" www.jeanscotthomes.com MISS
52.167.144.191 - - [28/Nov/2025:01:57:05 +0000] "GET /homes-details/3631-SAINT-MORITZ-STREET-BELLE-ISLE-FL-32812/O6356495/32/ HTTP/1.1" 200 84438 "" "Mozilla/5.0 AppleWebKit/537.36 (KHTML, like Gecko; compatible; bingbot/2.0; +http://www.bing.com/bingbot.htm) Chrome/116.0.1938.76 Safari/537.36" www.jeanscotthomes.com MISS
66.249.74.169 - - [28/Nov/2025:01:57:23 +0000] "GET /real-estate-market-news/central-florida-home-sales/april-2024/page/34/ HTTP/1.1" 301 873 "" "Mozilla/5.0 (Linux; Android 6.0.1; Nexus 5X Build/MMB29P) AppleWebKit/537.36 (KHTML, like Gecko) Chrome/141.0.7390.122 Mobile Safari/537.36 (compatible; Googlebot/2.1; +http://www.google.com/bot.html)" www.jeanscotthomes.com MISS
66.249.74.169 - - [28/Nov/2025:01:57:35 +0000] "GET /real-estate-market-news/central-florida-home-sales/march-2025/ HTTP/1.1" 200 121163 "" "Mozilla/5.0 (Linux; Android 6.0.1; Nexus 5X Build/MMB29P) AppleWebKit/537.36 (KHTML, like Gecko) Chrome/141.0.7390.122 Mobile Safari/537.36 (compatible; Googlebot/2.1; +http://www.google.com/bot.html)" www.jeanscotthomes.com MISS
52.167.144.197 - - [28/Nov/2025:01:59:14 +0000] "GET /featured-listing/chuluota-florida/441-center-st-chuluota-fl-32766/ HTTP/1.1" 301 861 "" "Mozilla/5.0 AppleWebKit/537.36 (KHTML, like Gecko; compatible; bingbot/2.0; +http://www.bing.com/bingbot.htm) Chrome/116.0.1938.76 Safari/537.36" www.jeanscotthomes.com MISS
66.249.74.161 - - [28/Nov/2025:01:59:14 +0000] "GET /real-estate-market-news/central-florida-home-sales/april-2024/page/38/ HTTP/1.1" 301 874 "" "Mozilla/5.0 (Linux; Android 6.0.1; Nexus 5X Build/MMB29P) AppleWebKit/537.36 (KHTML, like Gecko) Chrome/141.0.7390.122 Mobile Safari/537.36 (compatible; Googlebot/2.1; +http://www.google.com/bot.html)" www.jeanscotthomes.com MISS
128.140.8.200 - - [28/Nov/2025:02:00:03 +0000] "GET /wp-cron.php?doing_wp_cron HTTP/1.1" 200 845 "" "Mozilla/4.0 (compatible; cron-job.org; http://cron-job.org/abuse/)" www.jeanscotthomes.com PASS
52.167.144.197 - - [28/Nov/2025:02:00:13 +0000] "GET /homes-details/3680-MARLBERRY-LN-SANFORD-FL-32773/O6350457/32/ HTTP/1.1" 200 15597 "" "Mozilla/5.0 AppleWebKit/537.36 (KHTML, like Gecko; compatible; bingbot/2.0; +http://www.bing.com/bingbot.htm) Chrome/116.0.1938.76 Safari/537.36" www.jeanscotthomes.com MISS
136.143.178.50 - - [28/Nov/2025:02:00:33 +0000] "GET / HTTP/1.1" 200 31093 "" "Site24x7" www.jeanscotthomes.com HIT
40.77.167.61 - - [28/Nov/2025:02:00:53 +0000] "GET /homes-details/30021-DONNINGTON-LOOP-MOUNT-DORA-FL-32757/O6358167/32/ HTTP/1.1" 200 15602 "" "Mozilla/5.0 AppleWebKit/537.36 (KHTML, like Gecko; compatible; bingbot/2.0; +http://www.bing.com/bingbot.htm) Chrome/116.0.1938.76 Safari/537.36" www.jeanscotthomes.com MISS
66.249.74.161 - - [28/Nov/2025:02:01:15 +0000] "GET /real-estate-market-news/central-florida-home-sales/april-2024/page/92/ HTTP/1.1" 301 873 "" "Mozilla/5.0 (Linux; Android 6.0.1; Nexus 5X Build/MMB29P) AppleWebKit/537.36 (KHTML, like Gecko) Chrome/141.0.7390.122 Mobile Safari/537.36 (compatible; Googlebot/2.1; +http://www.google.com/bot.html)" www.jeanscotthomes.com MISS
66.249.74.169 - - [28/Nov/2025:02:01:17 +0000] "GET /real-estate-market-news/central-florida-home-sales/april-2024/page/74/ HTTP/1.1" 301 873 "" "Mozilla/5.0 (Linux; Android 6.0.1; Nexus 5X Build/MMB29P) AppleWebKit/537.36 (KHTML, like Gecko) Chrome/141.0.7390.122 Mobile Safari/537.36 (compatible; Googlebot/2.1; +http://www.google.com/bot.html)" www.jeanscotthomes.com MISS
52.167.144.197 - - [28/Nov/2025:02:01:31 +0000] "GET /homes-details/20167-QUINN-STREET-ORLANDO-FL-32833/O6358533/32/ HTTP/1.1" 200 84377 "" "Mozilla/5.0 AppleWebKit/537.36 (KHTML, like Gecko; compatible; bingbot/2.0; +http://www.bing.com/bingbot.htm) Chrome/116.0.1938.76 Safari/537.36" www.jeanscotthomes.com MISS
52.167.144.191 - - [28/Nov/2025:02:01:42 +0000] "GET /homes-details/4219-PEBBLES-THROW-DRIVE-KISSIMMEE-FL-34746/O6357463/32/ HTTP/1.1" 200 84429 "" "Mozilla/5.0 AppleWebKit/537.36 (KHTML, like Gecko; compatible; bingbot/2.0; +http://www.bing.com/bingbot.htm) Chrome/116.0.1938.76 Safari/537.36" www.jeanscotthomes.com MISS
52.167.144.191 - - [28/Nov/2025:02:01:43 +0000] "GET /homes-details/7419-SANDSTONE-DRIVE-GROVELAND-FL-34736/A4669958/32/ HTTP/1.1" 200 84405 "" "Mozilla/5.0 AppleWebKit/537.36 (KHTML, like Gecko; compatible; bingbot/2.0; +http://www.bing.com/bingbot.htm) Chrome/116.0.1938.76 Safari/537.36" www.jeanscotthomes.com MISS
66.249.74.169 - - [28/Nov/2025:02:01:45 +0000] "GET /homes-details/904-W-NEW-HAMPSHIRE-STREET-ORLANDO-FL-32804/O6357390/32/ HTTP/1.1" 200 84413 "" "Mozilla/5.0 (Linux; Android 6.0.1; Nexus 5X Build/MMB29P) AppleWebKit/537.36 (KHTML, like Gecko) Chrome/141.0.7390.122 Mobile Safari/537.36 (compatible; Googlebot/2.1; +http://www.google.com/bot.html)" www.jeanscotthomes.com MISS
52.167.144.197 - - [28/Nov/2025:02:02:43 +0000] "GET /homes-details/522-HUXFORD-COURT-LAKE-MARY-FL-32746/O6353181/32/ HTTP/1.1" 200 84388 "" "Mozilla/5.0 AppleWebKit/537.36 (KHTML, like Gecko; compatible; bingbot/2.0; +http://www.bing.com/bingbot.htm) Chrome/116.0.1938.76 Safari/537.36" www.jeanscotthomes.com MISS
52.167.144.191 - - [28/Nov/2025:02:03:21 +0000] "GET /homes-details/904-W-NEW-HAMPSHIRE-STREET-ORLANDO-FL-32804/O6357390/32/ HTTP/1.1" 200 84425 "" "Mozilla/5.0 AppleWebKit/537.36 (KHTML, like Gecko; compatible; bingbot/2.0; +http://www.bing.com/bingbot.htm) Chrome/116.0.1938.76 Safari/537.36" www.jeanscotthomes.com MISS
66.249.74.169 - - [28/Nov/2025:02:03:26 +0000] "GET /real-estate-market-news/central-florida-home-sales/april-2024/page/129/ HTTP/1.1" 301 873 "" "Mozilla/5.0 (Linux; Android 6.0.1; Nexus 5X Build/MMB29P) AppleWebKit/537.36 (KHTML, like Gecko) Chrome/141.0.7390.122 Mobile Safari/537.36 (compatible; Googlebot/2.1; +http://www.google.com/bot.html)" www.jeanscotthomes.com MISS
13.65.138.117 - - [28/Nov/2025:02:03:31 +0000] "GET / HTTP/1.1" 301 768 "" "Mozilla/5.0 AppleWebKit/537.36 (KHTML, like Gecko); compatible; ChatGPT-User/1.0; +https://openai.com/bot" jeanscotthomes.com HIT
40.77.167.61 - - [28/Nov/2025:02:05:02 +0000] "GET /homes-details/2639-BETTY-STREET-ORLANDO-FL-32803/O6356311/32/ HTTP/1.1" 200 84372 "" "Mozilla/5.0 AppleWebKit/537.36 (KHTML, like Gecko; compatible; bingbot/2.0; +http://www.bing.com/bingbot.htm) Chrome/116.0.1938.76 Safari/537.36" www.jeanscotthomes.com MISS
66.249.74.161 - - [28/Nov/2025:02:05:34 +0000] "GET /real-estate-market-news/central-florida-home-sales/april-2024/page/67/ HTTP/1.1" 301 863 "" "Mozilla/5.0 (Linux; Android 6.0.1; Nexus 5X Build/MMB29P) AppleWebKit/537.36 (KHTML, like Gecko) Chrome/141.0.7390.122 Mobile Safari/537.36 (compatible; Googlebot/2.1; +http://www.google.com/bot.html)" www.jeanscotthomes.com MISS
136.143.179.50 - - [28/Nov/2025:02:05:34 +0000] "GET / HTTP/1.1" 200 31093 "" "Site24x7" www.jeanscotthomes.com HIT
66.249.74.160 - - [28/Nov/2025:02:05:47 +0000] "GET /featured-listings/9504-cannon-dr-orlando-fl-32817/ HTTP/1.1" 200 88786 "" "Mozilla/5.0 (Linux; Android 6.0.1; Nexus 5X Build/MMB29P) AppleWebKit/537.36 (KHTML, like Gecko) Chrome/141.0.7390.122 Mobile Safari/537.36 (compatible; Googlebot/2.1; +http://www.google.com/bot.html)" www.jeanscotthomes.com MISS
40.77.167.61 - - [28/Nov/2025:02:06:45 +0000] "GET /homes-details/227-HOLIDAY-LANE-WINTER-SPRINGS-FL-32708/O6325719/32/ HTTP/1.1" 200 84422 "" "Mozilla/5.0 AppleWebKit/537.36 (KHTML, like Gecko; compatible; bingbot/2.0; +http://www.bing.com/bingbot.htm) Chrome/116.0.1938.76 Safari/537.36" www.jeanscotthomes.com MISS
40.77.167.61 - - [28/Nov/2025:02:06:47 +0000] "GET /properties/332634-44-AVENUE-Ormond-Beach-FL-32174-Residential/ HTTP/1.1" 404 85732 "" "Mozilla/5.0 AppleWebKit/537.36 (KHTML, like Gecko; compatible; bingbot/2.0; +http://www.bing.com/bingbot.htm) Chrome/116.0.1938.76 Safari/537.36" www.jeanscotthomes.com PASS
66.249.74.161 - - [28/Nov/2025:02:07:24 +0000] "GET /real-estate-market-news/central-florida-home-sales/april-2024/page/65/ HTTP/1.1" 301 874 "" "Mozilla/5.0 (Linux; Android 6.0.1; Nexus 5X Build/MMB29P) AppleWebKit/537.36 (KHTML, like Gecko) Chrome/141.0.7390.122 Mobile Safari/537.36 (compatible; Googlebot/2.1; +http://www.google.com/bot.html)" www.jeanscotthomes.com MISS
66.249.74.160 - - [28/Nov/2025:02:08:48 +0000] "GET /homes-details/101-ARDSDALE-CT-LONGWOOD-FL-32750/O6337703/32/ HTTP/1.1" 200 15587 "" "Mozilla/5.0 (Linux; Android 6.0.1; Nexus 5X Build/MMB29P) AppleWebKit/537.36 (KHTML, like Gecko) Chrome/141.0.7390.122 Mobile Safari/537.36 (compatible; Googlebot/2.1; +http://www.google.com/bot.html)" www.jeanscotthomes.com MISS
52.167.144.160 - - [28/Nov/2025:02:09:06 +0000] "GET /properties/326478-/ HTTP/1.1" 404 85782 "" "Mozilla/5.0 AppleWebKit/537.36 (KHTML, like Gecko; compatible; bingbot/2.0; +http://www.bing.com/bingbot.htm) Chrome/116.0.1938.76 Safari/537.36" www.jeanscotthomes.com PASS
66.249.74.160 - - [28/Nov/2025:02:09:51 +0000] "GET /homes-details/2419-LACERTA-DRIVE-ORLANDO-FL-32828/S5123482/32/ HTTP/1.1" 200 84366 "" "Mozilla/5.0 (Linux; Android 6.0.1; Nexus 5X Build/MMB29P) AppleWebKit/537.36 (KHTML, like Gecko) Chrome/141.0.7390.122 Mobile Safari/537.36 (compatible; Googlebot/2.1; +http://www.google.com/bot.html)" www.jeanscotthomes.com MISS
136.143.179.50 - - [28/Nov/2025:02:10:35 +0000] "GET / HTTP/1.1" 200 31093 "" "Site24x7" www.jeanscotthomes.com HIT
20.15.133.162 - - [28/Nov/2025:02:10:59 +0000] "GET /homes-details/2419-LACERTA-DRIVE-ORLANDO-FL-32828/S5123482/32/ HTTP/1.1" 200 84378 "" "Mozilla/5.0 AppleWebKit/537.36 (KHTML, like Gecko; compatible; bingbot/2.0; +http://www.bing.com/bingbot.htm) Chrome/116.0.1938.76 Safari/537.36" www.jeanscotthomes.com MISS
74.125.217.160 - - [28/Nov/2025:02:11:24 +0000] "GET /resources/seminole-county-public-schools/oviedo-high-school/ HTTP/1.1" 200 95750 "" "Mozilla/5.0 (Linux; Android 6.0.1; Nexus 5X Build/MMB29P) AppleWebKit/537.36 (KHTML, like Gecko) Chrome/141.0.7390.122 Mobile Safari/537.36 (compatible; AdsBot-Google-Mobile; +http://www.google.com/mobile/adsbot.html)" www.jeanscotthomes.com MISS
66.249.74.161 - - [28/Nov/2025:02:12:26 +0000] "GET /featured-listings/142-avenue-f-sw-winter-haven-fl-33880/ HTTP/1.1" 200 149685 "" "Mozilla/5.0 (Linux; Android 6.0.1; Nexus 5X Build/MMB29P) AppleWebKit/537.36 (KHTML, like Gecko) Chrome/141.0.7390.122 Mobile Safari/537.36 (compatible; Googlebot/2.1; +http://www.google.com/bot.html)" www.jeanscotthomes.com MISS
66.249.74.160 - - [28/Nov/2025:02:13:23 +0000] "GET /real-estate-market-news/central-florida-home-sales/april-2024/page/141/ HTTP/1.1" 301 873 "" "Mozilla/5.0 (Linux; Android 6.0.1; Nexus 5X Build/MMB29P) AppleWebKit/537.36 (KHTML, like Gecko) Chrome/141.0.7390.122 Mobile Safari/537.36 (compatible; Googlebot/2.1; +http://www.google.com/bot.html)" www.jeanscotthomes.com MISS
128.140.8.200 - - [28/Nov/2025:02:15:02 +0000] "GET /wp-cron.php?doing_wp_cron HTTP/1.1" 200 845 "" "Mozilla/4.0 (compatible; cron-job.org; http://cron-job.org/abuse/)" www.jeanscotthomes.com PASS
66.249.74.169 - - [28/Nov/2025:02:15:02 +0000] "GET /real-estate-market-news/central-florida-home-sales/april-2024/page/144/ HTTP/1.1" 301 874 "" "Mozilla/5.0 (Linux; Android 6.0.1; Nexus 5X Build/MMB29P) AppleWebKit/537.36 (KHTML, like Gecko) Chrome/141.0.7390.122 Mobile Safari/537.36 (compatible; Googlebot/2.1; +http://www.google.com/bot.html)" www.jeanscotthomes.com MISS
66.249.74.160 - - [28/Nov/2025:02:15:10 +0000] "GET /real-estate-market-news/central-florida-home-sales/april-2024/page/43/ HTTP/1.1" 301 873 "" "Mozilla/5.0 (Linux; Android 6.0.1; Nexus 5X Build/MMB29P) AppleWebKit/537.36 (KHTML, like Gecko) Chrome/141.0.7390.122 Mobile Safari/537.36 (compatible; Googlebot/2.1; +http://www.google.com/bot.html)" www.jeanscotthomes.com MISS
52.154.22.55 - - [28/Nov/2025:02:15:15 +0000] "GET /real-estate-market-news/central-florida-home-sales/february-2025/ HTTP/1.1" 200 21126 "" "Mozilla/5.0 AppleWebKit/537.36 (KHTML, like Gecko); compatible; ChatGPT-User/1.0; +https://openai.com/bot" www.jeanscotthomes.com MISS
85.208.96.194 - - [28/Nov/2025:02:15:33 +0000] "GET /properties/440043-8048-STREET-Orlando-FL-32832-Residential/ HTTP/1.1" 404 85779 "" "Mozilla/5.0 (compatible; SemrushBot/7~bl; +http://www.semrush.com/bot.html)" www.jeanscotthomes.com PASS
136.143.178.50 - - [28/Nov/2025:02:15:36 +0000] "GET / HTTP/1.1" 200 31093 "" "Site24x7" www.jeanscotthomes.com HIT
66.249.74.169 - - [28/Nov/2025:02:16:08 +0000] "GET /resources/homebuyers/when-do-i-get-the-keys/ HTTP/1.1" 200 102690 "" "Mozilla/5.0 (Linux; Android 6.0.1; Nexus 5X Build/MMB29P) AppleWebKit/537.36 (KHTML, like Gecko) Chrome/141.0.7390.122 Mobile Safari/537.36 (compatible; Googlebot/2.1; +http://www.google.com/bot.html)" www.jeanscotthomes.com MISS
74.125.217.160 - - [28/Nov/2025:02:17:28 +0000] "GET /resources/home-sellers/our-listing-specialist/ HTTP/1.1" 200 28694 "" "Mozilla/5.0 (Linux; Android 6.0.1; Nexus 5X Build/MMB29P) AppleWebKit/537.36 (KHTML, like Gecko) Chrome/141.0.7390.122 Mobile Safari/537.36 (compatible; AdsBot-Google-Mobile; +http://www.google.com/mobile/adsbot.html)" www.jeanscotthomes.com MISS
66.249.74.161 - - [28/Nov/2025:02:18:31 +0000] "GET /homes-details/1103-SHAFFER-TRAIL-OVIEDO-FL-32765/O6363561/32/ HTTP/1.1" 200 84369 "" "Mozilla/5.0 (Linux; Android 6.0.1; Nexus 5X Build/MMB29P) AppleWebKit/537.36 (KHTML, like Gecko) Chrome/141.0.7390.122 Mobile Safari/537.36 (compatible; Googlebot/2.1; +http://www.google.com/bot.html)" www.jeanscotthomes.com MISS
66.249.74.160 - - [28/Nov/2025:02:18:34 +0000] "GET /homes-details/3239-ADDISON-BOULEVARD-ST-CLOUD-FL-34771/O6360290/32/ HTTP/1.1" 200 84409 "" "Mozilla/5.0 (Linux; Android 6.0.1; Nexus 5X Build/MMB29P) AppleWebKit/537.36 (KHTML, like Gecko) Chrome/141.0.7390.122 Mobile Safari/537.36 (compatible; Googlebot/2.1; +http://www.google.com/bot.html)" www.jeanscotthomes.com MISS
52.167.144.163 - - [28/Nov/2025:02:19:23 +0000] "GET /homes-details/1103-SHAFFER-TRAIL-OVIEDO-FL-32765/O6363561/32/ HTTP/1.1" 200 84368 "" "Mozilla/5.0 AppleWebKit/537.36 (KHTML, like Gecko; compatible; bingbot/2.0; +http://www.bing.com/bingbot.htm) Chrome/116.0.1938.76 Safari/537.36" www.jeanscotthomes.com MISS
136.143.178.50 - - [28/Nov/2025:02:20:37 +0000] "GET / HTTP/1.1" 200 31093 "" "Site24x7" www.jeanscotthomes.com HIT
66.249.74.161 - - [28/Nov/2025:02:21:29 +0000] "GET /homes-details/1230-GOLDEN-LN-ORLANDO-FL-32804/O6356345/32/ HTTP/1.1" 200 84365 "" "Mozilla/5.0 (Linux; Android 6.0.1; Nexus 5X Build/MMB29P) AppleWebKit/537.36 (KHTML, like Gecko) Chrome/141.0.7390.122 Mobile Safari/537.36 (compatible; Googlebot/2.1; +http://www.google.com/bot.html)" www.jeanscotthomes.com MISS
185.191.171.17 - - [28/Nov/2025:02:22:15 +0000] "GET /properties/444032-2410-BOULEVARD-Cape-Coral-FL-33990-Residential/ HTTP/1.1" 404 85734 "" "Mozilla/5.0 (compatible; SemrushBot/7~bl; +http://www.semrush.com/bot.html)" www.jeanscotthomes.com PASS
52.167.144.163 - - [28/Nov/2025:02:22:23 +0000] "GET /homes-details/113-VENICE-LANE-KISSIMMEE-FL-34759/O6356845/32/ HTTP/1.1" 200 84375 "" "Mozilla/5.0 AppleWebKit/537.36 (KHTML, like Gecko; compatible; bingbot/2.0; +http://www.bing.com/bingbot.htm) Chrome/116.0.1938.76 Safari/537.36" www.jeanscotthomes.com MISS
40.77.167.132 - - [28/Nov/2025:02:22:28 +0000] "GET /homes-details/1502-E-GORE-STREET-ORLANDO-FL-32806/O6362413/32/ HTTP/1.1" 200 84377 "" "Mozilla/5.0 AppleWebKit/537.36 (KHTML, like Gecko; compatible; bingbot/2.0; +http://www.bing.com/bingbot.htm) Chrome/116.0.1938.76 Safari/537.36" www.jeanscotthomes.com MISS
52.167.144.163 - - [28/Nov/2025:02:23:03 +0000] "GET /homes-details/11807-PADUA-LN-ORLANDO-FL-32827/O6343624/32/ HTTP/1.1" 200 84365 "" "Mozilla/5.0 AppleWebKit/537.36 (KHTML, like Gecko; compatible; bingbot/2.0; +http://www.bing.com/bingbot.htm) Chrome/116.0.1938.76 Safari/537.36" www.jeanscotthomes.com MISS
40.77.167.132 - - [28/Nov/2025:02:23:14 +0000] "GET /homes-details/2883-HORNBILL-DRIVE-ST-CLOUD-FL-34772/O6352302/32/ HTTP/1.1" 200 15599 "" "Mozilla/5.0 AppleWebKit/537.36 (KHTML, like Gecko; compatible; bingbot/2.0; +http://www.bing.com/bingbot.htm) Chrome/116.0.1938.76 Safari/537.36" www.jeanscotthomes.com MISS
66.249.74.161 - - [28/Nov/2025:02:23:25 +0000] "GET /real-estate-market-news/central-florida-home-sales/april-2024/page/99/ HTTP/1.1" 301 874 "" "Mozilla/5.0 (Linux; Android 6.0.1; Nexus 5X Build/MMB29P) AppleWebKit/537.36 (KHTML, like Gecko) Chrome/141.0.7390.122 Mobile Safari/537.36 (compatible; Googlebot/2.1; +http://www.google.com/bot.html)" www.jeanscotthomes.com MISS
66.249.74.161 - - [28/Nov/2025:02:23:28 +0000] "GET /real-estate-market-news/central-florida-home-sales/april-2024/page/27/ HTTP/1.1" 301 873 "" "Mozilla/5.0 (Linux; Android 6.0.1; Nexus 5X Build/MMB29P) AppleWebKit/537.36 (KHTML, like Gecko) Chrome/141.0.7390.122 Mobile Safari/537.36 (compatible; Googlebot/2.1; +http://www.google.com/bot.html)" www.jeanscotthomes.com MISS
66.249.74.161 - - [28/Nov/2025:02:23:34 +0000] "GET /featured-listings/566-woodfire-way-casselberry-fl-32707/ HTTP/1.1" 200 166508 "" "Mozilla/5.0 (Linux; Android 6.0.1; Nexus 5X Build/MMB29P) AppleWebKit/537.36 (KHTML, like Gecko) Chrome/141.0.7390.122 Mobile Safari/537.36 (compatible; Googlebot/2.1; +http://www.google.com/bot.html)" www.jeanscotthomes.com MISS
52.167.144.163 - - [28/Nov/2025:02:24:25 +0000] "GET /homes-details/952-LEYBURN-DRIVE-DELTONA-FL-32725/O6358336/32/ HTTP/1.1" 200 84372 "" "Mozilla/5.0 AppleWebKit/537.36 (KHTML, like Gecko; compatible; bingbot/2.0; +http://www.bing.com/bingbot.htm) Chrome/116.0.1938.76 Safari/537.36" www.jeanscotthomes.com MISS
136.143.178.51 - - [28/Nov/2025:02:25:38 +0000] "GET / HTTP/1.1" 200 31093 "" "Site24x7" www.jeanscotthomes.com HIT
40.77.167.132 - - [28/Nov/2025:02:27:07 +0000] "GET /properties/326118-/ HTTP/1.1" 404 85720 "" "Mozilla/5.0 AppleWebKit/537.36 (KHTML, like Gecko; compatible; bingbot/2.0; +http://www.bing.com/bingbot.htm) Chrome/116.0.1938.76 Safari/537.36" www.jeanscotthomes.com PASS
66.249.74.160 - - [28/Nov/2025:02:27:16 +0000] "GET /homes-details/19334-BANFIELD-PLACE-ORLANDO-FL-32827/O6342510/32/ HTTP/1.1" 200 84389 "" "Mozilla/5.0 (Linux; Android 6.0.1; Nexus 5X Build/MMB29P) AppleWebKit/537.36 (KHTML, like Gecko) Chrome/141.0.7390.122 Mobile Safari/537.36 (compatible; Googlebot/2.1; +http://www.google.com/bot.html)" www.jeanscotthomes.com MISS
66.249.74.161 - - [28/Nov/2025:02:28:11 +0000] "GET /real-estate-market-news/central-florida-home-sales/april-2024/page/98/ HTTP/1.1" 301 874 "" "Mozilla/5.0 (Linux; Android 6.0.1; Nexus 5X Build/MMB29P) AppleWebKit/537.36 (KHTML, like Gecko) Chrome/141.0.7390.122 Mobile Safari/537.36 (compatible; Googlebot/2.1; +http://www.google.com/bot.html)" www.jeanscotthomes.com MISS
40.77.167.156 - - [28/Nov/2025:02:28:27 +0000] "GET /nextgen-image/683/1653x1080x85/e93faf5dedfd5d6448c212787b5df65a HTTP/1.1" 200 3518 "" "Mozilla/5.0 AppleWebKit/537.36 (KHTML, like Gecko; compatible; bingbot/2.0; +http://www.bing.com/bingbot.htm) Chrome/116.0.1938.76 Safari/537.36" www.jeanscotthomes.com MISS
66.249.74.162 - - [28/Nov/2025:02:29:03 +0000] "GET /real-estate-market-news/central-florida-home-sales/april-2024/page/52/ HTTP/1.1" 301 873 "" "Mozilla/5.0 (Linux; Android 6.0.1; Nexus 5X Build/MMB29P) AppleWebKit/537.36 (KHTML, like Gecko) Chrome/141.0.7390.122 Mobile Safari/537.36 (compatible; Googlebot/2.1; +http://www.google.com/bot.html)" www.jeanscotthomes.com MISS
40.77.167.38 - - [28/Nov/2025:02:29:43 +0000] "GET /homes-details/1712-GOLFSIDE-DRIVE-WINTER-PARK-FL-32792/O6359653/32/ HTTP/1.1" 200 84416 "" "Mozilla/5.0 AppleWebKit/537.36 (KHTML, like Gecko; compatible; bingbot/2.0; +http://www.bing.com/bingbot.htm) Chrome/116.0.1938.76 Safari/537.36" www.jeanscotthomes.com MISS
66.249.74.160 - - [28/Nov/2025:02:29:47 +0000] "GET /real-estate-market-news/central-florida-home-sales/july-2024/page/49/ HTTP/1.1" 301 872 "" "Mozilla/5.0 (Linux; Android 6.0.1; Nexus 5X Build/MMB29P) AppleWebKit/537.36 (KHTML, like Gecko) Chrome/141.0.7390.122 Mobile Safari/537.36 (compatible; Googlebot/2.1; +http://www.google.com/bot.html)" www.jeanscotthomes.com MISS
66.249.74.161 - - [28/Nov/2025:02:29:48 +0000] "GET /real-estate-market-news/central-florida-home-sales/july-2024/ HTTP/1.1" 200 20662 "" "Mozilla/5.0 (Linux; Android 6.0.1; Nexus 5X Build/MMB29P) AppleWebKit/537.36 (KHTML, like Gecko) Chrome/141.0.7390.122 Mobile Safari/537.36 (compatible; Googlebot/2.1; +http://www.google.com/bot.html)" www.jeanscotthomes.com MISS
128.140.8.200 - - [28/Nov/2025:02:30:03 +0000] "GET /wp-cron.php?doing_wp_cron HTTP/1.1" 200 845 "" "Mozilla/4.0 (compatible; cron-job.org; http://cron-job.org/abuse/)" www.jeanscotthomes.com PASS
40.77.167.156 - - [28/Nov/2025:02:30:28 +0000] "GET /homes-details/3932-ALTITUDE-RUN-DAVENPORT-FL-33837/O6359667/32/ HTTP/1.1" 200 84387 "" "Mozilla/5.0 AppleWebKit/537.36 (KHTML, like Gecko; compatible; bingbot/2.0; +http://www.bing.com/bingbot.htm) Chrome/116.0.1938.76 Safari/537.36" www.jeanscotthomes.com MISS
136.143.178.51 - - [28/Nov/2025:02:30:39 +0000] "GET / HTTP/1.1" 200 31093 "" "Site24x7" www.jeanscotthomes.com HIT
185.191.171.9 - - [28/Nov/2025:02:30:45 +0000] "GET /properties/361318-729-Windermere-FL-34786-Residential/ HTTP/1.1" 404 85720 "" "Mozilla/5.0 (compatible; SemrushBot/7~bl; +http://www.semrush.com/bot.html)" www.jeanscotthomes.com PASS
66.249.74.161 - - [28/Nov/2025:02:30:59 +0000] "GET /featured-listings/217-brassington-dr-debary-fl-32713/ HTTP/1.1" 200 19349 "" "Mozilla/5.0 (Linux; Android 6.0.1; Nexus 5X Build/MMB29P) AppleWebKit/537.36 (KHTML, like Gecko) Chrome/141.0.7390.122 Mobile Safari/537.36 (compatible; Googlebot/2.1; +http://www.google.com/bot.html)" www.jeanscotthomes.com MISS
185.191.171.18 - - [28/Nov/2025:02:31:50 +0000] "GET /featured-listings/1438-mt-laurel-dr-winter-springs-fl-32708/ HTTP/1.1" 200 93764 "" "Mozilla/5.0 (compatible; SemrushBot/7~bl; +http://www.semrush.com/bot.html)" www.jeanscotthomes.com MISS
66.249.74.160 - - [28/Nov/2025:02:31:58 +0000] "GET /real-estate-market-news/central-florida-home-sales/july-2024/page/120/ HTTP/1.1" 301 860 "" "Mozilla/5.0 (Linux; Android 6.0.1; Nexus 5X Build/MMB29P) AppleWebKit/537.36 (KHTML, like Gecko) Chrome/141.0.7390.122 Mobile Safari/537.36 (compatible; Googlebot/2.1; +http://www.google.com/bot.html)" www.jeanscotthomes.com MISS
40.77.167.38 - - [28/Nov/2025:02:33:09 +0000] "GET /properties/302501-531-US-HIGHWAY-17-92-LONGWOOD-Florida-32750-Commercial-Lease/ HTTP/1.1" 404 85740 "" "Mozilla/5.0 AppleWebKit/537.36 (KHTML, like Gecko; compatible; bingbot/2.0; +http://www.bing.com/bingbot.htm) Chrome/116.0.1938.76 Safari/537.36" www.jeanscotthomes.com PASS
52.167.144.197 - - [28/Nov/2025:02:34:09 +0000] "GET /properties/297189-10138-CHILTERN-GARDEN-DRIVE-ORLANDO-Florida-32827-Residential/ HTTP/1.1" 404 85720 "" "Mozilla/5.0 AppleWebKit/537.36 (KHTML, like Gecko; compatible; bingbot/2.0; +http://www.bing.com/bingbot.htm) Chrome/116.0.1938.76 Safari/537.36" www.jeanscotthomes.com PASS
66.249.74.161 - - [28/Nov/2025:02:34:17 +0000] "GET /real-estate-market-news/central-florida-home-sales/july-2024/page/54/ HTTP/1.1" 301 872 "" "Mozilla/5.0 (Linux; Android 6.0.1; Nexus 5X Build/MMB29P) AppleWebKit/537.36 (KHTML, like Gecko) Chrome/141.0.7390.122 Mobile Safari/537.36 (compatible; Googlebot/2.1; +http://www.google.com/bot.html)" www.jeanscotthomes.com MISS
66.249.74.160 - - [28/Nov/2025:02:34:42 +0000] "GET /about-us/realtors-staff/karen-fryer-associate-operations-manager/ HTTP/1.1" 200 95590 "" "Mozilla/5.0 (Linux; Android 6.0.1; Nexus 5X Build/MMB29P) AppleWebKit/537.36 (KHTML, like Gecko) Chrome/141.0.7390.122 Mobile Safari/537.36 (compatible; Googlebot/2.1; +http://www.google.com/bot.html)" www.jeanscotthomes.com MISS
136.143.179.51 - - [28/Nov/2025:02:35:40 +0000] "GET / HTTP/1.1" 200 31093 "" "Site24x7" www.jeanscotthomes.com HIT
66.249.74.161 - - [28/Nov/2025:02:36:28 +0000] "GET /real-estate-market-news/central-florida-home-sales/july-2024/page/90/ HTTP/1.1" 301 872 "" "Mozilla/5.0 (Linux; Android 6.0.1; Nexus 5X Build/MMB29P) AppleWebKit/537.36 (KHTML, like Gecko) Chrome/141.0.7390.122 Mobile Safari/537.36 (compatible; Googlebot/2.1; +http://www.google.com/bot.html)" www.jeanscotthomes.com MISS
66.249.74.160 - - [28/Nov/2025:02:36:58 +0000] "GET /real-estate-market-news/central-florida-home-sales/july-2024/page/46/ HTTP/1.1" 301 860 "" "Mozilla/5.0 (Linux; Android 6.0.1; Nexus 5X Build/MMB29P) AppleWebKit/537.36 (KHTML, like Gecko) Chrome/141.0.7390.122 Mobile Safari/537.36 (compatible; Googlebot/2.1; +http://www.google.com/bot.html)" www.jeanscotthomes.com MISS
66.249.74.160 - - [28/Nov/2025:02:37:01 +0000] "GET /real-estate-market-news/central-florida-home-sales/july-2024/page/53/ HTTP/1.1" 301 872 "" "Mozilla/5.0 (Linux; Android 6.0.1; Nexus 5X Build/MMB29P) AppleWebKit/537.36 (KHTML, like Gecko) Chrome/141.0.7390.122 Mobile Safari/537.36 (compatible; Googlebot/2.1; +http://www.google.com/bot.html)" www.jeanscotthomes.com MISS
66.249.74.160 - - [28/Nov/2025:02:37:07 +0000] "GET /real-estate-market-news/central-florida-home-sales/february-2024/page/35/ HTTP/1.1" 301 876 "" "Mozilla/5.0 (Linux; Android 6.0.1; Nexus 5X Build/MMB29P) AppleWebKit/537.36 (KHTML, like Gecko) Chrome/141.0.7390.122 Mobile Safari/537.36 (compatible; Googlebot/2.1; +http://www.google.com/bot.html)" www.jeanscotthomes.com MISS
66.249.74.160 - - [28/Nov/2025:02:37:16 +0000] "GET /real-estate-market-news/central-florida-home-sales/february-2024/page/27/ HTTP/1.1" 301 864 "" "Mozilla/5.0 (Linux; Android 6.0.1; Nexus 5X Build/MMB29P) AppleWebKit/537.36 (KHTML, like Gecko) Chrome/141.0.7390.122 Mobile Safari/537.36 (compatible; Googlebot/2.1; +http://www.google.com/bot.html)" www.jeanscotthomes.com MISS
40.77.167.156 - - [28/Nov/2025:02:38:08 +0000] "GET /real-estate-market-news/central-florida-home-sales/february-2024/page/36/ HTTP/1.1" 301 877 "" "Mozilla/5.0 AppleWebKit/537.36 (KHTML, like Gecko; compatible; bingbot/2.0; +http://www.bing.com/bingbot.htm) Chrome/116.0.1938.76 Safari/537.36" www.jeanscotthomes.com MISS
66.249.74.160 - - [28/Nov/2025:02:38:11 +0000] "GET /real-estate-market-news/central-florida-home-sales/february-2024/page/129/ HTTP/1.1" 301 876 "" "Mozilla/5.0 (Linux; Android 6.0.1; Nexus 5X Build/MMB29P) AppleWebKit/537.36 (KHTML, like Gecko) Chrome/141.0.7390.122 Mobile Safari/537.36 (compatible; Googlebot/2.1; +http://www.google.com/bot.html)" www.jeanscotthomes.com MISS
66.249.74.161 - - [28/Nov/2025:02:38:20 +0000] "GET /real-estate-market-news/central-florida-home-sales/february-2024/page/119/ HTTP/1.1" 301 876 "" "Mozilla/5.0 (Linux; Android 6.0.1; Nexus 5X Build/MMB29P) AppleWebKit/537.36 (KHTML, like Gecko) Chrome/141.0.7390.122 Mobile Safari/537.36 (compatible; Googlebot/2.1; +http://www.google.com/bot.html)" www.jeanscotthomes.com MISS
66.249.74.160 - - [28/Nov/2025:02:38:24 +0000] "GET /central-florida-home-search/lakefront-homes-for-sale/ HTTP/1.1" 200 96359 "" "Mozilla/5.0 (Linux; Android 6.0.1; Nexus 5X Build/MMB29P) AppleWebKit/537.36 (KHTML, like Gecko) Chrome/141.0.7390.122 Mobile Safari/537.36 (compatible; Googlebot/2.1; +http://www.google.com/bot.html)" www.jeanscotthomes.com MISS
136.143.179.51 - - [28/Nov/2025:02:40:41 +0000] "GET / HTTP/1.1" 200 31093 "" "Site24x7" www.jeanscotthomes.com HIT
52.167.144.202 - - [28/Nov/2025:02:41:16 +0000] "GET /homes-details/2664-HORSESHOE-BAY-DRIVE-KISSIMMEE-FL-34741/O6363343/32/ HTTP/1.1" 200 84429 "" "Mozilla/5.0 AppleWebKit/537.36 (KHTML, like Gecko; compatible; bingbot/2.0; +http://www.bing.com/bingbot.htm) Chrome/116.0.1938.76 Safari/537.36" www.jeanscotthomes.com MISS
40.77.167.20 - - [28/Nov/2025:02:42:05 +0000] "GET /homes-details/2215-NATOMA-BOULEVARD-MOUNT-DORA-FL-32757/G5099360/32/ HTTP/1.1" 200 15610 "" "Mozilla/5.0 AppleWebKit/537.36 (KHTML, like Gecko; compatible; bingbot/2.0; +http://www.bing.com/bingbot.htm) Chrome/116.0.1938.76 Safari/537.36" www.jeanscotthomes.com MISS
66.249.74.162 - - [28/Nov/2025:02:42:20 +0000] "GET /real-estate-market-news/central-florida-home-sales/february-2024/page/52/ HTTP/1.1" 301 876 "" "Mozilla/5.0 (Linux; Android 6.0.1; Nexus 5X Build/MMB29P) AppleWebKit/537.36 (KHTML, like Gecko) Chrome/141.0.7390.122 Mobile Safari/537.36 (compatible; Googlebot/2.1; +http://www.google.com/bot.html)" www.jeanscotthomes.com MISS
66.249.74.160 - - [28/Nov/2025:02:42:51 +0000] "GET /homes-details/1718-ARLINE-STREET-ORANGE-CITY-FL-32763/V4945643/32/ HTTP/1.1" 200 84410 "" "Mozilla/5.0 (Linux; Android 6.0.1; Nexus 5X Build/MMB29P) AppleWebKit/537.36 (KHTML, like Gecko) Chrome/141.0.7390.122 Mobile Safari/537.36 (compatible; Googlebot/2.1; +http://www.google.com/bot.html)" www.jeanscotthomes.com MISS
66.249.74.162 - - [28/Nov/2025:02:43:01 +0000] "GET /real-estate-market-news/central-florida-home-sales/february-2024/page/83/ HTTP/1.1" 301 876 "" "Mozilla/5.0 (Linux; Android 6.0.1; Nexus 5X Build/MMB29P) AppleWebKit/537.36 (KHTML, like Gecko) Chrome/141.0.7390.122 Mobile Safari/537.36 (compatible; Googlebot/2.1; +http://www.google.com/bot.html)" www.jeanscotthomes.com MISS
66.249.74.161 - - [28/Nov/2025:02:43:16 +0000] "GET /real-estate-market-news/central-florida-home-sales/february-2024/page/9/ HTTP/1.1" 301 865 "" "Mozilla/5.0 (Linux; Android 6.0.1; Nexus 5X Build/MMB29P) AppleWebKit/537.36 (KHTML, like Gecko) Chrome/141.0.7390.122 Mobile Safari/537.36 (compatible; Googlebot/2.1; +http://www.google.com/bot.html)" www.jeanscotthomes.com MISS
52.167.144.147 - - [28/Nov/2025:02:43:35 +0000] "GET /homes-details/1718-ARLINE-STREET-ORANGE-CITY-FL-32763/V4945643/32/ HTTP/1.1" 200 84410 "" "Mozilla/5.0 AppleWebKit/537.36 (KHTML, like Gecko; compatible; bingbot/2.0; +http://www.bing.com/bingbot.htm) Chrome/116.0.1938.76 Safari/537.36" www.jeanscotthomes.com MISS
66.249.72.229 - - [28/Nov/2025:02:43:53 +0000] "GET /homes-details/UNDISCLOSED-ORLANDO-FL-32824/O6362224/32/ HTTP/1.1" 200 84336 "" "Mozilla/5.0 (Linux; Android 6.0.1; Nexus 5X Build/MMB29P) AppleWebKit/537.36 (KHTML, like Gecko) Chrome/141.0.7390.122 Mobile Safari/537.36 (compatible; Googlebot/2.1; +http://www.google.com/bot.html)" www.jeanscotthomes.com MISS
40.77.167.20 - - [28/Nov/2025:02:44:31 +0000] "GET /properties/446135-14271-BOULEVARD-Punta-Gorda-FL-33955-Residential/ HTTP/1.1" 404 85728 "" "Mozilla/5.0 AppleWebKit/537.36 (KHTML, like Gecko; compatible; bingbot/2.0; +http://www.bing.com/bingbot.htm) Chrome/116.0.1938.76 Safari/537.36" www.jeanscotthomes.com PASS
128.140.8.200 - - [28/Nov/2025:02:45:02 +0000] "GET /wp-cron.php?doing_wp_cron HTTP/1.1" 200 845 "" "Mozilla/4.0 (compatible; cron-job.org; http://cron-job.org/abuse/)" www.jeanscotthomes.com PASS
136.143.178.50 - - [28/Nov/2025:02:45:42 +0000] "GET / HTTP/1.1" 200 31093 "" "Site24x7" www.jeanscotthomes.com HIT
66.249.74.160 - - [28/Nov/2025:02:45:55 +0000] "GET /homes-details/1938-FILLY-TRAIL-OVIEDO-FL-32765/O6317227/32/ HTTP/1.1" 200 84358 "" "Mozilla/5.0 (Linux; Android 6.0.1; Nexus 5X Build/MMB29P) AppleWebKit/537.36 (KHTML, like Gecko) Chrome/141.0.7390.122 Mobile Safari/537.36 (compatible; Googlebot/2.1; +http://www.google.com/bot.html)" www.jeanscotthomes.com MISS
52.167.144.202 - - [28/Nov/2025:02:45:56 +0000] "GET /homes-details/1961-BURBERRY-STREET-APOPKA-FL-32703/G5103952/32/ HTTP/1.1" 200 15598 "" "Mozilla/5.0 AppleWebKit/537.36 (KHTML, like Gecko; compatible; bingbot/2.0; +http://www.bing.com/bingbot.htm) Chrome/116.0.1938.76 Safari/537.36" www.jeanscotthomes.com MISS
85.208.96.211 - - [28/Nov/2025:02:49:09 +0000] "GET /properties/1288571-5535-Sarasota-FL-34235-Residential/ HTTP/1.1" 404 85776 "" "Mozilla/5.0 (compatible; SemrushBot/7~bl; +http://www.semrush.com/bot.html)" www.jeanscotthomes.com PASS
66.249.74.161 - - [28/Nov/2025:02:49:59 +0000] "GET /homes-details/619-BROADWAY-AVE-UNIT-8-ORLANDO-FL-32803/O6341033/32/ HTTP/1.1" 200 84402 "" "Mozilla/5.0 (Linux; Android 6.0.1; Nexus 5X Build/MMB29P) AppleWebKit/537.36 (KHTML, like Gecko) Chrome/141.0.7390.122 Mobile Safari/537.36 (compatible; Googlebot/2.1; +http://www.google.com/bot.html)" www.jeanscotthomes.com MISS
66.249.74.162 - - [28/Nov/2025:02:50:02 +0000] "GET /featured-listings/1650-ashland-trl-oviedo-fl-32765/ HTTP/1.1" 200 23796 "" "Mozilla/5.0 (Linux; Android 6.0.1; Nexus 5X Build/MMB29P) AppleWebKit/537.36 (KHTML, like Gecko) Chrome/141.0.7390.122 Mobile Safari/537.36 (compatible; Googlebot/2.1; +http://www.google.com/bot.html)" www.jeanscotthomes.com MISS
66.249.74.160 - - [28/Nov/2025:02:50:10 +0000] "GET /resources/home-sellers/listing-consultation-with-jean-scott/ HTTP/1.1" 200 96475 "" "Mozilla/5.0 (Linux; Android 6.0.1; Nexus 5X Build/MMB29P) AppleWebKit/537.36 (KHTML, like Gecko) Chrome/141.0.7390.122 Mobile Safari/537.36 (compatible; Googlebot/2.1; +http://www.google.com/bot.html)" www.jeanscotthomes.com MISS
136.143.179.51 - - [28/Nov/2025:02:50:43 +0000] "GET / HTTP/1.1" 200 31093 "" "Site24x7" www.jeanscotthomes.com HIT
40.77.167.72 - - [28/Nov/2025:02:50:58 +0000] "GET /properties/292568-208-DUNE-CIRCLE-NEW-SMYRNA-BEACH-Florida-32169-Residential/ HTTP/1.1" 404 15874 "" "Mozilla/5.0 AppleWebKit/537.36 (KHTML, like Gecko; compatible; bingbot/2.0; +http://www.bing.com/bingbot.htm) Chrome/116.0.1938.76 Safari/537.36" www.jeanscotthomes.com PASS
66.249.74.160 - - [28/Nov/2025:02:51:11 +0000] "GET /homes-details/812-E-FLAG-LANE-KISSIMMEE-FL-34759/O6363214/32/ HTTP/1.1" 200 15592 "" "Mozilla/5.0 (Linux; Android 6.0.1; Nexus 5X Build/MMB29P) AppleWebKit/537.36 (KHTML, like Gecko) Chrome/141.0.7390.122 Mobile Safari/537.36 (compatible; Googlebot/2.1; +http://www.google.com/bot.html)" www.jeanscotthomes.com MISS
